Component: ARM Compiler 5.06 update 6 (build 750) Tool: armlink [4d35ed]

==============================================================================

Section Cross References

    startup_stm32f40_41xxx.o(STACK) refers (Special) to heapauxi.o(.text) for __use_two_region_memory
    startup_stm32f40_41xxx.o(HEAP) refers (Special) to heapauxi.o(.text) for __use_two_region_memory
    startup_stm32f40_41xxx.o(RESET) refers (Special) to heapauxi.o(.text) for __use_two_region_memory
    startup_stm32f40_41xxx.o(RESET) refers to startup_stm32f40_41xxx.o(.text) for Reset_Handler
    startup_stm32f40_41xxx.o(RESET) refers to stm32f4xx_it.o(i.NMI_Handler) for NMI_Handler
    startup_stm32f40_41xxx.o(RESET) refers to stm32f4xx_it.o(i.HardFault_Handler) for HardFault_Handler
    startup_stm32f40_41xxx.o(RESET) refers to stm32f4xx_it.o(i.MemManage_Handler) for MemManage_Handler
    startup_stm32f40_41xxx.o(RESET) refers to stm32f4xx_it.o(i.BusFault_Handler) for BusFault_Handler
    startup_stm32f40_41xxx.o(RESET) refers to stm32f4xx_it.o(i.UsageFault_Handler) for UsageFault_Handler
    startup_stm32f40_41xxx.o(RESET) refers to stm32f4xx_it.o(i.SVC_Handler) for SVC_Handler
    startup_stm32f40_41xxx.o(RESET) refers to stm32f4xx_it.o(i.DebugMon_Handler) for DebugMon_Handler
    startup_stm32f40_41xxx.o(RESET) refers to stm32f4xx_it.o(i.PendSV_Handler) for PendSV_Handler
    startup_stm32f40_41xxx.o(RESET) refers to others.o(i.SysTick_Handler) for SysTick_Handler
    startup_stm32f40_41xxx.o(RESET) refers to linetrack.o(i.EXTI1_IRQHandler) for EXTI1_IRQHandler
    startup_stm32f40_41xxx.o(RESET) refers to linetrack.o(i.EXTI2_IRQHandler) for EXTI2_IRQHandler
    startup_stm32f40_41xxx.o(RESET) refers to linetrack.o(i.EXTI3_IRQHandler) for EXTI3_IRQHandler
    startup_stm32f40_41xxx.o(RESET) refers to linetrack.o(i.EXTI4_IRQHandler) for EXTI4_IRQHandler
    startup_stm32f40_41xxx.o(RESET) refers to linetrack.o(i.EXTI9_5_IRQHandler) for EXTI9_5_IRQHandler
    startup_stm32f40_41xxx.o(RESET) refers to usart.o(i.USART1_IRQHandler) for USART1_IRQHandler
    startup_stm32f40_41xxx.o(RESET) refers to others.o(i.TIM6_DAC_IRQHandler) for TIM6_DAC_IRQHandler
    startup_stm32f40_41xxx.o(.text) refers (Special) to heapauxi.o(.text) for __use_two_region_memory
    startup_stm32f40_41xxx.o(.text) refers to system_stm32f4xx.o(i.SystemInit) for SystemInit
    startup_stm32f40_41xxx.o(.text) refers to __main.o(!!!main) for __main
    startup_stm32f40_41xxx.o(.text) refers to startup_stm32f40_41xxx.o(HEAP) for Heap_Mem
    startup_stm32f40_41xxx.o(.text) refers to startup_stm32f40_41xxx.o(STACK) for Stack_Mem
    stm32f4xx_adc.o(i.ADC_DeInit) refers to stm32f4xx_rcc.o(i.RCC_APB2PeriphResetCmd) for RCC_APB2PeriphResetCmd
    stm32f4xx_can.o(i.CAN_DeInit) refers to stm32f4xx_rcc.o(i.RCC_APB1PeriphResetCmd) for RCC_APB1PeriphResetCmd
    stm32f4xx_can.o(i.CAN_GetITStatus) refers to stm32f4xx_can.o(i.CheckITStatus) for CheckITStatus
    stm32f4xx_cryp.o(i.CRYP_DeInit) refers to stm32f4xx_rcc.o(i.RCC_AHB2PeriphResetCmd) for RCC_AHB2PeriphResetCmd
    stm32f4xx_cryp_aes.o(i.CRYP_AES_CBC) refers to stm32f4xx_cryp.o(i.CRYP_KeyStructInit) for CRYP_KeyStructInit
    stm32f4xx_cryp_aes.o(i.CRYP_AES_CBC) refers to stm32f4xx_cryp.o(i.CRYP_FIFOFlush) for CRYP_FIFOFlush
    stm32f4xx_cryp_aes.o(i.CRYP_AES_CBC) refers to stm32f4xx_cryp.o(i.CRYP_Init) for CRYP_Init
    stm32f4xx_cryp_aes.o(i.CRYP_AES_CBC) refers to stm32f4xx_cryp.o(i.CRYP_KeyInit) for CRYP_KeyInit
    stm32f4xx_cryp_aes.o(i.CRYP_AES_CBC) refers to stm32f4xx_cryp.o(i.CRYP_Cmd) for CRYP_Cmd
    stm32f4xx_cryp_aes.o(i.CRYP_AES_CBC) refers to stm32f4xx_cryp.o(i.CRYP_GetFlagStatus) for CRYP_GetFlagStatus
    stm32f4xx_cryp_aes.o(i.CRYP_AES_CBC) refers to stm32f4xx_cryp.o(i.CRYP_IVInit) for CRYP_IVInit
    stm32f4xx_cryp_aes.o(i.CRYP_AES_CBC) refers to stm32f4xx_cryp.o(i.CRYP_GetCmdStatus) for CRYP_GetCmdStatus
    stm32f4xx_cryp_aes.o(i.CRYP_AES_CBC) refers to stm32f4xx_cryp.o(i.CRYP_DataIn) for CRYP_DataIn
    stm32f4xx_cryp_aes.o(i.CRYP_AES_CBC) refers to stm32f4xx_cryp.o(i.CRYP_DataOut) for CRYP_DataOut
    stm32f4xx_cryp_aes.o(i.CRYP_AES_CCM) refers to stm32f4xx_cryp.o(i.CRYP_KeyStructInit) for CRYP_KeyStructInit
    stm32f4xx_cryp_aes.o(i.CRYP_AES_CCM) refers to stm32f4xx_cryp.o(i.CRYP_FIFOFlush) for CRYP_FIFOFlush
    stm32f4xx_cryp_aes.o(i.CRYP_AES_CCM) refers to stm32f4xx_cryp.o(i.CRYP_KeyInit) for CRYP_KeyInit
    stm32f4xx_cryp_aes.o(i.CRYP_AES_CCM) refers to stm32f4xx_cryp.o(i.CRYP_IVInit) for CRYP_IVInit
    stm32f4xx_cryp_aes.o(i.CRYP_AES_CCM) refers to stm32f4xx_cryp.o(i.CRYP_Init) for CRYP_Init
    stm32f4xx_cryp_aes.o(i.CRYP_AES_CCM) refers to stm32f4xx_cryp.o(i.CRYP_PhaseConfig) for CRYP_PhaseConfig
    stm32f4xx_cryp_aes.o(i.CRYP_AES_CCM) refers to stm32f4xx_cryp.o(i.CRYP_DataIn) for CRYP_DataIn
    stm32f4xx_cryp_aes.o(i.CRYP_AES_CCM) refers to stm32f4xx_cryp.o(i.CRYP_Cmd) for CRYP_Cmd
[...]
    Removing stm32f4xx_tim.o(i.TIM_SetCounter), (4 bytes).
    Removing stm32f4xx_tim.o(i.TIM_TIxExternalClockConfig), (62 bytes).
    Removing stm32f4xx_tim.o(i.TIM_TimeBaseStructInit), (18 bytes).
    Removing stm32f4xx_tim.o(i.TIM_UpdateDisableConfig), (24 bytes).
    Removing stm32f4xx_tim.o(i.TIM_UpdateRequestConfig), (24 bytes).
    Removing stm32f4xx_usart.o(.rev16_text), (4 bytes).
    Removing stm32f4xx_usart.o(.revsh_text), (4 bytes).
    Removing stm32f4xx_usart.o(.rrx_text), (6 bytes).
    Removing stm32f4xx_usart.o(i.USART_ClearFlag), (18 bytes).
    Removing stm32f4xx_usart.o(i.USART_ClockInit), (32 bytes).
    Removing stm32f4xx_usart.o(i.USART_ClockStructInit), (12 bytes).
    Removing stm32f4xx_usart.o(i.USART_DMACmd), (18 bytes).
    Removing stm32f4xx_usart.o(i.USART_DeInit), (240 bytes).
    Removing stm32f4xx_usart.o(i.USART_HalfDuplexCmd), (24 bytes).
    Removing stm32f4xx_usart.o(i.USART_IrDACmd), (24 bytes).
    Removing stm32f4xx_usart.o(i.USART_IrDAConfig), (18 bytes).
    Removing stm32f4xx_usart.o(i.USART_LINBreakDetectLengthConfig), (18 bytes).
    Removing stm32f4xx_usart.o(i.USART_LINCmd), (24 bytes).
    Removing stm32f4xx_usart.o(i.USART_OneBitMethodCmd), (24 bytes).
    Removing stm32f4xx_usart.o(i.USART_OverSampling8Cmd), (22 bytes).
    Removing stm32f4xx_usart.o(i.USART_ReceiverWakeUpCmd), (24 bytes).
    Removing stm32f4xx_usart.o(i.USART_SendBreak), (10 bytes).
    Removing stm32f4xx_usart.o(i.USART_SetAddress), (18 bytes).
    Removing stm32f4xx_usart.o(i.USART_SetGuardTime), (16 bytes).
    Removing stm32f4xx_usart.o(i.USART_SetPrescaler), (16 bytes).
    Removing stm32f4xx_usart.o(i.USART_SmartCardCmd), (24 bytes).
    Removing stm32f4xx_usart.o(i.USART_SmartCardNACKCmd), (24 bytes).
    Removing stm32f4xx_usart.o(i.USART_StructInit), (24 bytes).
    Removing stm32f4xx_usart.o(i.USART_WakeUpConfig), (18 bytes).
    Removing stm32f4xx_wwdg.o(.rev16_text), (4 bytes).
    Removing stm32f4xx_wwdg.o(.revsh_text), (4 bytes).
    Removing stm32f4xx_wwdg.o(.rrx_text), (6 bytes).
    Removing stm32f4xx_wwdg.o(i.WWDG_ClearFlag), (12 bytes).
    Removing stm32f4xx_wwdg.o(i.WWDG_DeInit), (22 bytes).
    Removing stm32f4xx_wwdg.o(i.WWDG_Enable), (16 bytes).
    Removing stm32f4xx_wwdg.o(i.WWDG_EnableIT), (12 bytes).
    Removing stm32f4xx_wwdg.o(i.WWDG_GetFlagStatus), (20 bytes).
    Removing stm32f4xx_wwdg.o(i.WWDG_SetCounter), (16 bytes).
    Removing stm32f4xx_wwdg.o(i.WWDG_SetPrescaler), (24 bytes).
    Removing stm32f4xx_wwdg.o(i.WWDG_SetWindowValue), (40 bytes).
    Removing main.o(.rev16_text), (4 bytes).
    Removing main.o(.revsh_text), (4 bytes).
    Removing main.o(.rrx_text), (6 bytes).
    Removing main.o(i.TaskFunction), (18 bytes).
    Removing stm32f4xx_it.o(.rev16_text), (4 bytes).
    Removing stm32f4xx_it.o(.revsh_text), (4 bytes).
    Removing stm32f4xx_it.o(.rrx_text), (6 bytes).
    Removing system_stm32f4xx.o(.rev16_text), (4 bytes).
    Removing system_stm32f4xx.o(.revsh_text), (4 bytes).
    Removing system_stm32f4xx.o(.rrx_text), (6 bytes).
    Removing system_stm32f4xx.o(i.SystemCoreClockUpdate), (192 bytes).
    Removing system_stm32f4xx.o(.data), (20 bytes).
    Removing script.o(.rev16_text), (4 bytes).
    Removing script.o(.revsh_text), (4 bytes).
    Removing script.o(.rrx_text), (6 bytes).
    Removing script.o(i.GetSport), (16 bytes).
    Removing script.o(i.MoveToward), (42 bytes).
    Removing script.o(i.PeekGoods), (16 bytes).
    Removing script.o(i.ScanQRcode), (16 bytes).
    Removing script.o(i.Stop), (36 bytes).
    Removing script.o(.data), (8 bytes).
    Removing test.o(.rev16_text), (4 bytes).
    Removing test.o(.revsh_text), (4 bytes).
    Removing test.o(.rrx_text), (6 bytes).
    Removing test.o(i.DelayAndSYStickTest), (72 bytes).
    Removing test.o(i.SequenceControllerTest), (280 bytes).
    Removing test.o(i.ServerTest), (96 bytes).
    Removing test.o(i.USARTTest), (52 bytes).
    Removing test.o(.constdata), (120 bytes).
    Removing usart.o(.rev16_text), (4 bytes).
    Removing usart.o(.revsh_text), (4 bytes).
    Removing usart.o(.rrx_text), (6 bytes).
    Removing usart.o(i.USART1GetOrder), (48 bytes).
    Removing linetrack.o(.rev16_text), (4 bytes).
    Removing linetrack.o(.revsh_text), (4 bytes).
    Removing linetrack.o(.rrx_text), (6 bytes).
    Removing others.o(.rev16_text), (4 bytes).
    Removing others.o(.revsh_text), (4 bytes).
    Removing others.o(.rrx_text), (6 bytes).
    Removing others.o(i.Delay), (60 bytes).
    Removing others.o(i.DelayS), (34 bytes).
    Removing montordriver.o(.rev16_text), (4 bytes).
    Removing montordriver.o(.revsh_text), (4 bytes).
    Removing montordriver.o(.rrx_text), (6 bytes).
    Removing montordriver.o(i.GetEncoderNum), (64 bytes).
    Removing montordriver.o(i.SetMontorAbsSpeed), (72 bytes).
    Removing montordriver.o(i.SetMontorRotation), (128 bytes).
    Removing montordriver.o(i.SetMontorSpeed), (44 bytes).
    Removing montordriver.o(.data), (16 bytes).
    Removing server.o(.rev16_text), (4 bytes).
    Removing server.o(.revsh_text), (4 bytes).
    Removing server.o(.rrx_text), (6 bytes).
    Removing server.o(i.AngleToPluse), (20 bytes).
    Removing server.o(i.ServerSetAngle), (124 bytes).
    Removing server.o(.constdata), (100 bytes).
    Removing mpu.o(.rev16_text), (4 bytes).
    Removing mpu.o(.revsh_text), (4 bytes).
    Removing mpu.o(.rrx_text), (6 bytes).
    Removing ultrasonic.o(.rev16_text), (4 bytes).
    Removing ultrasonic.o(.revsh_text), (4 bytes).
    Removing ultrasonic.o(.rrx_text), (6 bytes).
    Removing bsp.o(.rev16_text), (4 bytes).
    Removing bsp.o(.revsh_text), (4 bytes).
    Removing bsp.o(.rrx_text), (6 bytes).
    Removing lcd12864.o(.rev16_text), (4 bytes).
    Removing lcd12864.o(.revsh_text), (4 bytes).
    Removing lcd12864.o(.rrx_text), (6 bytes).
    Removing pidcontroller.o(i.FinishOnePIDStep), (100 bytes).
    Removing pidcontroller.o(i.InitOnePIDInstance), (28 bytes).
    Removing sequencecontroller.o(.rev16_text), (4 bytes).
    Removing sequencecontroller.o(.revsh_text), (4 bytes).
    Removing sequencecontroller.o(.rrx_text), (6 bytes).
    Removing sequencecontroller.o(i.SequenceOnStep), (148 bytes).
    Removing sequencecontroller.o(i.SetSequence), (64 bytes).
    Removing sequencecontroller.o(.data), (20 bytes).
    Removing locataor .o(.rev16_text), (4 bytes).
    Removing locataor .o(.revsh_text), (4 bytes).
    Removing locataor .o(.rrx_text), (6 bytes).
    Removing locataor .o(i.LocataorOnStep), (20 bytes).
    Removing locataor .o(i.NewO8LocataorTask), (28 bytes).
    Removing locataor .o(.data), (12 bytes).
    Removing motionanalysis.o(.rev16_text), (4 bytes).
    Removing motionanalysis.o(.revsh_text), (4 bytes).
    Removing motionanalysis.o(.rrx_text), (6 bytes).
    Removing motionanalysis.o(i.ApplyMaskWithFactor), (80 bytes).
    Removing motionanalysis.o(i.MontionAnalysisConfig), (100 bytes).
    Removing motionanalysis.o(i.MotionAnalysisOnStep), (48 bytes).
    Removing motionanalysis.o(i.SetOrientation), (56 bytes).
    Removing motionanalysis.o(.bss), (144 bytes).
    Removing motionanalysis.o(.data), (23 bytes).
    Removing script.o(i.Open), (12 bytes).
    Removing script.o(i.Close), (12 bytes).
    Removing usart.o(i.IsUSART1Receive), (28 bytes).
    Removing others.o(i.GetPartTimeS), (16 bytes).
    Removing others.o(i.GetPartTimeMs), (44 bytes).
    Removing others.o(i.GetPartTimeUs), (28 bytes).
    Removing others.o(i.GetTotalTimeMs), (36 bytes).
    Removing sequencecontroller.o(i.IsSequenceFinished), (12 bytes).
    Removing locataor .o(i.GetRemainCount), (12 bytes).
    Removing motionanalysis.o(i.SetSpeed), (12 bytes).

877 unused section(s) (total 36319 bytes) removed from the image.

==============================================================================

Image Symbol Table

    Local Symbols

    Symbol Name                              Value     Ov Type        Size  Object(Section)

    ../clib/angel/boardlib.s                 0x00000000   Number         0  boardinit3.o ABSOLUTE
    ../clib/angel/boardlib.s                 0x00000000   Number         0  boardinit2.o ABSOLUTE
    ../clib/angel/boardlib.s                 0x00000000   Number         0  boardinit1.o ABSOLUTE
    ../clib/angel/boardlib.s                 0x00000000   Number         0  boardshut.o ABSOLUTE
    ../clib/angel/handlers.s                 0x00000000   Number         0  __scatter_copy.o ABSOLUTE
    ../clib/angel/handlers.s                 0x00000000   Number         0  __scatter_zi.o ABSOLUTE
    ../clib/angel/kernel.s                   0x00000000   Number         0  rtexit2.o ABSOLUTE
    ../clib/angel/kernel.s                   0x00000000   Number         0  rtexit.o ABSOLUTE
    ../clib/angel/kernel.s                   0x00000000   Number         0  __rtentry4.o ABSOLUTE
    ../clib/angel/kernel.s                   0x00000000   Number         0  __rtentry2.o ABSOLUTE
    ../clib/angel/kernel.s                   0x00000000   Number         0  __rtentry.o ABSOLUTE
    ../clib/angel/rt.s                       0x00000000   Number         0  rt_raise.o ABSOLUTE
    ../clib/angel/scatter.s                  0x00000000   Number         0  __scatter.o ABSOLUTE
    ../clib/angel/startup.s                  0x00000000   Number         0  __main.o ABSOLUTE
    ../clib/angel/sys.s                      0x00000000   Number         0  libspace.o ABSOLUTE
    ../clib/angel/sys.s                      0x00000000   Number         0  sys_stackheap_outer.o ABSOLUTE
    ../clib/angel/sys.s                      0x00000000   Number         0  indicate_semi.o ABSOLUTE
    ../clib/angel/sys.s                      0x00000000   Number         0  use_no_semi.o ABSOLUTE
    ../clib/angel/sysapp.c                   0x00000000   Number         0  sys_wrch.o ABSOLUTE
    ../clib/angel/sysapp.c                   0x00000000   Number         0  sys_command.o ABSOLUTE
    ../clib/angel/sysapp.c                   0x00000000   Number         0  sys_exit.o ABSOLUTE
    ../clib/armsys.c                         0x00000000   Number         0  argv_veneer.o ABSOLUTE
    ../clib/armsys.c                         0x00000000   Number         0  _get_argv_nomalloc.o ABSOLUTE
    ../clib/armsys.c                         0x00000000   Number         0  no_argv.o ABSOLUTE
    ../clib/armsys.c                         0x00000000   Number         0  argv_veneer.o ABSOLUTE
    ../clib/heapalloc.c                      0x00000000   Number         0  hrguard.o ABSOLUTE
    ../clib/heapaux.c                        0x00000000   Number         0  heapauxi.o ABSOLUTE
    ../clib/libinit.s                        0x00000000   Number         0  libshutdown.o ABSOLUTE
    ../clib/libinit.s                        0x00000000   Number         0  libshutdown2.o ABSOLUTE
    ../clib/libinit.s                        0x00000000   Number         0  libinit2.o ABSOLUTE
    ../clib/libinit.s                        0x00000000   Number         0  libinit.o ABSOLUTE
    ../clib/signal.c                         0x00000000   Number         0  defsig_pvfn_inner.o ABSOLUTE
    ../clib/signal.c                         0x00000000   Number         0  defsig_stak_inner.o ABSOLUTE
    ../clib/signal.c                         0x00000000   Number         0  defsig_rtmem_inner.o ABSOLUTE
    ../clib/signal.c                         0x00000000   Number         0  defsig_exit.o ABSOLUTE
    ../clib/signal.c                         0x00000000   Number         0  defsig_rtred_inner.o ABSOLUTE
    ../clib/signal.c                         0x00000000   Number         0  defsig_segv_inner.o ABSOLUTE
    ../clib/signal.c                         0x00000000   Number         0  defsig_rtmem_formal.o ABSOLUTE
    ../clib/signal.c                         0x00000000   Number         0  defsig_rtmem_outer.o ABSOLUTE
    ../clib/signal.c                         0x00000000   Number         0  defsig_fpe_inner.o ABSOLUTE
    ../clib/signal.c                         0x00000000   Number         0  defsig_abrt_inner.o ABSOLUTE
    ../clib/signal.c                         0x00000000   Number         0  defsig_other.o ABSOLUTE
    ../clib/signal.c                         0x00000000   Number         0  __raise.o ABSOLUTE
    ../clib/signal.c                         0x00000000   Number         0  defsig_cppl_inner.o ABSOLUTE
    ../clib/signal.c                         0x00000000   Number         0  defsig_general.o ABSOLUTE
    ../clib/signal.s                         0x00000000   Number         0  defsig.o ABSOLUTE
    ../clib/stdlib.c                         0x00000000   Number         0  exit.o ABSOLUTE
    ../fplib/fpinit.s                        0x00000000   Number         0  fpinit.o ABSOLUTE
    ..\BSP\BSP.c                             0x00000000   Number         0  bsp.o ABSOLUTE
    ..\BSP\LCD12864.c                        0x00000000   Number         0  lcd12864.o ABSOLUTE
    ..\BSP\LineTrack.c                       0x00000000   Number         0  linetrack.o ABSOLUTE
    ..\BSP\MPU.c                             0x00000000   Number         0  mpu.o ABSOLUTE
    ..\BSP\MontorDriver.c                    0x00000000   Number         0  montordriver.o ABSOLUTE
    ..\BSP\Others.c                          0x00000000   Number         0  others.o ABSOLUTE
    ..\BSP\Server.c                          0x00000000   Number         0  server.o ABSOLUTE
    ..\BSP\USART.c                           0x00000000   Number         0  usart.o ABSOLUTE
    ..\BSP\Ultrasonic.c                      0x00000000   Number         0  ultrasonic.o ABSOLUTE
    ..\CMSIS\startup_stm32f40_41xxx.s        0x00000000   Number         0  startup_stm32f40_41xxx.o ABSOLUTE
    ..\Control\Locataor .c                   0x00000000   Number         0  locataor .o ABSOLUTE
    ..\Control\MotionAnalysis.c              0x00000000   Number         0  motionanalysis.o ABSOLUTE
    ..\Control\PIDController.c               0x00000000   Number         0  pidcontroller.o ABSOLUTE
    ..\Control\SequenceController.c          0x00000000   Number         0  sequencecontroller.o ABSOLUTE
    ..\Library\src\misc.c                    0x00000000   Number         0  misc.o ABSOLUTE
    ..\Library\src\stm32f4xx_adc.c           0x00000000   Number         0  stm32f4xx_adc.o ABSOLUTE
    ..\Library\src\stm32f4xx_can.c           0x00000000   Number         0  stm32f4xx_can.o ABSOLUTE
    ..\Library\src\stm32f4xx_cec.c           0x00000000   Number         0  stm32f4xx_cec.o ABSOLUTE
    ..\Library\src\stm32f4xx_crc.c           0x00000000   Number         0  stm32f4xx_crc.o ABSOLUTE
    ..\Library\src\stm32f4xx_cryp.c          0x00000000   Number         0  stm32f4xx_cryp.o ABSOLUTE
    ..\Library\src\stm32f4xx_cryp_aes.c      0x00000000   Number         0  stm32f4xx_cryp_aes.o ABSOLUTE
    ..\Library\src\stm32f4xx_cryp_des.c      0x00000000   Number         0  stm32f4xx_cryp_des.o ABSOLUTE
    ..\Library\src\stm32f4xx_cryp_tdes.c     0x00000000   Number         0  stm32f4xx_cryp_tdes.o ABSOLUTE
    ..\Library\src\stm32f4xx_dac.c           0x00000000   Number         0  stm32f4xx_dac.o ABSOLUTE
    ..\Library\src\stm32f4xx_dbgmcu.c        0x00000000   Number         0  stm32f4xx_dbgmcu.o ABSOLUTE
    ..\Library\src\stm32f4xx_dcmi.c          0x00000000   Number         0  stm32f4xx_dcmi.o ABSOLUTE
    ..\Library\src\stm32f4xx_dfsdm.c         0x00000000   Number         0  stm32f4xx_dfsdm.o ABSOLUTE
    ..\Library\src\stm32f4xx_dma.c           0x00000000   Number         0  stm32f4xx_dma.o ABSOLUTE
    ..\Library\src\stm32f4xx_dma2d.c         0x00000000   Number         0  stm32f4xx_dma2d.o ABSOLUTE
    ..\Library\src\stm32f4xx_dsi.c           0x00000000   Number         0  stm32f4xx_dsi.o ABSOLUTE
    ..\Library\src\stm32f4xx_exti.c          0x00000000   Number         0  stm32f4xx_exti.o ABSOLUTE
    ..\Library\src\stm32f4xx_flash.c         0x00000000   Number         0  stm32f4xx_flash.o ABSOLUTE
    ..\Library\src\stm32f4xx_flash_ramfunc.c 0x00000000   Number         0  stm32f4xx_flash_ramfunc.o ABSOLUTE
    ..\Library\src\stm32f4xx_fmpi2c.c        0x00000000   Number         0  stm32f4xx_fmpi2c.o ABSOLUTE
    ..\Library\src\stm32f4xx_fsmc.c          0x00000000   Number         0  stm32f4xx_fsmc.o ABSOLUTE
    ..\Library\src\stm32f4xx_gpio.c          0x00000000   Number         0  stm32f4xx_gpio.o ABSOLUTE
    ..\Library\src\stm32f4xx_hash.c          0x00000000   Number         0  stm32f4xx_hash.o ABSOLUTE
    ..\Library\src\stm32f4xx_hash_md5.c      0x00000000   Number         0  stm32f4xx_hash_md5.o ABSOLUTE
    ..\Library\src\stm32f4xx_hash_sha1.c     0x00000000   Number         0  stm32f4xx_hash_sha1.o ABSOLUTE
    ..\Library\src\stm32f4xx_i2c.c           0x00000000   Number         0  stm32f4xx_i2c.o ABSOLUTE
    ..\Library\src\stm32f4xx_iwdg.c          0x00000000   Number         0  stm32f4xx_iwdg.o ABSOLUTE
    ..\Library\src\stm32f4xx_lptim.c         0x00000000   Number         0  stm32f4xx_lptim.o ABSOLUTE
    ..\Library\src\stm32f4xx_ltdc.c          0x00000000   Number         0  stm32f4xx_ltdc.o ABSOLUTE
    ..\Library\src\stm32f4xx_pwr.c           0x00000000   Number         0  stm32f4xx_pwr.o ABSOLUTE
    ..\Library\src\stm32f4xx_qspi.c          0x00000000   Number         0  stm32f4xx_qspi.o ABSOLUTE
    ..\Library\src\stm32f4xx_rcc.c           0x00000000   Number         0  stm32f4xx_rcc.o ABSOLUTE
    ..\Library\src\stm32f4xx_rng.c           0x00000000   Number         0  stm32f4xx_rng.o ABSOLUTE
    ..\Library\src\stm32f4xx_rtc.c           0x00000000   Number         0  stm32f4xx_rtc.o ABSOLUTE
    ..\Library\src\stm32f4xx_sai.c           0x00000000   Number         0  stm32f4xx_sai.o ABSOLUTE
    ..\Library\src\stm32f4xx_sdio.c          0x00000000   Number         0  stm32f4xx_sdio.o ABSOLUTE
    ..\Library\src\stm32f4xx_spdifrx.c       0x00000000   Number         0  stm32f4xx_spdifrx.o ABSOLUTE
    ..\Library\src\stm32f4xx_spi.c           0x00000000   Number         0  stm32f4xx_spi.o ABSOLUTE
    ..\Library\src\stm32f4xx_syscfg.c        0x00000000   Number         0  stm32f4xx_syscfg.o ABSOLUTE
    ..\Library\src\stm32f4xx_tim.c           0x00000000   Number         0  stm32f4xx_tim.o ABSOLUTE
    ..\Library\src\stm32f4xx_usart.c         0x00000000   Number         0  stm32f4xx_usart.o ABSOLUTE
    ..\Library\src\stm32f4xx_wwdg.c          0x00000000   Number         0  stm32f4xx_wwdg.o ABSOLUTE
    ..\User\PathFinding.c                    0x00000000   Number         0  pathfinding.o ABSOLUTE
    ..\User\Script.c                         0x00000000   Number         0  script.o ABSOLUTE
    ..\User\Test.c                           0x00000000   Number         0  test.o ABSOLUTE
    ..\User\main.c                           0x00000000   Number         0  main.o ABSOLUTE
    ..\User\stm32f4xx_it.c                   0x00000000   Number         0  stm32f4xx_it.o ABSOLUTE
    ..\User\system_stm32f4xx.c               0x00000000   Number         0  system_stm32f4xx.o ABSOLUTE
    ..\\BSP\\BSP.c                           0x00000000   Number         0  bsp.o ABSOLUTE
    ..\\BSP\\LCD12864.c                      0x00000000   Number         0  lcd12864.o ABSOLUTE
    ..\\BSP\\LineTrack.c                     0x00000000   Number         0  linetrack.o ABSOLUTE
    ..\\BSP\\MPU.c                           0x00000000   Number         0  mpu.o ABSOLUTE
    ..\\BSP\\MontorDriver.c                  0x00000000   Number         0  montordriver.o ABSOLUTE
    ..\\BSP\\Others.c                        0x00000000   Number         0  others.o ABSOLUTE
    ..\\BSP\\Server.c                        0x00000000   Number         0  server.o ABSOLUTE
    ..\\BSP\\USART.c                         0x00000000   Number         0  usart.o ABSOLUTE
    ..\\BSP\\Ultrasonic.c                    0x00000000   Number         0  ultrasonic.o ABSOLUTE
    ..\\Control\\Locataor .c                 0x00000000   Number         0  locataor .o ABSOLUTE
    ..\\Control\\MotionAnalysis.c            0x00000000   Number         0  motionanalysis.o ABSOLUTE
    ..\\Control\\SequenceController.c        0x00000000   Number         0  sequencecontroller.o ABSOLUTE
    ..\\Library\\src\\misc.c                 0x00000000   Number         0  misc.o ABSOLUTE
    ..\\Library\\src\\stm32f4xx_adc.c        0x00000000   Number         0  stm32f4xx_adc.o ABSOLUTE
    ..\\Library\\src\\stm32f4xx_can.c        0x00000000   Number         0  stm32f4xx_can.o ABSOLUTE
    ..\\Library\\src\\stm32f4xx_cec.c        0x00000000   Number         0  stm32f4xx_cec.o ABSOLUTE
    ..\\Library\\src\\stm32f4xx_crc.c        0x00000000   Number         0  stm32f4xx_crc.o ABSOLUTE
    ..\\Library\\src\\stm32f4xx_cryp.c       0x00000000   Number         0  stm32f4xx_cryp.o ABSOLUTE
    ..\\Library\\src\\stm32f4xx_cryp_aes.c   0x00000000   Number         0  stm32f4xx_cryp_aes.o ABSOLUTE
    ..\\Library\\src\\stm32f4xx_cryp_des.c   0x00000000   Number         0  stm32f4xx_cryp_des.o ABSOLUTE
    ..\\Library\\src\\stm32f4xx_cryp_tdes.c  0x00000000   Number         0  stm32f4xx_cryp_tdes.o ABSOLUTE
    ..\\Library\\src\\stm32f4xx_dac.c        0x00000000   Number         0  stm32f4xx_dac.o ABSOLUTE
    ..\\Library\\src\\stm32f4xx_dbgmcu.c     0x00000000   Number         0  stm32f4xx_dbgmcu.o ABSOLUTE
    ..\\Library\\src\\stm32f4xx_dcmi.c       0x00000000   Number         0  stm32f4xx_dcmi.o ABSOLUTE
    ..\\Library\\src\\stm32f4xx_dfsdm.c      0x00000000   Number         0  stm32f4xx_dfsdm.o ABSOLUTE
    ..\\Library\\src\\stm32f4xx_dma.c        0x00000000   Number         0  stm32f4xx_dma.o ABSOLUTE
    ..\\Library\\src\\stm32f4xx_dma2d.c      0x00000000   Number         0  stm32f4xx_dma2d.o ABSOLUTE
    ..\\Library\\src\\stm32f4xx_dsi.c        0x00000000   Number         0  stm32f4xx_dsi.o ABSOLUTE
    ..\\Library\\src\\stm32f4xx_exti.c       0x00000000   Number         0  stm32f4xx_exti.o ABSOLUTE
    ..\\Library\\src\\stm32f4xx_flash.c      0x00000000   Number         0  stm32f4xx_flash.o ABSOLUTE
    ..\\Library\\src\\stm32f4xx_flash_ramfunc.c 0x00000000   Number         0  stm32f4xx_flash_ramfunc.o ABSOLUTE
    ..\\Library\\src\\stm32f4xx_fmpi2c.c     0x00000000   Number         0  stm32f4xx_fmpi2c.o ABSOLUTE
    ..\\Library\\src\\stm32f4xx_fsmc.c       0x00000000   Number         0  stm32f4xx_fsmc.o ABSOLUTE
    ..\\Library\\src\\stm32f4xx_gpio.c       0x00000000   Number         0  stm32f4xx_gpio.o ABSOLUTE
    ..\\Library\\src\\stm32f4xx_hash.c       0x00000000   Number         0  stm32f4xx_hash.o ABSOLUTE
    ..\\Library\\src\\stm32f4xx_hash_md5.c   0x00000000   Number         0  stm32f4xx_hash_md5.o ABSOLUTE
    ..\\Library\\src\\stm32f4xx_hash_sha1.c  0x00000000   Number         0  stm32f4xx_hash_sha1.o ABSOLUTE
    ..\\Library\\src\\stm32f4xx_i2c.c        0x00000000   Number         0  stm32f4xx_i2c.o ABSOLUTE
    ..\\Library\\src\\stm32f4xx_iwdg.c       0x00000000   Number         0  stm32f4xx_iwdg.o ABSOLUTE
    ..\\Library\\src\\stm32f4xx_lptim.c      0x00000000   Number         0  stm32f4xx_lptim.o ABSOLUTE
    ..\\Library\\src\\stm32f4xx_ltdc.c       0x00000000   Number         0  stm32f4xx_ltdc.o ABSOLUTE
    ..\\Library\\src\\stm32f4xx_pwr.c        0x00000000   Number         0  stm32f4xx_pwr.o ABSOLUTE
    ..\\Library\\src\\stm32f4xx_qspi.c       0x00000000   Number         0  stm32f4xx_qspi.o ABSOLUTE
    ..\\Library\\src\\stm32f4xx_rcc.c        0x00000000   Number         0  stm32f4xx_rcc.o ABSOLUTE
    ..\\Library\\src\\stm32f4xx_rng.c        0x00000000   Number         0  stm32f4xx_rng.o ABSOLUTE
    ..\\Library\\src\\stm32f4xx_rtc.c        0x00000000   Number         0  stm32f4xx_rtc.o ABSOLUTE
    ..\\Library\\src\\stm32f4xx_sai.c        0x00000000   Number         0  stm32f4xx_sai.o ABSOLUTE
    ..\\Library\\src\\stm32f4xx_sdio.c       0x00000000   Number         0  stm32f4xx_sdio.o ABSOLUTE
    ..\\Library\\src\\stm32f4xx_spdifrx.c    0x00000000   Number         0  stm32f4xx_spdifrx.o ABSOLUTE
    ..\\Library\\src\\stm32f4xx_spi.c        0x00000000   Number         0  stm32f4xx_spi.o ABSOLUTE
    ..\\Library\\src\\stm32f4xx_syscfg.c     0x00000000   Number         0  stm32f4xx_syscfg.o ABSOLUTE
    ..\\Library\\src\\stm32f4xx_tim.c        0x00000000   Number         0  stm32f4xx_tim.o ABSOLUTE
    ..\\Library\\src\\stm32f4xx_usart.c      0x00000000   Number         0  stm32f4xx_usart.o ABSOLUTE
    ..\\Library\\src\\stm32f4xx_wwdg.c       0x00000000   Number         0  stm32f4xx_wwdg.o ABSOLUTE
    ..\\User\\Script.c                       0x00000000   Number         0  script.o ABSOLUTE
    ..\\User\\Test.c                         0x00000000   Number         0  test.o ABSOLUTE
    ..\\User\\main.c                         0x00000000   Number         0  main.o ABSOLUTE
    ..\\User\\stm32f4xx_it.c                 0x00000000   Number         0  stm32f4xx_it.o ABSOLUTE
    ..\\User\\system_stm32f4xx.c             0x00000000   Number         0  system_stm32f4xx.o ABSOLUTE
    dc.s                                     0x00000000   Number         0  dc.o ABSOLUTE
    RESET                                    0x08000000   Section      392  startup_stm32f40_41xxx.o(RESET)
    !!!main                                  0x08000188   Section        8  __main.o(!!!main)
    !!!scatter                               0x08000190   Section       52  __scatter.o(!!!scatter)
    !!handler_copy                           0x080001c4   Section       26  __scatter_copy.o(!!handler_copy)
    !!handler_zi                             0x080001e0   Section       28  __scatter_zi.o(!!handler_zi)
    .ARM.Collect$$libinit$$00000000          0x080001fc   Section        2  libinit.o(.ARM.Collect$$libinit$$00000000)
    .ARM.Collect$$libinit$$00000001          0x080001fe   Section        4  libinit2.o(.ARM.Collect$$libinit$$00000001)
    .ARM.Collect$$libinit$$00000004          0x08000202   Section        0  libinit2.o(.ARM.Collect$$libinit$$00000004)
    .ARM.Collect$$libinit$$0000000A          0x08000202   Section        0  libinit2.o(.ARM.Collect$$libinit$$0000000A)
    .ARM.Collect$$libinit$$0000000C          0x08000202   Section        0  libinit2.o(.ARM.Collect$$libinit$$0000000C)
    .ARM.Collect$$libinit$$0000000E          0x08000202   Section        0  libinit2.o(.ARM.Collect$$libinit$$0000000E)
    .ARM.Collect$$libinit$$00000011          0x08000202   Section        0  libinit2.o(.ARM.Collect$$libinit$$00000011)
    .ARM.Collect$$libinit$$00000013          0x08000202   Section        0  libinit2.o(.ARM.Collect$$libinit$$00000013)
    .ARM.Collect$$libinit$$00000015          0x08000202   Section        0  libinit2.o(.ARM.Collect$$libinit$$00000015)
    .ARM.Collect$$libinit$$00000017          0x08000202   Section        0  libinit2.o(.ARM.Collect$$libinit$$00000017)
    .ARM.Collect$$libinit$$00000019          0x08000202   Section        0  libinit2.o(.ARM.Collect$$libinit$$00000019)
    .ARM.Collect$$libinit$$0000001B          0x08000202   Section        0  libinit2.o(.ARM.Collect$$libinit$$0000001B)
    .ARM.Collect$$libinit$$0000001D          0x08000202   Section        0  libinit2.o(.ARM.Collect$$libinit$$0000001D)
    .ARM.Collect$$libinit$$0000001F          0x08000202   Section        0  libinit2.o(.ARM.Collect$$libinit$$0000001F)
    .ARM.Collect$$libinit$$00000021          0x08000202   Section        0  libinit2.o(.ARM.Collect$$libinit$$00000021)
    .ARM.Collect$$libinit$$00000023          0x08000202   Section        0  libinit2.o(.ARM.Collect$$libinit$$00000023)
    .ARM.Collect$$libinit$$00000025          0x08000202   Section        0  libinit2.o(.ARM.Collect$$libinit$$00000025)
    .ARM.Collect$$libinit$$0000002C          0x08000202   Section        0  libinit2.o(.ARM.Collect$$libinit$$0000002C)
    .ARM.Collect$$libinit$$0000002E          0x08000202   Section        0  libinit2.o(.ARM.Collect$$libinit$$0000002E)
    .ARM.Collect$$libinit$$00000030          0x08000202   Section        0  libinit2.o(.ARM.Collect$$libinit$$00000030)
    .ARM.Collect$$libinit$$00000032          0x08000202   Section        0  libinit2.o(.ARM.Collect$$libinit$$00000032)
    .ARM.Collect$$libinit$$00000033          0x08000202   Section        2  libinit2.o(.ARM.Collect$$libinit$$00000033)
    .ARM.Collect$$libshutdown$$00000000      0x08000204   Section        2  libshutdown.o(.ARM.Collect$$libshutdown$$00000000)
    .ARM.Collect$$libshutdown$$00000002      0x08000206   Section        0  libshutdown2.o(.ARM.Collect$$libshutdown$$00000002)
    .ARM.Collect$$libshutdown$$00000004      0x08000206   Section        0  libshutdown2.o(.ARM.Collect$$libshutdown$$00000004)
    .ARM.Collect$$libshutdown$$00000007      0x08000206   Section        0  libshutdown2.o(.ARM.Collect$$libshutdown$$00000007)
    .ARM.Collect$$libshutdown$$0000000A      0x08000206   Section        0  libshutdown2.o(.ARM.Collect$$libshutdown$$0000000A)
    .ARM.Collect$$libshutdown$$0000000C      0x08000206   Section        0  libshutdown2.o(.ARM.Collect$$libshutdown$$0000000C)
    .ARM.Collect$$libshutdown$$0000000F      0x08000206   Section        0  libshutdown2.o(.ARM.Collect$$libshutdown$$0000000F)
    .ARM.Collect$$libshutdown$$00000010      0x08000206   Section        2  libshutdown2.o(.ARM.Collect$$libshutdown$$00000010)
    .ARM.Collect$$rtentry$$00000000          0x08000208   Section        0  __rtentry.o(.ARM.Collect$$rtentry$$00000000)
    .ARM.Collect$$rtentry$$00000002          0x08000208   Section        0  __rtentry2.o(.ARM.Collect$$rtentry$$00000002)
    .ARM.Collect$$rtentry$$00000004          0x08000208   Section        6  __rtentry4.o(.ARM.Collect$$rtentry$$00000004)
    .ARM.Collect$$rtentry$$00000009          0x0800020e   Section        0  __rtentry2.o(.ARM.Collect$$rtentry$$00000009)
    .ARM.Collect$$rtentry$$0000000A          0x0800020e   Section        4  __rtentry2.o(.ARM.Collect$$rtentry$$0000000A)
    .ARM.Collect$$rtentry$$0000000C          0x08000212   Section        0  __rtentry2.o(.ARM.Collect$$rtentry$$0000000C)
    .ARM.Collect$$rtentry$$0000000D          0x08000212   Section        8  __rtentry2.o(.ARM.Collect$$rtentry$$0000000D)
    .ARM.Collect$$rtexit$$00000000           0x0800021a   Section        2  rtexit.o(.ARM.Collect$$rtexit$$00000000)
    .ARM.Collect$$rtexit$$00000002           0x0800021c   Section        0  rtexit2.o(.ARM.Collect$$rtexit$$00000002)
    .ARM.Collect$$rtexit$$00000003           0x0800021c   Section        4  rtexit2.o(.ARM.Collect$$rtexit$$00000003)
    .ARM.Collect$$rtexit$$00000004           0x08000220   Section        6  rtexit2.o(.ARM.Collect$$rtexit$$00000004)
    .text                                    0x08000228   Section       76  startup_stm32f40_41xxx.o(.text)
    $v0                                      0x08000228   Number         0  startup_stm32f40_41xxx.o(.text)
    .text                                    0x08000274   Section        0  heapauxi.o(.text)
    .text                                    0x0800027a   Section       74  sys_stackheap_outer.o(.text)
    .text                                    0x080002c4   Section        0  exit.o(.text)
    .text                                    0x080002d8   Section        8  libspace.o(.text)
    .text                                    0x080002e0   Section        0  sys_exit.o(.text)
    .text                                    0x080002ec   Section        2  use_no_semi.o(.text)
    .text                                    0x080002ee   Section        0  indicate_semi.o(.text)
    i.BSPConfig                              0x080002ee   Section        0  bsp.o(i.BSPConfig)
    i.BSPTest                                0x0800031e   Section        0  bsp.o(i.BSPTest)
    i.BusFault_Handler                       0x08000322   Section        0  stm32f4xx_it.o(i.BusFault_Handler)
    i.DebugMon_Handler                       0x08000326   Section        0  stm32f4xx_it.o(i.DebugMon_Handler)
    i.DelayFunctionConfig                    0x08000328   Section        0  others.o(i.DelayFunctionConfig)
    i.EXTI1_IRQHandler                       0x08000380   Section        0  linetrack.o(i.EXTI1_IRQHandler)
    i.EXTI2_IRQHandler                       0x080003b8   Section        0  linetrack.o(i.EXTI2_IRQHandler)
    i.EXTI3_IRQHandler                       0x080003f0   Section        0  linetrack.o(i.EXTI3_IRQHandler)
    i.EXTI4_IRQHandler                       0x08000428   Section        0  linetrack.o(i.EXTI4_IRQHandler)
    i.EXTI9_5_IRQHandler                     0x08000460   Section        0  linetrack.o(i.EXTI9_5_IRQHandler)
    i.EXTI_ClearITPendingBit                 0x08000544   Section        0  stm32f4xx_exti.o(i.EXTI_ClearITPendingBit)
    i.EXTI_GetITStatus                       0x08000550   Section        0  stm32f4xx_exti.o(i.EXTI_GetITStatus)
    i.EXTI_Init                              0x08000568   Section        0  stm32f4xx_exti.o(i.EXTI_Init)
    i.ErrorMessage                           0x080005fc   Section        0  others.o(i.ErrorMessage)
    i.GPIO_Init                              0x08000608   Section        0  stm32f4xx_gpio.o(i.GPIO_Init)
    i.GPIO_PinAFConfig                       0x08000698   Section        0  stm32f4xx_gpio.o(i.GPIO_PinAFConfig)
    i.GPIO_ReadInputDataBit                  0x080006de   Section        0  stm32f4xx_gpio.o(i.GPIO_ReadInputDataBit)
    i.GPIO_ResetBits                         0x080006f0   Section        0  stm32f4xx_gpio.o(i.GPIO_ResetBits)
    i.GPIO_SetBits                           0x080006f4   Section        0  stm32f4xx_gpio.o(i.GPIO_SetBits)
    i.HardFault_Handler                      0x080006f8   Section        0  stm32f4xx_it.o(i.HardFault_Handler)
    i.LCD12864Config                         0x080006fc   Section        0  lcd12864.o(i.LCD12864Config)
    i.LCDWrite                               0x080007fc   Section        0  lcd12864.o(i.LCDWrite)
    i.LineTrackConfig                        0x08000864   Section        0  linetrack.o(i.LineTrackConfig)
    i.MemManage_Handler                      0x08000984   Section        0  stm32f4xx_it.o(i.MemManage_Handler)
    i.MontorDriverConfig                     0x08000988   Section        0  montordriver.o(i.MontorDriverConfig)
    i.MpuConfig                              0x08000c2c   Section        0  mpu.o(i.MpuConfig)
    i.NMI_Handler                            0x08000c2e   Section        0  stm32f4xx_it.o(i.NMI_Handler)
    i.NVICConfig                             0x08000c30   Section        0  others.o(i.NVICConfig)
    i.NVIC_Init                              0x08000c3c   Section        0  misc.o(i.NVIC_Init)
    i.NVIC_PriorityGroupConfig               0x08000cb4   Section        0  misc.o(i.NVIC_PriorityGroupConfig)
    i.PendSV_Handler                         0x08000cc8   Section        0  stm32f4xx_it.o(i.PendSV_Handler)
    i.RCC_AHB1PeriphClockCmd                 0x08000ccc   Section        0  stm32f4xx_rcc.o(i.RCC_AHB1PeriphClockCmd)
    i.RCC_APB1PeriphClockCmd                 0x08000cec   Section        0  stm32f4xx_rcc.o(i.RCC_APB1PeriphClockCmd)
    i.RCC_APB2PeriphClockCmd                 0x08000d0c   Section        0  stm32f4xx_rcc.o(i.RCC_APB2PeriphClockCmd)
    i.RCC_GetClocksFreq                      0x08000d2c   Section        0  stm32f4xx_rcc.o(i.RCC_GetClocksFreq)
    i.SPI_Cmd                                0x08000e14   Section        0  stm32f4xx_spi.o(i.SPI_Cmd)
    i.SPI_I2S_GetFlagStatus                  0x08000e2c   Section        0  stm32f4xx_spi.o(i.SPI_I2S_GetFlagStatus)
    i.SPI_I2S_SendData                       0x08000e3e   Section        0  stm32f4xx_spi.o(i.SPI_I2S_SendData)
    i.SPI_Init                               0x08000e42   Section        0  stm32f4xx_spi.o(i.SPI_Init)
    i.SVC_Handler                            0x08000e7e   Section        0  stm32f4xx_it.o(i.SVC_Handler)
    i.SYSCFG_EXTILineConfig                  0x08000e80   Section        0  stm32f4xx_syscfg.o(i.SYSCFG_EXTILineConfig)
    i.ServerConfig                           0x08000ec0   Section        0  server.o(i.ServerConfig)
    i.SetSysClock                            0x08001010   Section        0  system_stm32f4xx.o(i.SetSysClock)
    SetSysClock                              0x08001011   Thumb Code   220  system_stm32f4xx.o(i.SetSysClock)
    i.SysTick_Handler                        0x080010fc   Section        0  others.o(i.SysTick_Handler)
    i.SystemInit                             0x0800110c   Section        0  system_stm32f4xx.o(i.SystemInit)
    i.SystickConfig                          0x08001174   Section        0  others.o(i.SystickConfig)
    i.TI1_Config                             0x080011d8   Section        0  stm32f4xx_tim.o(i.TI1_Config)
    TI1_Config                               0x080011d9   Thumb Code    58  stm32f4xx_tim.o(i.TI1_Config)
    i.TI2_Config                             0x08001212   Section        0  stm32f4xx_tim.o(i.TI2_Config)
    TI2_Config                               0x08001213   Thumb Code    80  stm32f4xx_tim.o(i.TI2_Config)
    i.TI3_Config                             0x08001262   Section        0  stm32f4xx_tim.o(i.TI3_Config)
    TI3_Config                               0x08001263   Thumb Code    72  stm32f4xx_tim.o(i.TI3_Config)
    i.TI4_Config                             0x080012aa   Section        0  stm32f4xx_tim.o(i.TI4_Config)
    TI4_Config                               0x080012ab   Thumb Code    80  stm32f4xx_tim.o(i.TI4_Config)
    i.TIM6_DAC_IRQHandler                    0x080012fc   Section        0  others.o(i.TIM6_DAC_IRQHandler)
    i.TIM_ARRPreloadConfig                   0x08001324   Section        0  stm32f4xx_tim.o(i.TIM_ARRPreloadConfig)
    i.TIM_ClearITPendingBit                  0x0800133c   Section        0  stm32f4xx_tim.o(i.TIM_ClearITPendingBit)
    i.TIM_Cmd                                0x08001342   Section        0  stm32f4xx_tim.o(i.TIM_Cmd)
    i.TIM_CtrlPWMOutputs                     0x0800135a   Section        0  stm32f4xx_tim.o(i.TIM_CtrlPWMOutputs)
    i.TIM_EncoderInterfaceConfig             0x08001378   Section        0  stm32f4xx_tim.o(i.TIM_EncoderInterfaceConfig)
    i.TIM_GetITStatus                        0x080013ba   Section        0  stm32f4xx_tim.o(i.TIM_GetITStatus)
    i.TIM_ICInit                             0x080013dc   Section        0  stm32f4xx_tim.o(i.TIM_ICInit)
    i.TIM_ICStructInit                       0x0800144a   Section        0  stm32f4xx_tim.o(i.TIM_ICStructInit)
    i.TIM_ITConfig                           0x0800145c   Section        0  stm32f4xx_tim.o(i.TIM_ITConfig)
    i.TIM_OC1Init                            0x08001470   Section        0  stm32f4xx_tim.o(i.TIM_OC1Init)
    i.TIM_OC1PreloadConfig                   0x080014ec   Section        0  stm32f4xx_tim.o(i.TIM_OC1PreloadConfig)
    i.TIM_OC2Init                            0x08001500   Section        0  stm32f4xx_tim.o(i.TIM_OC2Init)
    i.TIM_OC2PreloadConfig                   0x080015a4   Section        0  stm32f4xx_tim.o(i.TIM_OC2PreloadConfig)
    i.TIM_OC3Init                            0x080015c0   Section        0  stm32f4xx_tim.o(i.TIM_OC3Init)
    i.TIM_OC3PreloadConfig                   0x08001660   Section        0  stm32f4xx_tim.o(i.TIM_OC3PreloadConfig)
    i.TIM_OC4Init                            0x08001674   Section        0  stm32f4xx_tim.o(i.TIM_OC4Init)
    i.TIM_OC4PreloadConfig                   0x080016ec   Section        0  stm32f4xx_tim.o(i.TIM_OC4PreloadConfig)
    i.TIM_SetIC1Prescaler                    0x08001706   Section        0  stm32f4xx_tim.o(i.TIM_SetIC1Prescaler)
    i.TIM_SetIC2Prescaler                    0x08001718   Section        0  stm32f4xx_tim.o(i.TIM_SetIC2Prescaler)
    i.TIM_SetIC3Prescaler                    0x08001732   Section        0  stm32f4xx_tim.o(i.TIM_SetIC3Prescaler)
    i.TIM_SetIC4Prescaler                    0x08001744   Section        0  stm32f4xx_tim.o(i.TIM_SetIC4Prescaler)
    i.TIM_TimeBaseInit                       0x08001760   Section        0  stm32f4xx_tim.o(i.TIM_TimeBaseInit)
    i.USART1Config                           0x080017e4   Section        0  usart.o(i.USART1Config)
    i.USART1Send                             0x08001894   Section        0  usart.o(i.USART1Send)
    i.USART1_IRQHandler                      0x080018c0   Section        0  usart.o(i.USART1_IRQHandler)
    i.USART_ClearITPendingBit                0x08001980   Section        0  stm32f4xx_usart.o(i.USART_ClearITPendingBit)
    i.USART_Cmd                              0x0800199e   Section        0  stm32f4xx_usart.o(i.USART_Cmd)
    i.USART_GetFlagStatus                    0x080019b6   Section        0  stm32f4xx_usart.o(i.USART_GetFlagStatus)
    i.USART_GetITStatus                      0x080019d0   Section        0  stm32f4xx_usart.o(i.USART_GetITStatus)
    i.USART_ITConfig                         0x08001a24   Section        0  stm32f4xx_usart.o(i.USART_ITConfig)
    i.USART_Init                             0x08001a70   Section        0  stm32f4xx_usart.o(i.USART_Init)
    i.USART_ReceiveData                      0x08001b44   Section        0  stm32f4xx_usart.o(i.USART_ReceiveData)
    i.USART_SendData                         0x08001b4e   Section        0  stm32f4xx_usart.o(i.USART_SendData)
    i.UltrasonicConfig                       0x08001b56   Section        0  ultrasonic.o(i.UltrasonicConfig)
    i.UsageFault_Handler                     0x08001b58   Section        0  stm32f4xx_it.o(i.UsageFault_Handler)
    i.main                                   0x08001b5c   Section        0  main.o(i.main)
    x$fpl$fpinit                             0x08001b70   Section       10  fpinit.o(x$fpl$fpinit)
    $v0                                      0x08001b70   Number         0  fpinit.o(x$fpl$fpinit)
    .conststring                             0x08001b7c   Section       14  others.o(.conststring)
    .data                                    0x20000000   Section       16  stm32f4xx_rcc.o(.data)
    APBAHBPrescTable                         0x20000000   Data          16  stm32f4xx_rcc.o(.data)
    .data                                    0x20000010   Section       12  usart.o(.data)
    .data                                    0x2000001c   Section        1  linetrack.o(.data)
    .data                                    0x20000020   Section        5  others.o(.data)
    .bss                                     0x20000028   Section      110  usart.o(.bss)
    .bss                                     0x20000098   Section       96  libspace.o(.bss)
    HEAP                                     0x200000f8   Section      512  startup_stm32f40_41xxx.o(HEAP)
    Heap_Mem                                 0x200000f8   Data         512  startup_stm32f40_41xxx.o(HEAP)
    STACK                                    0x200002f8   Section     1024  startup_stm32f40_41xxx.o(STACK)
    Stack_Mem                                0x200002f8   Data        1024  startup_stm32f40_41xxx.o(STACK)

    Global Symbols

    Symbol Name                              Value     Ov Type        Size  Object(Section)

    BuildAttributes$$THM_ISAv4$E$P$D$K$B$S$7EM$VFPi3$EXTD16$VFPS$VFMA$PE$A:L22UL41UL21$X:L11$S22US41US21$IEEE1$IW$USESV6$~STKCKD$USESV7$~SHL$OSPACE$ROPI$EBA8$UX$STANDARDLIB$REQ8$PRES8$EABIv2 0x00000000   Number         0  anon$$obj.o ABSOLUTE
    __ARM_use_no_argv                        0x00000000   Number         0  main.o ABSOLUTE
    __ARM_exceptions_init                     - Undefined Weak Reference
    __alloca_initialize                       - Undefined Weak Reference
    __arm_preinit_                            - Undefined Weak Reference
    __cpp_initialize__aeabi_                  - Undefined Weak Reference
    __cxa_finalize                            - Undefined Weak Reference
    __rt_locale                               - Undefined Weak Reference
    __sigvec_lookup                           - Undefined Weak Reference
    _atexit_init                              - Undefined Weak Reference
    _call_atexit_fns                          - Undefined Weak Reference
    _clock_init                               - Undefined Weak Reference
    _fp_trap_init                             - Undefined Weak Reference
    _fp_trap_shutdown                         - Undefined Weak Reference
    _get_lc_collate                           - Undefined Weak Reference
    _get_lc_ctype                             - Undefined Weak Reference
    _get_lc_monetary                          - Undefined Weak Reference
    _get_lc_numeric                           - Undefined Weak Reference
    _get_lc_time                              - Undefined Weak Reference
    _getenv_init                              - Undefined Weak Reference
    _handle_redirection                       - Undefined Weak Reference
    _init_alloc                               - Undefined Weak Reference
    _init_user_alloc                          - Undefined Weak Reference
    _initio                                   - Undefined Weak Reference
    _rand_init                                - Undefined Weak Reference
    _signal_finish                            - Undefined Weak Reference
    _signal_init                              - Undefined Weak Reference
    _terminate_alloc                          - Undefined Weak Reference
    _terminate_user_alloc                     - Undefined Weak Reference
    _terminateio                              - Undefined Weak Reference
    __Vectors_Size                           0x00000188   Number         0  startup_stm32f40_41xxx.o ABSOLUTE
    __Vectors                                0x08000000   Data           4  startup_stm32f40_41xxx.o(RESET)
    __Vectors_End                            0x08000188   Data           0  startup_stm32f40_41xxx.o(RESET)
    __main                                   0x08000189   Thumb Code     8  __main.o(!!!main)
    __scatterload                            0x08000191   Thumb Code     0  __scatter.o(!!!scatter)
    __scatterload_rt2                        0x08000191   Thumb Code    44  __scatter.o(!!!scatter)
    __scatterload_rt2_thumb_only             0x08000191   Thumb Code     0  __scatter.o(!!!scatter)
    __scatterload_null                       0x0800019f   Thumb Code     0  __scatter.o(!!!scatter)
    __scatterload_copy                       0x080001c5   Thumb Code    26  __scatter_copy.o(!!handler_copy)
    __scatterload_zeroinit                   0x080001e1   Thumb Code    28  __scatter_zi.o(!!handler_zi)
    __rt_lib_init                            0x080001fd   Thumb Code     0  libinit.o(.ARM.Collect$$libinit$$00000000)
    __rt_lib_init_fp_1                       0x080001ff   Thumb Code     0  libinit2.o(.ARM.Collect$$libinit$$00000001)
    __rt_lib_init_alloca_1                   0x08000203   Thumb Code     0  libinit2.o(.ARM.Collect$$libinit$$0000002E)
    __rt_lib_init_argv_1                     0x08000203   Thumb Code     0  libinit2.o(.ARM.Collect$$libinit$$0000002C)
    __rt_lib_init_atexit_1                   0x08000203   Thumb Code     0  libinit2.o(.ARM.Collect$$libinit$$0000001B)
    __rt_lib_init_clock_1                    0x08000203   Thumb Code     0  libinit2.o(.ARM.Collect$$libinit$$00000021)
    __rt_lib_init_cpp_1                      0x08000203   Thumb Code     0  libinit2.o(.ARM.Collect$$libinit$$00000032)
    __rt_lib_init_exceptions_1               0x08000203   Thumb Code     0  libinit2.o(.ARM.Collect$$libinit$$00000030)
    __rt_lib_init_fp_trap_1                  0x08000203   Thumb Code     0  libinit2.o(.ARM.Collect$$libinit$$0000001F)
    __rt_lib_init_getenv_1                   0x08000203   Thumb Code     0  libinit2.o(.ARM.Collect$$libinit$$00000023)
    __rt_lib_init_heap_1                     0x08000203   Thumb Code     0  libinit2.o(.ARM.Collect$$libinit$$0000000A)
    __rt_lib_init_lc_collate_1               0x08000203   Thumb Code     0  libinit2.o(.ARM.Collect$$libinit$$00000011)
    __rt_lib_init_lc_ctype_1                 0x08000203   Thumb Code     0  libinit2.o(.ARM.Collect$$libinit$$00000013)
    __rt_lib_init_lc_monetary_1              0x08000203   Thumb Code     0  libinit2.o(.ARM.Collect$$libinit$$00000015)
    __rt_lib_init_lc_numeric_1               0x08000203   Thumb Code     0  libinit2.o(.ARM.Collect$$libinit$$00000017)
    __rt_lib_init_lc_time_1                  0x08000203   Thumb Code     0  libinit2.o(.ARM.Collect$$libinit$$00000019)
    __rt_lib_init_preinit_1                  0x08000203   Thumb Code     0  libinit2.o(.ARM.Collect$$libinit$$00000004)
    __rt_lib_init_rand_1                     0x08000203   Thumb Code     0  libinit2.o(.ARM.Collect$$libinit$$0000000E)
    __rt_lib_init_return                     0x08000203   Thumb Code     0  libinit2.o(.ARM.Collect$$libinit$$00000033)
    __rt_lib_init_signal_1                   0x08000203   Thumb Code     0  libinit2.o(.ARM.Collect$$libinit$$0000001D)
    __rt_lib_init_stdio_1                    0x08000203   Thumb Code     0  libinit2.o(.ARM.Collect$$libinit$$00000025)
    __rt_lib_init_user_alloc_1               0x08000203   Thumb Code     0  libinit2.o(.ARM.Collect$$libinit$$0000000C)
    __rt_lib_shutdown                        0x08000205   Thumb Code     0  libshutdown.o(.ARM.Collect$$libshutdown$$00000000)
    __rt_lib_shutdown_cpp_1                  0x08000207   Thumb Code     0  libshutdown2.o(.ARM.Collect$$libshutdown$$00000002)
    __rt_lib_shutdown_fp_trap_1              0x08000207   Thumb Code     0  libshutdown2.o(.ARM.Collect$$libshutdown$$00000007)
    __rt_lib_shutdown_heap_1                 0x08000207   Thumb Code     0  libshutdown2.o(.ARM.Collect$$libshutdown$$0000000F)
    __rt_lib_shutdown_return                 0x08000207   Thumb Code     0  libshutdown2.o(.ARM.Collect$$libshutdown$$00000010)
    __rt_lib_shutdown_signal_1               0x08000207   Thumb Code     0  libshutdown2.o(.ARM.Collect$$libshutdown$$0000000A)
    __rt_lib_shutdown_stdio_1                0x08000207   Thumb Code     0  libshutdown2.o(.ARM.Collect$$libshutdown$$00000004)
    __rt_lib_shutdown_user_alloc_1           0x08000207   Thumb Code     0  libshutdown2.o(.ARM.Collect$$libshutdown$$0000000C)
    __rt_entry                               0x08000209   Thumb Code     0  __rtentry.o(.ARM.Collect$$rtentry$$00000000)
    __rt_entry_presh_1                       0x08000209   Thumb Code     0  __rtentry2.o(.ARM.Collect$$rtentry$$00000002)
    __rt_entry_sh                            0x08000209   Thumb Code     0  __rtentry4.o(.ARM.Collect$$rtentry$$00000004)
    __rt_entry_li                            0x0800020f   Thumb Code     0  __rtentry2.o(.ARM.Collect$$rtentry$$0000000A)
    __rt_entry_postsh_1                      0x0800020f   Thumb Code     0  __rtentry2.o(.ARM.Collect$$rtentry$$00000009)
    __rt_entry_main                          0x08000213   Thumb Code     0  __rtentry2.o(.ARM.Collect$$rtentry$$0000000D)
    __rt_entry_postli_1                      0x08000213   Thumb Code     0  __rtentry2.o(.ARM.Collect$$rtentry$$0000000C)
    __rt_exit                                0x0800021b   Thumb Code     0  rtexit.o(.ARM.Collect$$rtexit$$00000000)
    __rt_exit_ls                             0x0800021d   Thumb Code     0  rtexit2.o(.ARM.Collect$$rtexit$$00000003)
    __rt_exit_prels_1                        0x0800021d   Thumb Code     0  rtexit2.o(.ARM.Collect$$rtexit$$00000002)
    __rt_exit_exit                           0x08000221   Thumb Code     0  rtexit2.o(.ARM.Collect$$rtexit$$00000004)
    Reset_Handler                            0x08000229   Thumb Code    14  startup_stm32f40_41xxx.o(.text)
    ADC_IRQHandler                           0x08000249   Thumb Code     0  startup_stm32f40_41xxx.o(.text)
    CAN1_RX0_IRQHandler                      0x08000249   Thumb Code     0  startup_stm32f40_41xxx.o(.text)
    CAN1_RX1_IRQHandler                      0x08000249   Thumb Code     0  startup_stm32f40_41xxx.o(.text)
    CAN1_SCE_IRQHandler                      0x08000249   Thumb Code     0  startup_stm32f40_41xxx.o(.text)
    CAN1_TX_IRQHandler                       0x08000249   Thumb Code     0  startup_stm32f40_41xxx.o(.text)
    CAN2_RX0_IRQHandler                      0x08000249   Thumb Code     0  startup_stm32f40_41xxx.o(.text)
    CAN2_RX1_IRQHandler                      0x08000249   Thumb Code     0  startup_stm32f40_41xxx.o(.text)
    CAN2_SCE_IRQHandler                      0x08000249   Thumb Code     0  startup_stm32f40_41xxx.o(.text)
    CAN2_TX_IRQHandler                       0x08000249   Thumb Code     0  startup_stm32f40_41xxx.o(.text)
    CRYP_IRQHandler                          0x08000249   Thumb Code     0  startup_stm32f40_41xxx.o(.text)
    DCMI_IRQHandler                          0x08000249   Thumb Code     0  startup_stm32f40_41xxx.o(.text)
    DMA1_Stream0_IRQHandler                  0x08000249   Thumb Code     0  startup_stm32f40_41xxx.o(.text)
    DMA1_Stream1_IRQHandler                  0x08000249   Thumb Code     0  startup_stm32f40_41xxx.o(.text)
    DMA1_Stream2_IRQHandler                  0x08000249   Thumb Code     0  startup_stm32f40_41xxx.o(.text)
    DMA1_Stream3_IRQHandler                  0x08000249   Thumb Code     0  startup_stm32f40_41xxx.o(.text)
    DMA1_Stream4_IRQHandler                  0x08000249   Thumb Code     0  startup_stm32f40_41xxx.o(.text)
    DMA1_Stream5_IRQHandler                  0x08000249   Thumb Code     0  startup_stm32f40_41xxx.o(.text)
    DMA1_Stream6_IRQHandler                  0x08000249   Thumb Code     0  startup_stm32f40_41xxx.o(.text)
    DMA1_Stream7_IRQHandler                  0x08000249   Thumb Code     0  startup_stm32f40_41xxx.o(.text)
    DMA2_Stream0_IRQHandler                  0x08000249   Thumb Code     0  startup_stm32f40_41xxx.o(.text)
    DMA2_Stream1_IRQHandler                  0x08000249   Thumb Code     0  startup_stm32f40_41xxx.o(.text)
    DMA2_Stream2_IRQHandler                  0x08000249   Thumb Code     0  startup_stm32f40_41xxx.o(.text)
    DMA2_Stream3_IRQHandler                  0x08000249   Thumb Code     0  startup_stm32f40_41xxx.o(.text)
    DMA2_Stream4_IRQHandler                  0x08000249   Thumb Code     0  startup_stm32f40_41xxx.o(.text)
    DMA2_Stream5_IRQHandler                  0x08000249   Thumb Code     0  startup_stm32f40_41xxx.o(.text)
    DMA2_Stream6_IRQHandler                  0x08000249   Thumb Code     0  startup_stm32f40_41xxx.o(.text)
    DMA2_Stream7_IRQHandler                  0x08000249   Thumb Code     0  startup_stm32f40_41xxx.o(.text)
    ETH_IRQHandler                           0x08000249   Thumb Code     0  startup_stm32f40_41xxx.o(.text)
    ETH_WKUP_IRQHandler                      0x08000249   Thumb Code     0  startup_stm32f40_41xxx.o(.text)
    EXTI0_IRQHandler                         0x08000249   Thumb Code     0  startup_stm32f40_41xxx.o(.text)
    EXTI15_10_IRQHandler                     0x08000249   Thumb Code     0  startup_stm32f40_41xxx.o(.text)
    FLASH_IRQHandler                         0x08000249   Thumb Code     0  startup_stm32f40_41xxx.o(.text)
    FPU_IRQHandler                           0x08000249   Thumb Code     0  startup_stm32f40_41xxx.o(.text)
    FSMC_IRQHandler                          0x08000249   Thumb Code     0  startup_stm32f40_41xxx.o(.text)
    HASH_RNG_IRQHandler                      0x08000249   Thumb Code     0  startup_stm32f40_41xxx.o(.text)
    I2C1_ER_IRQHandler                       0x08000249   Thumb Code     0  startup_stm32f40_41xxx.o(.text)
    I2C1_EV_IRQHandler                       0x08000249   Thumb Code     0  startup_stm32f40_41xxx.o(.text)
    I2C2_ER_IRQHandler                       0x08000249   Thumb Code     0  startup_stm32f40_41xxx.o(.text)
    I2C2_EV_IRQHandler                       0x08000249   Thumb Code     0  startup_stm32f40_41xxx.o(.text)
    I2C3_ER_IRQHandler                       0x08000249   Thumb Code     0  startup_stm32f40_41xxx.o(.text)
    I2C3_EV_IRQHandler                       0x08000249   Thumb Code     0  startup_stm32f40_41xxx.o(.text)
    OTG_FS_IRQHandler                        0x08000249   Thumb Code     0  startup_stm32f40_41xxx.o(.text)
    OTG_FS_WKUP_IRQHandler                   0x08000249   Thumb Code     0  startup_stm32f40_41xxx.o(.text)
    OTG_HS_EP1_IN_IRQHandler                 0x08000249   Thumb Code     0  startup_stm32f40_41xxx.o(.text)
    OTG_HS_EP1_OUT_IRQHandler                0x08000249   Thumb Code     0  startup_stm32f40_41xxx.o(.text)
    OTG_HS_IRQHandler                        0x08000249   Thumb Code     0  startup_stm32f40_41xxx.o(.text)
    OTG_HS_WKUP_IRQHandler                   0x08000249   Thumb Code     0  startup_stm32f40_41xxx.o(.text)
    PVD_IRQHandler                           0x08000249   Thumb Code     0  startup_stm32f40_41xxx.o(.text)
    RCC_IRQHandler                           0x08000249   Thumb Code     0  startup_stm32f40_41xxx.o(.text)
    RTC_Alarm_IRQHandler                     0x08000249   Thumb Code     0  startup_stm32f40_41xxx.o(.text)
    RTC_WKUP_IRQHandler                      0x08000249   Thumb Code     0  startup_stm32f40_41xxx.o(.text)
    SDIO_IRQHandler                          0x08000249   Thumb Code     0  startup_stm32f40_41xxx.o(.text)
    SPI1_IRQHandler                          0x08000249   Thumb Code     0  startup_stm32f40_41xxx.o(.text)
    SPI2_IRQHandler                          0x08000249   Thumb Code     0  startup_stm32f40_41xxx.o(.text)
    SPI3_IRQHandler                          0x08000249   Thumb Code     0  startup_stm32f40_41xxx.o(.text)
    TAMP_STAMP_IRQHandler                    0x08000249   Thumb Code     0  startup_stm32f40_41xxx.o(.text)
    TIM1_BRK_TIM9_IRQHandler                 0x08000249   Thumb Code     0  startup_stm32f40_41xxx.o(.text)
    TIM1_CC_IRQHandler                       0x08000249   Thumb Code     0  startup_stm32f40_41xxx.o(.text)
    TIM1_TRG_COM_TIM11_IRQHandler            0x08000249   Thumb Code     0  startup_stm32f40_41xxx.o(.text)
    TIM1_UP_TIM10_IRQHandler                 0x08000249   Thumb Code     0  startup_stm32f40_41xxx.o(.text)
    TIM2_IRQHandler                          0x08000249   Thumb Code     0  startup_stm32f40_41xxx.o(.text)
    TIM3_IRQHandler                          0x08000249   Thumb Code     0  startup_stm32f40_41xxx.o(.text)
    TIM4_IRQHandler                          0x08000249   Thumb Code     0  startup_stm32f40_41xxx.o(.text)
    TIM5_IRQHandler                          0x08000249   Thumb Code     0  startup_stm32f40_41xxx.o(.text)
    TIM7_IRQHandler                          0x08000249   Thumb Code     0  startup_stm32f40_41xxx.o(.text)
    TIM8_BRK_TIM12_IRQHandler                0x08000249   Thumb Code     0  startup_stm32f40_41xxx.o(.text)
    TIM8_CC_IRQHandler                       0x08000249   Thumb Code     0  startup_stm32f40_41xxx.o(.text)
    TIM8_TRG_COM_TIM14_IRQHandler            0x08000249   Thumb Code     0  startup_stm32f40_41xxx.o(.text)
    TIM8_UP_TIM13_IRQHandler                 0x08000249   Thumb Code     0  startup_stm32f40_41xxx.o(.text)
    UART4_IRQHandler                         0x08000249   Thumb Code     0  startup_stm32f40_41xxx.o(.text)
    UART5_IRQHandler                         0x08000249   Thumb Code     0  startup_stm32f40_41xxx.o(.text)
    USART2_IRQHandler                        0x08000249   Thumb Code     0  startup_stm32f40_41xxx.o(.text)
    USART3_IRQHandler                        0x08000249   Thumb Code     0  startup_stm32f40_41xxx.o(.text)
    USART6_IRQHandler                        0x08000249   Thumb Code     0  startup_stm32f40_41xxx.o(.text)
    WWDG_IRQHandler                          0x08000249   Thumb Code     0  startup_stm32f40_41xxx.o(.text)
    __user_initial_stackheap                 0x0800024d   Thumb Code     0  startup_stm32f40_41xxx.o(.text)
    __use_two_region_memory                  0x08000275   Thumb Code     2  heapauxi.o(.text)
    __rt_heap_escrow$2region                 0x08000277   Thumb Code     2  heapauxi.o(.text)
    __rt_heap_expand$2region                 0x08000279   Thumb Code     2  heapauxi.o(.text)
    __user_setup_stackheap                   0x0800027b   Thumb Code    74  sys_stackheap_outer.o(.text)
    exit                                     0x080002c5   Thumb Code    18  exit.o(.text)
    __user_libspace                          0x080002d9   Thumb Code     8  libspace.o(.text)
    __user_perproc_libspace                  0x080002d9   Thumb Code     0  libspace.o(.text)
    __user_perthread_libspace                0x080002d9   Thumb Code     0  libspace.o(.text)
    _sys_exit                                0x080002e1   Thumb Code     8  sys_exit.o(.text)
    __I$use$semihosting                      0x080002ed   Thumb Code     0  use_no_semi.o(.text)
    __use_no_semihosting_swi                 0x080002ed   Thumb Code     2  use_no_semi.o(.text)
    BSPConfig                                0x080002ef   Thumb Code    48  bsp.o(i.BSPConfig)
    __semihosting_library_function           0x080002ef   Thumb Code     0  indicate_semi.o(.text)
    BSPTest                                  0x0800031f   Thumb Code     4  bsp.o(i.BSPTest)
    BusFault_Handler                         0x08000323   Thumb Code     4  stm32f4xx_it.o(i.BusFault_Handler)
    DebugMon_Handler                         0x08000327   Thumb Code     2  stm32f4xx_it.o(i.DebugMon_Handler)
    DelayFunctionConfig                      0x08000329   Thumb Code    82  others.o(i.DelayFunctionConfig)
    EXTI1_IRQHandler                         0x08000381   Thumb Code    46  linetrack.o(i.EXTI1_IRQHandler)
    EXTI2_IRQHandler                         0x080003b9   Thumb Code    46  linetrack.o(i.EXTI2_IRQHandler)
    EXTI3_IRQHandler                         0x080003f1   Thumb Code    46  linetrack.o(i.EXTI3_IRQHandler)
    EXTI4_IRQHandler                         0x08000429   Thumb Code    46  linetrack.o(i.EXTI4_IRQHandler)
    EXTI9_5_IRQHandler                       0x08000461   Thumb Code   216  linetrack.o(i.EXTI9_5_IRQHandler)
    EXTI_ClearITPendingBit                   0x08000545   Thumb Code     6  stm32f4xx_exti.o(i.EXTI_ClearITPendingBit)
    EXTI_GetITStatus                         0x08000551   Thumb Code    20  stm32f4xx_exti.o(i.EXTI_GetITStatus)
    EXTI_Init                                0x08000569   Thumb Code   142  stm32f4xx_exti.o(i.EXTI_Init)
    ErrorMessage                             0x080005fd   Thumb Code    12  others.o(i.ErrorMessage)
    GPIO_Init                                0x08000609   Thumb Code   144  stm32f4xx_gpio.o(i.GPIO_Init)
    GPIO_PinAFConfig                         0x08000699   Thumb Code    70  stm32f4xx_gpio.o(i.GPIO_PinAFConfig)
    GPIO_ReadInputDataBit                    0x080006df   Thumb Code    18  stm32f4xx_gpio.o(i.GPIO_ReadInputDataBit)
    GPIO_ResetBits                           0x080006f1   Thumb Code     4  stm32f4xx_gpio.o(i.GPIO_ResetBits)
    GPIO_SetBits                             0x080006f5   Thumb Code     4  stm32f4xx_gpio.o(i.GPIO_SetBits)
    HardFault_Handler                        0x080006f9   Thumb Code     4  stm32f4xx_it.o(i.HardFault_Handler)
    LCD12864Config                           0x080006fd   Thumb Code   246  lcd12864.o(i.LCD12864Config)
    LCDWrite                                 0x080007fd   Thumb Code    96  lcd12864.o(i.LCDWrite)
    LineTrackConfig                          0x08000865   Thumb Code   278  linetrack.o(i.LineTrackConfig)
    MemManage_Handler                        0x08000985   Thumb Code     4  stm32f4xx_it.o(i.MemManage_Handler)
    MontorDriverConfig                       0x08000989   Thumb Code   640  montordriver.o(i.MontorDriverConfig)
    MpuConfig                                0x08000c2d   Thumb Code     2  mpu.o(i.MpuConfig)
    NMI_Handler                              0x08000c2f   Thumb Code     2  stm32f4xx_it.o(i.NMI_Handler)
    NVICConfig                               0x08000c31   Thumb Code    12  others.o(i.NVICConfig)
    NVIC_Init                                0x08000c3d   Thumb Code   106  misc.o(i.NVIC_Init)
    NVIC_PriorityGroupConfig                 0x08000cb5   Thumb Code    10  misc.o(i.NVIC_PriorityGroupConfig)
    PendSV_Handler                           0x08000cc9   Thumb Code     2  stm32f4xx_it.o(i.PendSV_Handler)
    RCC_AHB1PeriphClockCmd                   0x08000ccd   Thumb Code    26  stm32f4xx_rcc.o(i.RCC_AHB1PeriphClockCmd)
    RCC_APB1PeriphClockCmd                   0x08000ced   Thumb Code    26  stm32f4xx_rcc.o(i.RCC_APB1PeriphClockCmd)
    RCC_APB2PeriphClockCmd                   0x08000d0d   Thumb Code    26  stm32f4xx_rcc.o(i.RCC_APB2PeriphClockCmd)
    RCC_GetClocksFreq                        0x08000d2d   Thumb Code   214  stm32f4xx_rcc.o(i.RCC_GetClocksFreq)
    SPI_Cmd                                  0x08000e15   Thumb Code    24  stm32f4xx_spi.o(i.SPI_Cmd)
    SPI_I2S_GetFlagStatus                    0x08000e2d   Thumb Code    18  stm32f4xx_spi.o(i.SPI_I2S_GetFlagStatus)
    SPI_I2S_SendData                         0x08000e3f   Thumb Code     4  stm32f4xx_spi.o(i.SPI_I2S_SendData)
    SPI_Init                                 0x08000e43   Thumb Code    60  stm32f4xx_spi.o(i.SPI_Init)
    SVC_Handler                              0x08000e7f   Thumb Code     2  stm32f4xx_it.o(i.SVC_Handler)
    SYSCFG_EXTILineConfig                    0x08000e81   Thumb Code    60  stm32f4xx_syscfg.o(i.SYSCFG_EXTILineConfig)
    ServerConfig                             0x08000ec1   Thumb Code   314  server.o(i.ServerConfig)
    SysTick_Handler                          0x080010fd   Thumb Code    12  others.o(i.SysTick_Handler)
    SystemInit                               0x0800110d   Thumb Code    88  system_stm32f4xx.o(i.SystemInit)
    SystickConfig                            0x08001175   Thumb Code    82  others.o(i.SystickConfig)
    TIM6_DAC_IRQHandler                      0x080012fd   Thumb Code    30  others.o(i.TIM6_DAC_IRQHandler)
    TIM_ARRPreloadConfig                     0x08001325   Thumb Code    24  stm32f4xx_tim.o(i.TIM_ARRPreloadConfig)
    TIM_ClearITPendingBit                    0x0800133d   Thumb Code     6  stm32f4xx_tim.o(i.TIM_ClearITPendingBit)
    TIM_Cmd                                  0x08001343   Thumb Code    24  stm32f4xx_tim.o(i.TIM_Cmd)
    TIM_CtrlPWMOutputs                       0x0800135b   Thumb Code    30  stm32f4xx_tim.o(i.TIM_CtrlPWMOutputs)
    TIM_EncoderInterfaceConfig               0x08001379   Thumb Code    66  stm32f4xx_tim.o(i.TIM_EncoderInterfaceConfig)
    TIM_GetITStatus                          0x080013bb   Thumb Code    34  stm32f4xx_tim.o(i.TIM_GetITStatus)
    TIM_ICInit                               0x080013dd   Thumb Code   110  stm32f4xx_tim.o(i.TIM_ICInit)
    TIM_ICStructInit                         0x0800144b   Thumb Code    18  stm32f4xx_tim.o(i.TIM_ICStructInit)
    TIM_ITConfig                             0x0800145d   Thumb Code    18  stm32f4xx_tim.o(i.TIM_ITConfig)
    TIM_OC1Init                              0x08001471   Thumb Code   114  stm32f4xx_tim.o(i.TIM_OC1Init)
    TIM_OC1PreloadConfig                     0x080014ed   Thumb Code    18  stm32f4xx_tim.o(i.TIM_OC1PreloadConfig)
    TIM_OC2Init                              0x08001501   Thumb Code   154  stm32f4xx_tim.o(i.TIM_OC2Init)
    TIM_OC2PreloadConfig                     0x080015a5   Thumb Code    26  stm32f4xx_tim.o(i.TIM_OC2PreloadConfig)
    TIM_OC3Init                              0x080015c1   Thumb Code   150  stm32f4xx_tim.o(i.TIM_OC3Init)
    TIM_OC3PreloadConfig                     0x08001661   Thumb Code    18  stm32f4xx_tim.o(i.TIM_OC3PreloadConfig)
    TIM_OC4Init                              0x08001675   Thumb Code   112  stm32f4xx_tim.o(i.TIM_OC4Init)
    TIM_OC4PreloadConfig                     0x080016ed   Thumb Code    26  stm32f4xx_tim.o(i.TIM_OC4PreloadConfig)
    TIM_SetIC1Prescaler                      0x08001707   Thumb Code    18  stm32f4xx_tim.o(i.TIM_SetIC1Prescaler)
    TIM_SetIC2Prescaler                      0x08001719   Thumb Code    26  stm32f4xx_tim.o(i.TIM_SetIC2Prescaler)
    TIM_SetIC3Prescaler                      0x08001733   Thumb Code    18  stm32f4xx_tim.o(i.TIM_SetIC3Prescaler)
    TIM_SetIC4Prescaler                      0x08001745   Thumb Code    26  stm32f4xx_tim.o(i.TIM_SetIC4Prescaler)
    TIM_TimeBaseInit                         0x08001761   Thumb Code   104  stm32f4xx_tim.o(i.TIM_TimeBaseInit)
    USART1Config                             0x080017e5   Thumb Code   168  usart.o(i.USART1Config)
    USART1Send                               0x08001895   Thumb Code    40  usart.o(i.USART1Send)
    USART1_IRQHandler                        0x080018c1   Thumb Code   176  usart.o(i.USART1_IRQHandler)
    USART_ClearITPendingBit                  0x08001981   Thumb Code    30  stm32f4xx_usart.o(i.USART_ClearITPendingBit)
    USART_Cmd                                0x0800199f   Thumb Code    24  stm32f4xx_usart.o(i.USART_Cmd)
    USART_GetFlagStatus                      0x080019b7   Thumb Code    26  stm32f4xx_usart.o(i.USART_GetFlagStatus)
    USART_GetITStatus                        0x080019d1   Thumb Code    84  stm32f4xx_usart.o(i.USART_GetITStatus)
    USART_ITConfig                           0x08001a25   Thumb Code    74  stm32f4xx_usart.o(i.USART_ITConfig)
    USART_Init                               0x08001a71   Thumb Code   204  stm32f4xx_usart.o(i.USART_Init)
    USART_ReceiveData                        0x08001b45   Thumb Code    10  stm32f4xx_usart.o(i.USART_ReceiveData)
    USART_SendData                           0x08001b4f   Thumb Code     8  stm32f4xx_usart.o(i.USART_SendData)
    UltrasonicConfig                         0x08001b57   Thumb Code     2  ultrasonic.o(i.UltrasonicConfig)
    UsageFault_Handler                       0x08001b59   Thumb Code     4  stm32f4xx_it.o(i.UsageFault_Handler)
    main                                     0x08001b5d   Thumb Code    20  main.o(i.main)
    _fp_init                                 0x08001b71   Thumb Code    10  fpinit.o(x$fpl$fpinit)
    __fplib_config_fpu_vfp                   0x08001b79   Thumb Code     0  fpinit.o(x$fpl$fpinit)
    __fplib_config_pureend_doubles           0x08001b79   Thumb Code     0  fpinit.o(x$fpl$fpinit)
    Region$$Table$$Base                      0x08001b8c   Number         0  anon$$obj.o(Region$$Table)
    Region$$Table$$Limit                     0x08001bac   Number         0  anon$$obj.o(Region$$Table)
    startIndex                               0x20000010   Data           4  usart.o(.data)
    endIndex                                 0x20000014   Data           4  usart.o(.data)
    orderInnerIndex                          0x20000018   Data           4  usart.o(.data)
    LineTrackResult                          0x2000001c   Data           1  linetrack.o(.data)
    SystickCount                             0x20000020   Data           4  others.o(.data)
    ClockDelayOpen                           0x20000024   Data           1  others.o(.data)
    orders                                   0x20000028   Data         110  usart.o(.bss)
    __libspace_start                         0x20000098   Data          96  libspace.o(.bss)
    __temporary_stack_top$libspace           0x200000f8   Data           0  libspace.o(.bss)



==============================================================================

Memory Map of the image

  Image Entry point : 0x08000229

  Load Region LR_1 (Base: 0x08000000, Size: 0x00001bd4, Max: 0xffffffff, ABSOLUTE)

    Execution Region ER_RO (Exec base: 0x08000000, Load base: 0x08000000, Size: 0x00001bac, Max: 0xffffffff, ABSOLUTE)

    Exec Addr    Load Addr    Size         Type   Attr      Idx    E Section Name        Object

    0x08000000   0x08000000   0x00000188   Data   RO            3    RESET               startup_stm32f40_41xxx.o
    0x08000188   0x08000188   0x00000008   Code   RO         5997  * !!!main             c_w.l(__main.o)
    0x08000190   0x08000190   0x00000034   Code   RO         6154    !!!scatter          c_w.l(__scatter.o)
    0x080001c4   0x080001c4   0x0000001a   Code   RO         6156    !!handler_copy      c_w.l(__scatter_copy.o)
    0x080001de   0x080001de   0x00000002   PAD
    0x080001e0   0x080001e0   0x0000001c   Code   RO         6158    !!handler_zi        c_w.l(__scatter_zi.o)
    0x080001fc   0x080001fc   0x00000002   Code   RO         6024    .ARM.Collect$$libinit$$00000000  c_w.l(libinit.o)
    0x080001fe   0x080001fe   0x00000004   Code   RO         6030    .ARM.Collect$$libinit$$00000001  c_w.l(libinit2.o)
    0x08000202   0x08000202   0x00000000   Code   RO         6033    .ARM.Collect$$libinit$$00000004  c_w.l(libinit2.o)
    0x08000202   0x08000202   0x00000000   Code   RO         6036    .ARM.Collect$$libinit$$0000000A  c_w.l(libinit2.o)
    0x08000202   0x08000202   0x00000000   Code   RO         6038    .ARM.Collect$$libinit$$0000000C  c_w.l(libinit2.o)
    0x08000202   0x08000202   0x00000000   Code   RO         6040    .ARM.Collect$$libinit$$0000000E  c_w.l(libinit2.o)
    0x08000202   0x08000202   0x00000000   Code   RO         6043    .ARM.Collect$$libinit$$00000011  c_w.l(libinit2.o)
    0x08000202   0x08000202   0x00000000   Code   RO         6045    .ARM.Collect$$libinit$$00000013  c_w.l(libinit2.o)
    0x08000202   0x08000202   0x00000000   Code   RO         6047    .ARM.Collect$$libinit$$00000015  c_w.l(libinit2.o)
    0x08000202   0x08000202   0x00000000   Code   RO         6049    .ARM.Collect$$libinit$$00000017  c_w.l(libinit2.o)
    0x08000202   0x08000202   0x00000000   Code   RO         6051    .ARM.Collect$$libinit$$00000019  c_w.l(libinit2.o)
    0x08000202   0x08000202   0x00000000   Code   RO         6053    .ARM.Collect$$libinit$$0000001B  c_w.l(libinit2.o)
    0x08000202   0x08000202   0x00000000   Code   RO         6055    .ARM.Collect$$libinit$$0000001D  c_w.l(libinit2.o)
    0x08000202   0x08000202   0x00000000   Code   RO         6057    .ARM.Collect$$libinit$$0000001F  c_w.l(libinit2.o)
    0x08000202   0x08000202   0x00000000   Code   RO         6059    .ARM.Collect$$libinit$$00000021  c_w.l(libinit2.o)
    0x08000202   0x08000202   0x00000000   Code   RO         6061    .ARM.Collect$$libinit$$00000023  c_w.l(libinit2.o)
    0x08000202   0x08000202   0x00000000   Code   RO         6063    .ARM.Collect$$libinit$$00000025  c_w.l(libinit2.o)
    0x08000202   0x08000202   0x00000000   Code   RO         6067    .ARM.Collect$$libinit$$0000002C  c_w.l(libinit2.o)
    0x08000202   0x08000202   0x00000000   Code   RO         6069    .ARM.Collect$$libinit$$0000002E  c_w.l(libinit2.o)
    0x08000202   0x08000202   0x00000000   Code   RO         6071    .ARM.Collect$$libinit$$00000030  c_w.l(libinit2.o)
    0x08000202   0x08000202   0x00000000   Code   RO         6073    .ARM.Collect$$libinit$$00000032  c_w.l(libinit2.o)
    0x08000202   0x08000202   0x00000002   Code   RO         6074    .ARM.Collect$$libinit$$00000033  c_w.l(libinit2.o)
    0x08000204   0x08000204   0x00000002   Code   RO         6094    .ARM.Collect$$libshutdown$$00000000  c_w.l(libshutdown.o)
    0x08000206   0x08000206   0x00000000   Code   RO         6107    .ARM.Collect$$libshutdown$$00000002  c_w.l(libshutdown2.o)
    0x08000206   0x08000206   0x00000000   Code   RO         6109    .ARM.Collect$$libshutdown$$00000004  c_w.l(libshutdown2.o)
    0x08000206   0x08000206   0x00000000   Code   RO         6112    .ARM.Collect$$libshutdown$$00000007  c_w.l(libshutdown2.o)
    0x08000206   0x08000206   0x00000000   Code   RO         6115    .ARM.Collect$$libshutdown$$0000000A  c_w.l(libshutdown2.o)
    0x08000206   0x08000206   0x00000000   Code   RO         6117    .ARM.Collect$$libshutdown$$0000000C  c_w.l(libshutdown2.o)
    0x08000206   0x08000206   0x00000000   Code   RO         6120    .ARM.Collect$$libshutdown$$0000000F  c_w.l(libshutdown2.o)
    0x08000206   0x08000206   0x00000002   Code   RO         6121    .ARM.Collect$$libshutdown$$00000010  c_w.l(libshutdown2.o)
    0x08000208   0x08000208   0x00000000   Code   RO         5999    .ARM.Collect$$rtentry$$00000000  c_w.l(__rtentry.o)
    0x08000208   0x08000208   0x00000000   Code   RO         6001    .ARM.Collect$$rtentry$$00000002  c_w.l(__rtentry2.o)
    0x08000208   0x08000208   0x00000006   Code   RO         6013    .ARM.Collect$$rtentry$$00000004  c_w.l(__rtentry4.o)
    0x0800020e   0x0800020e   0x00000000   Code   RO         6003    .ARM.Collect$$rtentry$$00000009  c_w.l(__rtentry2.o)
    0x0800020e   0x0800020e   0x00000004   Code   RO         6004    .ARM.Collect$$rtentry$$0000000A  c_w.l(__rtentry2.o)
    0x08000212   0x08000212   0x00000000   Code   RO         6006    .ARM.Collect$$rtentry$$0000000C  c_w.l(__rtentry2.o)
    0x08000212   0x08000212   0x00000008   Code   RO         6007    .ARM.Collect$$rtentry$$0000000D  c_w.l(__rtentry2.o)
    0x0800021a   0x0800021a   0x00000002   Code   RO         6028    .ARM.Collect$$rtexit$$00000000  c_w.l(rtexit.o)
    0x0800021c   0x0800021c   0x00000000   Code   RO         6076    .ARM.Collect$$rtexit$$00000002  c_w.l(rtexit2.o)
    0x0800021c   0x0800021c   0x00000004   Code   RO         6077    .ARM.Collect$$rtexit$$00000003  c_w.l(rtexit2.o)
    0x08000220   0x08000220   0x00000006   Code   RO         6078    .ARM.Collect$$rtexit$$00000004  c_w.l(rtexit2.o)
    0x08000226   0x08000226   0x00000002   PAD
    0x08000228   0x08000228   0x0000004c   Code   RO            4  * .text               startup_stm32f40_41xxx.o
    0x08000274   0x08000274   0x00000006   Code   RO         5995    .text               c_w.l(heapauxi.o)
    0x0800027a   0x0800027a   0x0000004a   Code   RO         6015    .text               c_w.l(sys_stackheap_outer.o)
    0x080002c4   0x080002c4   0x00000012   Code   RO         6017    .text               c_w.l(exit.o)
    0x080002d6   0x080002d6   0x00000002   PAD
    0x080002d8   0x080002d8   0x00000008   Code   RO         6025    .text               c_w.l(libspace.o)
    0x080002e0   0x080002e0   0x0000000c   Code   RO         6086    .text               c_w.l(sys_exit.o)
    0x080002ec   0x080002ec   0x00000002   Code   RO         6097    .text               c_w.l(use_no_semi.o)
    0x080002ee   0x080002ee   0x00000000   Code   RO         6099    .text               c_w.l(indicate_semi.o)
    0x080002ee   0x080002ee   0x00000030   Code   RO         5784    i.BSPConfig         bsp.o
    0x0800031e   0x0800031e   0x00000004   Code   RO         5785    i.BSPTest           bsp.o
    0x08000322   0x08000322   0x00000004   Code   RO         5204    i.BusFault_Handler  stm32f4xx_it.o
    0x08000326   0x08000326   0x00000002   Code   RO         5205    i.DebugMon_Handler  stm32f4xx_it.o
    0x08000328   0x08000328   0x00000058   Code   RO         5549    i.DelayFunctionConfig  others.o
    0x08000380   0x08000380   0x00000038   Code   RO         5488    i.EXTI1_IRQHandler  linetrack.o
    0x080003b8   0x080003b8   0x00000038   Code   RO         5489    i.EXTI2_IRQHandler  linetrack.o
    0x080003f0   0x080003f0   0x00000038   Code   RO         5490    i.EXTI3_IRQHandler  linetrack.o
    0x08000428   0x08000428   0x00000038   Code   RO         5491    i.EXTI4_IRQHandler  linetrack.o
    0x08000460   0x08000460   0x000000e4   Code   RO         5492    i.EXTI9_5_IRQHandler  linetrack.o
    0x08000544   0x08000544   0x0000000c   Code   RO         1480    i.EXTI_ClearITPendingBit  stm32f4xx_exti.o
    0x08000550   0x08000550   0x00000018   Code   RO         1484    i.EXTI_GetITStatus  stm32f4xx_exti.o
    0x08000568   0x08000568   0x00000094   Code   RO         1485    i.EXTI_Init         stm32f4xx_exti.o
    0x080005fc   0x080005fc   0x0000000c   Code   RO         5551    i.ErrorMessage      others.o
    0x08000608   0x08000608   0x00000090   Code   RO         1993    i.GPIO_Init         stm32f4xx_gpio.o
    0x08000698   0x08000698   0x00000046   Code   RO         1994    i.GPIO_PinAFConfig  stm32f4xx_gpio.o
    0x080006de   0x080006de   0x00000012   Code   RO         1997    i.GPIO_ReadInputDataBit  stm32f4xx_gpio.o
    0x080006f0   0x080006f0   0x00000004   Code   RO         2000    i.GPIO_ResetBits    stm32f4xx_gpio.o
    0x080006f4   0x080006f4   0x00000004   Code   RO         2001    i.GPIO_SetBits      stm32f4xx_gpio.o
    0x080006f8   0x080006f8   0x00000004   Code   RO         5206    i.HardFault_Handler  stm32f4xx_it.o
    0x080006fc   0x080006fc   0x00000100   Code   RO         5814    i.LCD12864Config    lcd12864.o
    0x080007fc   0x080007fc   0x00000068   Code   RO         5815    i.LCDWrite          lcd12864.o
    0x08000864   0x08000864   0x00000120   Code   RO         5493    i.LineTrackConfig   linetrack.o
    0x08000984   0x08000984   0x00000004   Code   RO         5207    i.MemManage_Handler  stm32f4xx_it.o
    0x08000988   0x08000988   0x000002a4   Code   RO         5647    i.MontorDriverConfig  montordriver.o
    0x08000c2c   0x08000c2c   0x00000002   Code   RO         5736    i.MpuConfig         mpu.o
    0x08000c2e   0x08000c2e   0x00000002   Code   RO         5208    i.NMI_Handler       stm32f4xx_it.o
    0x08000c30   0x08000c30   0x0000000c   Code   RO         5600    i.NVICConfig        others.o
    0x08000c3c   0x08000c3c   0x00000078   Code   RO           13    i.NVIC_Init         misc.o
    0x08000cb4   0x08000cb4   0x00000014   Code   RO           14    i.NVIC_PriorityGroupConfig  misc.o
    0x08000cc8   0x08000cc8   0x00000002   Code   RO         5209    i.PendSV_Handler    stm32f4xx_it.o
    0x08000cca   0x08000cca   0x00000002   PAD
    0x08000ccc   0x08000ccc   0x00000020   Code   RO         2919    i.RCC_AHB1PeriphClockCmd  stm32f4xx_rcc.o
    0x08000cec   0x08000cec   0x00000020   Code   RO         2928    i.RCC_APB1PeriphClockCmd  stm32f4xx_rcc.o
    0x08000d0c   0x08000d0c   0x00000020   Code   RO         2931    i.RCC_APB2PeriphClockCmd  stm32f4xx_rcc.o
    0x08000d2c   0x08000d2c   0x000000e8   Code   RO         2940    i.RCC_GetClocksFreq  stm32f4xx_rcc.o
    0x08000e14   0x08000e14   0x00000018   Code   RO         4077    i.SPI_Cmd           stm32f4xx_spi.o
    0x08000e2c   0x08000e2c   0x00000012   Code   RO         4085    i.SPI_I2S_GetFlagStatus  stm32f4xx_spi.o
    0x08000e3e   0x08000e3e   0x00000004   Code   RO         4089    i.SPI_I2S_SendData  stm32f4xx_spi.o
    0x08000e42   0x08000e42   0x0000003c   Code   RO         4090    i.SPI_Init          stm32f4xx_spi.o
    0x08000e7e   0x08000e7e   0x00000002   Code   RO         5210    i.SVC_Handler       stm32f4xx_it.o
    0x08000e80   0x08000e80   0x00000040   Code   RO         4242    i.SYSCFG_EXTILineConfig  stm32f4xx_syscfg.o
    0x08000ec0   0x08000ec0   0x00000150   Code   RO         5698    i.ServerConfig      server.o
    0x08001010   0x08001010   0x000000ec   Code   RO         5273    i.SetSysClock       system_stm32f4xx.o
    0x080010fc   0x080010fc   0x00000010   Code   RO         5552    i.SysTick_Handler   others.o
    0x0800110c   0x0800110c   0x00000068   Code   RO         5275    i.SystemInit        system_stm32f4xx.o
    0x08001174   0x08001174   0x00000064   Code   RO         5606    i.SystickConfig     others.o
    0x080011d8   0x080011d8   0x0000003a   Code   RO         4299    i.TI1_Config        stm32f4xx_tim.o
    0x08001212   0x08001212   0x00000050   Code   RO         4300    i.TI2_Config        stm32f4xx_tim.o
    0x08001262   0x08001262   0x00000048   Code   RO         4301    i.TI3_Config        stm32f4xx_tim.o
    0x080012aa   0x080012aa   0x00000050   Code   RO         4302    i.TI4_Config        stm32f4xx_tim.o
    0x080012fa   0x080012fa   0x00000002   PAD
    0x080012fc   0x080012fc   0x00000028   Code   RO         5553    i.TIM6_DAC_IRQHandler  others.o
    0x08001324   0x08001324   0x00000018   Code   RO         4303    i.TIM_ARRPreloadConfig  stm32f4xx_tim.o
    0x0800133c   0x0800133c   0x00000006   Code   RO         4310    i.TIM_ClearITPendingBit  stm32f4xx_tim.o
    0x08001342   0x08001342   0x00000018   Code   RO         4315    i.TIM_Cmd           stm32f4xx_tim.o
    0x0800135a   0x0800135a   0x0000001e   Code   RO         4317    i.TIM_CtrlPWMOutputs  stm32f4xx_tim.o
    0x08001378   0x08001378   0x00000042   Code   RO         4324    i.TIM_EncoderInterfaceConfig  stm32f4xx_tim.o
    0x080013ba   0x080013ba   0x00000022   Code   RO         4336    i.TIM_GetITStatus   stm32f4xx_tim.o
    0x080013dc   0x080013dc   0x0000006e   Code   RO         4338    i.TIM_ICInit        stm32f4xx_tim.o
    0x0800144a   0x0800144a   0x00000012   Code   RO         4339    i.TIM_ICStructInit  stm32f4xx_tim.o
    0x0800145c   0x0800145c   0x00000012   Code   RO         4340    i.TIM_ITConfig      stm32f4xx_tim.o
    0x0800146e   0x0800146e   0x00000002   PAD
    0x08001470   0x08001470   0x0000007c   Code   RO         4344    i.TIM_OC1Init       stm32f4xx_tim.o
    0x080014ec   0x080014ec   0x00000012   Code   RO         4347    i.TIM_OC1PreloadConfig  stm32f4xx_tim.o
    0x080014fe   0x080014fe   0x00000002   PAD
    0x08001500   0x08001500   0x000000a4   Code   RO         4349    i.TIM_OC2Init       stm32f4xx_tim.o
    0x080015a4   0x080015a4   0x0000001a   Code   RO         4352    i.TIM_OC2PreloadConfig  stm32f4xx_tim.o
    0x080015be   0x080015be   0x00000002   PAD
    0x080015c0   0x080015c0   0x000000a0   Code   RO         4354    i.TIM_OC3Init       stm32f4xx_tim.o
    0x08001660   0x08001660   0x00000012   Code   RO         4357    i.TIM_OC3PreloadConfig  stm32f4xx_tim.o
    0x08001672   0x08001672   0x00000002   PAD
    0x08001674   0x08001674   0x00000078   Code   RO         4359    i.TIM_OC4Init       stm32f4xx_tim.o
    0x080016ec   0x080016ec   0x0000001a   Code   RO         4361    i.TIM_OC4PreloadConfig  stm32f4xx_tim.o
    0x08001706   0x08001706   0x00000012   Code   RO         4382    i.TIM_SetIC1Prescaler  stm32f4xx_tim.o
    0x08001718   0x08001718   0x0000001a   Code   RO         4383    i.TIM_SetIC2Prescaler  stm32f4xx_tim.o
    0x08001732   0x08001732   0x00000012   Code   RO         4384    i.TIM_SetIC3Prescaler  stm32f4xx_tim.o
    0x08001744   0x08001744   0x0000001a   Code   RO         4385    i.TIM_SetIC4Prescaler  stm32f4xx_tim.o
    0x0800175e   0x0800175e   0x00000002   PAD
    0x08001760   0x08001760   0x00000084   Code   RO         4387    i.TIM_TimeBaseInit  stm32f4xx_tim.o
    0x080017e4   0x080017e4   0x000000b0   Code   RO         5436    i.USART1Config      usart.o
    0x08001894   0x08001894   0x0000002c   Code   RO         5438    i.USART1Send        usart.o
    0x080018c0   0x080018c0   0x000000c0   Code   RO         5439    i.USART1_IRQHandler  usart.o
    0x08001980   0x08001980   0x0000001e   Code   RO         4866    i.USART_ClearITPendingBit  stm32f4xx_usart.o
    0x0800199e   0x0800199e   0x00000018   Code   RO         4869    i.USART_Cmd         stm32f4xx_usart.o
    0x080019b6   0x080019b6   0x0000001a   Code   RO         4872    i.USART_GetFlagStatus  stm32f4xx_usart.o
    0x080019d0   0x080019d0   0x00000054   Code   RO         4873    i.USART_GetITStatus  stm32f4xx_usart.o
    0x08001a24   0x08001a24   0x0000004a   Code   RO         4875    i.USART_ITConfig    stm32f4xx_usart.o
    0x08001a6e   0x08001a6e   0x00000002   PAD
    0x08001a70   0x08001a70   0x000000d4   Code   RO         4876    i.USART_Init        stm32f4xx_usart.o
    0x08001b44   0x08001b44   0x0000000a   Code   RO         4883    i.USART_ReceiveData  stm32f4xx_usart.o
    0x08001b4e   0x08001b4e   0x00000008   Code   RO         4886    i.USART_SendData    stm32f4xx_usart.o
    0x08001b56   0x08001b56   0x00000002   Code   RO         5760    i.UltrasonicConfig  ultrasonic.o
    0x08001b58   0x08001b58   0x00000004   Code   RO         5211    i.UsageFault_Handler  stm32f4xx_it.o
    0x08001b5c   0x08001b5c   0x00000014   Code   RO         5124    i.main              main.o
    0x08001b70   0x08001b70   0x0000000a   Code   RO         6084    x$fpl$fpinit        fz_wm.l(fpinit.o)
    0x08001b7a   0x08001b7a   0x00000002   PAD
    0x08001b7c   0x08001b7c   0x0000000e   Data   RO         5554    .conststring        others.o
    0x08001b8a   0x08001b8a   0x00000002   PAD
    0x08001b8c   0x08001b8c   0x00000020   Data   RO         6152    Region$$Table       anon$$obj.o


    Execution Region ER_RW (Exec base: 0x20000000, Load base: 0x08001bac, Size: 0x00000028, Max: 0xffffffff, ABSOLUTE)

    Exec Addr    Load Addr    Size         Type   Attr      Idx    E Section Name        Object

    0x20000000   0x08001bac   0x00000010   Data   RW         2972    .data               stm32f4xx_rcc.o
    0x20000010   0x08001bbc   0x0000000c   Data   RW         5441    .data               usart.o
    0x2000001c   0x08001bc8   0x00000001   Data   RW         5494    .data               linetrack.o
    0x2000001d   0x08001bc9   0x00000003   PAD
    0x20000020   0x08001bcc   0x00000005   Data   RW         5555    .data               others.o


    Execution Region ER_ZI (Exec base: 0x20000028, Load base: 0x08001bd4, Size: 0x000006d0, Max: 0xffffffff, ABSOLUTE)

    Exec Addr    Load Addr    Size         Type   Attr      Idx    E Section Name        Object

    0x20000028        -       0x0000006e   Zero   RW         5440    .bss                usart.o
    0x20000096   0x08001bd4   0x00000002   PAD
    0x20000098        -       0x00000060   Zero   RW         6026    .bss                c_w.l(libspace.o)
    0x200000f8        -       0x00000200   Zero   RW            2    HEAP                startup_stm32f40_41xxx.o
    0x200002f8        -       0x00000400   Zero   RW            1    STACK               startup_stm32f40_41xxx.o


==============================================================================

Image component sizes


      Code (inc. data)   RO Data    RW Data    ZI Data      Debug   Object Name

        52          0          0          0          0        894   bsp.o
       360         18          0          0          0       1252   lcd12864.o
       740         62          0          1          0       3413   linetrack.o
        20          0          0          0          0        463   main.o
       140         24          0          0          0     302975   misc.o
       676         36          0          0          0        969   montordriver.o
         2          0          0          0          0        400   mpu.o
       268         38         14          5          0      29431   others.o
       336         22          0          0          0        731   server.o
        76         32        392          0       1536        864   startup_stm32f40_41xxx.o
       184         16          0          0          0       2104   stm32f4xx_exti.o
       240          0          0          0          0       3471   stm32f4xx_gpio.o
        24          0          0          0          0       3484   stm32f4xx_it.o
       328         36          0         16          0       4607   stm32f4xx_rcc.o
       106          0          0          0          0       2908   stm32f4xx_spi.o
        64          4          0          0          0        624   stm32f4xx_syscfg.o
      1496         66          0          0          0      16799   stm32f4xx_tim.o
       468          8          0          0          0       5995   stm32f4xx_usart.o
       340         32          0          0          0       1561   system_stm32f4xx.o
         2          0          0          0          0        427   ultrasonic.o
       412         28          0         12        110       2557   usart.o

    ----------------------------------------------------------------------
      6350        422        440         40       1648     385929   Object Totals
         0          0         32          0          0          0   (incl. Generated)
        16          0          2          6          2          0   (incl. Padding)

    ----------------------------------------------------------------------

      Code (inc. data)   RO Data    RW Data    ZI Data      Debug   Library Member Name

         8          0          0          0          0         68   __main.o
         0          0          0          0          0          0   __rtentry.o
        12          0          0          0          0          0   __rtentry2.o
         6          0          0          0          0          0   __rtentry4.o
        52          8          0          0          0          0   __scatter.o
        26          0          0          0          0          0   __scatter_copy.o
        28          0          0          0          0          0   __scatter_zi.o
        18          0          0          0          0         80   exit.o
         6          0          0          0          0        152   heapauxi.o
         0          0          0          0          0          0   indicate_semi.o
         2          0          0          0          0          0   libinit.o
         6          0          0          0          0          0   libinit2.o
         2          0          0          0          0          0   libshutdown.o
         2          0          0          0          0          0   libshutdown2.o
         8          4          0          0         96         68   libspace.o
         2          0          0          0          0          0   rtexit.o
        10          0          0          0          0          0   rtexit2.o
        12          4          0          0          0         68   sys_exit.o
        74          0          0          0          0         80   sys_stackheap_outer.o
         2          0          0          0          0         68   use_no_semi.o
        10          0          0          0          0        116   fpinit.o

    ----------------------------------------------------------------------
       294         16          0          0         96        700   Library Totals
         8          0          0          0          0          0   (incl. Padding)

    ----------------------------------------------------------------------

      Code (inc. data)   RO Data    RW Data    ZI Data      Debug   Library Name

       276         16          0          0         96        584   c_w.l
        10          0          0          0          0        116   fz_wm.l

    ----------------------------------------------------------------------
       294         16          0          0         96        700   Library Totals

    ----------------------------------------------------------------------

==============================================================================


      Code (inc. data)   RO Data    RW Data    ZI Data      Debug   

      6644        438        440         40       1744     378373   Grand Totals
      6644        438        440         40       1744     378373   ELF Image Totals
      6644        438        440         40          0          0   ROM Totals

==============================================================================

    Total RO  Size (Code + RO Data)                 7084 (   6.92kB)
    Total RW  Size (RW Data + ZI Data)              1784 (   1.74kB)
    Total ROM Size (Code + RO Data + RW Data)       7124 (   6.96kB)

==============================================================================

