Component: ARM Compiler 5.06 update 6 (build 750) Tool: armlink [4d35ed]

==============================================================================

Section Cross References

    startup_stm32f40_41xxx.o(STACK) refers (Special) to heapauxi.o(.text) for __use_two_region_memory
    startup_stm32f40_41xxx.o(HEAP) refers (Special) to heapauxi.o(.text) for __use_two_region_memory
    startup_stm32f40_41xxx.o(RESET) refers (Special) to heapauxi.o(.text) for __use_two_region_memory
    startup_stm32f40_41xxx.o(RESET) refers to startup_stm32f40_41xxx.o(.text) for Reset_Handler
    startup_stm32f40_41xxx.o(RESET) refers to stm32f4xx_it.o(i.NMI_Handler) for NMI_Handler
    startup_stm32f40_41xxx.o(RESET) refers to stm32f4xx_it.o(i.HardFault_Handler) for HardFault_Handler
    startup_stm32f40_41xxx.o(RESET) refers to stm32f4xx_it.o(i.MemManage_Handler) for MemManage_Handler
    startup_stm32f40_41xxx.o(RESET) refers to stm32f4xx_it.o(i.BusFault_Handler) for BusFault_Handler
    startup_stm32f40_41xxx.o(RESET) refers to stm32f4xx_it.o(i.UsageFault_Handler) for UsageFault_Handler
    startup_stm32f40_41xxx.o(RESET) refers to stm32f4xx_it.o(i.SVC_Handler) for SVC_Handler
    startup_stm32f40_41xxx.o(RESET) refers to stm32f4xx_it.o(i.DebugMon_Handler) for DebugMon_Handler
    startup_stm32f40_41xxx.o(RESET) refers to stm32f4xx_it.o(i.PendSV_Handler) for PendSV_Handler
    startup_stm32f40_41xxx.o(RESET) refers to others.o(i.SysTick_Handler) for SysTick_Handler
    startup_stm32f40_41xxx.o(RESET) refers to usart.o(i.USART1_IRQHandler) for USART1_IRQHandler
    startup_stm32f40_41xxx.o(RESET) refers to ultrasonic.o(i.TIM8_BRK_TIM12_IRQHandler) for TIM8_BRK_TIM12_IRQHandler
    startup_stm32f40_41xxx.o(RESET) refers to ultrasonic.o(i.TIM8_UP_TIM13_IRQHandler) for TIM8_UP_TIM13_IRQHandler
    startup_stm32f40_41xxx.o(RESET) refers to ultrasonic.o(i.TIM8_TRG_COM_TIM14_IRQHandler) for TIM8_TRG_COM_TIM14_IRQHandler
    startup_stm32f40_41xxx.o(RESET) refers to others.o(i.TIM6_DAC_IRQHandler) for TIM6_DAC_IRQHandler
    startup_stm32f40_41xxx.o(.text) refers (Special) to heapauxi.o(.text) for __use_two_region_memory
    startup_stm32f40_41xxx.o(.text) refers to system_stm32f4xx.o(i.SystemInit) for SystemInit
    startup_stm32f40_41xxx.o(.text) refers to __main.o(!!!main) for __main
    startup_stm32f40_41xxx.o(.text) refers to startup_stm32f40_41xxx.o(HEAP) for Heap_Mem
    startup_stm32f40_41xxx.o(.text) refers to startup_stm32f40_41xxx.o(STACK) for Stack_Mem
    stm32f4xx_adc.o(i.ADC_DeInit) refers to stm32f4xx_rcc.o(i.RCC_APB2PeriphResetCmd) for RCC_APB2PeriphResetCmd
    stm32f4xx_can.o(i.CAN_DeInit) refers to stm32f4xx_rcc.o(i.RCC_APB1PeriphResetCmd) for RCC_APB1PeriphResetCmd
    stm32f4xx_can.o(i.CAN_GetITStatus) refers to stm32f4xx_can.o(i.CheckITStatus) for CheckITStatus
    stm32f4xx_cryp.o(i.CRYP_DeInit) refers to stm32f4xx_rcc.o(i.RCC_AHB2PeriphResetCmd) for RCC_AHB2PeriphResetCmd
    stm32f4xx_cryp_aes.o(i.CRYP_AES_CBC) refers to stm32f4xx_cryp.o(i.CRYP_KeyStructInit) for CRYP_KeyStructInit
    stm32f4xx_cryp_aes.o(i.CRYP_AES_CBC) refers to stm32f4xx_cryp.o(i.CRYP_FIFOFlush) for CRYP_FIFOFlush
    stm32f4xx_cryp_aes.o(i.CRYP_AES_CBC) refers to stm32f4xx_cryp.o(i.CRYP_Init) for CRYP_Init
    stm32f4xx_cryp_aes.o(i.CRYP_AES_CBC) refers to stm32f4xx_cryp.o(i.CRYP_KeyInit) for CRYP_KeyInit
    stm32f4xx_cryp_aes.o(i.CRYP_AES_CBC) refers to stm32f4xx_cryp.o(i.CRYP_Cmd) for CRYP_Cmd
    stm32f4xx_cryp_aes.o(i.CRYP_AES_CBC) refers to stm32f4xx_cryp.o(i.CRYP_GetFlagStatus) for CRYP_GetFlagStatus
    stm32f4xx_cryp_aes.o(i.CRYP_AES_CBC) refers to stm32f4xx_cryp.o(i.CRYP_IVInit) for CRYP_IVInit
    stm32f4xx_cryp_aes.o(i.CRYP_AES_CBC) refers to stm32f4xx_cryp.o(i.CRYP_GetCmdStatus) for CRYP_GetCmdStatus
    stm32f4xx_cryp_aes.o(i.CRYP_AES_CBC) refers to stm32f4xx_cryp.o(i.CRYP_DataIn) for CRYP_DataIn
    stm32f4xx_cryp_aes.o(i.CRYP_AES_CBC) refers to stm32f4xx_cryp.o(i.CRYP_DataOut) for CRYP_DataOut
    stm32f4xx_cryp_aes.o(i.CRYP_AES_CCM) refers to stm32f4xx_cryp.o(i.CRYP_KeyStructInit) for CRYP_KeyStructInit
    stm32f4xx_cryp_aes.o(i.CRYP_AES_CCM) refers to stm32f4xx_cryp.o(i.CRYP_FIFOFlush) for CRYP_FIFOFlush
    stm32f4xx_cryp_aes.o(i.CRYP_AES_CCM) refers to stm32f4xx_cryp.o(i.CRYP_KeyInit) for CRYP_KeyInit
    stm32f4xx_cryp_aes.o(i.CRYP_AES_CCM) refers to stm32f4xx_cryp.o(i.CRYP_IVInit) for CRYP_IVInit
    stm32f4xx_cryp_aes.o(i.CRYP_AES_CCM) refers to stm32f4xx_cryp.o(i.CRYP_Init) for CRYP_Init
    stm32f4xx_cryp_aes.o(i.CRYP_AES_CCM) refers to stm32f4xx_cryp.o(i.CRYP_PhaseConfig) for CRYP_PhaseConfig
    stm32f4xx_cryp_aes.o(i.CRYP_AES_CCM) refers to stm32f4xx_cryp.o(i.CRYP_DataIn) for CRYP_DataIn
    stm32f4xx_cryp_aes.o(i.CRYP_AES_CCM) refers to stm32f4xx_cryp.o(i.CRYP_Cmd) for CRYP_Cmd
    stm32f4xx_cryp_aes.o(i.CRYP_AES_CCM) refers to stm32f4xx_cryp.o(i.CRYP_GetCmdStatus) for CRYP_GetCmdStatus
    stm32f4xx_cryp_aes.o(i.CRYP_AES_CCM) refers to stm32f4xx_cryp.o(i.CRYP_GetFlagStatus) for CRYP_GetFlagStatus
[...]
    ../clib/signal.c                         0x00000000   Number         0  defsig_rtmem_inner.o ABSOLUTE
    ../clib/signal.c                         0x00000000   Number         0  defsig_stak_inner.o ABSOLUTE
    ../clib/signal.c                         0x00000000   Number         0  __raise.o ABSOLUTE
    ../clib/signal.c                         0x00000000   Number         0  defsig_pvfn_inner.o ABSOLUTE
    ../clib/signal.c                         0x00000000   Number         0  defsig_other.o ABSOLUTE
    ../clib/signal.c                         0x00000000   Number         0  defsig_cppl_inner.o ABSOLUTE
    ../clib/signal.c                         0x00000000   Number         0  defsig_rtred_inner.o ABSOLUTE
    ../clib/signal.c                         0x00000000   Number         0  defsig_general.o ABSOLUTE
    ../clib/signal.c                         0x00000000   Number         0  defsig_abrt_inner.o ABSOLUTE
    ../clib/signal.c                         0x00000000   Number         0  defsig_rtmem_formal.o ABSOLUTE
    ../clib/signal.c                         0x00000000   Number         0  defsig_exit.o ABSOLUTE
    ../clib/signal.s                         0x00000000   Number         0  defsig.o ABSOLUTE
    ../clib/stdlib.c                         0x00000000   Number         0  exit.o ABSOLUTE
    ../fplib/fpinit.s                        0x00000000   Number         0  fpinit.o ABSOLUTE
    ..\BSP\BSP.c                             0x00000000   Number         0  bsp.o ABSOLUTE
    ..\BSP\LCD12864.c                        0x00000000   Number         0  lcd12864.o ABSOLUTE
    ..\BSP\LEDMX7219.c                       0x00000000   Number         0  ledmx7219.o ABSOLUTE
    ..\BSP\LineTrack.c                       0x00000000   Number         0  linetrack.o ABSOLUTE
    ..\BSP\MPU.c                             0x00000000   Number         0  mpu.o ABSOLUTE
    ..\BSP\MontorDriver.c                    0x00000000   Number         0  montordriver.o ABSOLUTE
    ..\BSP\Others.c                          0x00000000   Number         0  others.o ABSOLUTE
    ..\BSP\Server.c                          0x00000000   Number         0  server.o ABSOLUTE
    ..\BSP\USART.c                           0x00000000   Number         0  usart.o ABSOLUTE
    ..\BSP\Ultrasonic.c                      0x00000000   Number         0  ultrasonic.o ABSOLUTE
    ..\CMSIS\startup_stm32f40_41xxx.s        0x00000000   Number         0  startup_stm32f40_41xxx.o ABSOLUTE
    ..\Control\Locataor .c                   0x00000000   Number         0  locataor .o ABSOLUTE
    ..\Control\MotionAnalysis.c              0x00000000   Number         0  motionanalysis.o ABSOLUTE
    ..\Control\PIDController.c               0x00000000   Number         0  pidcontroller.o ABSOLUTE
    ..\Control\SequenceController.c          0x00000000   Number         0  sequencecontroller.o ABSOLUTE
    ..\Control\Tracker.c                     0x00000000   Number         0  tracker.o ABSOLUTE
    ..\Library\src\misc.c                    0x00000000   Number         0  misc.o ABSOLUTE
    ..\Library\src\stm32f4xx_adc.c           0x00000000   Number         0  stm32f4xx_adc.o ABSOLUTE
    ..\Library\src\stm32f4xx_can.c           0x00000000   Number         0  stm32f4xx_can.o ABSOLUTE
    ..\Library\src\stm32f4xx_cec.c           0x00000000   Number         0  stm32f4xx_cec.o ABSOLUTE
    ..\Library\src\stm32f4xx_crc.c           0x00000000   Number         0  stm32f4xx_crc.o ABSOLUTE
    ..\Library\src\stm32f4xx_cryp.c          0x00000000   Number         0  stm32f4xx_cryp.o ABSOLUTE
    ..\Library\src\stm32f4xx_cryp_aes.c      0x00000000   Number         0  stm32f4xx_cryp_aes.o ABSOLUTE
    ..\Library\src\stm32f4xx_cryp_des.c      0x00000000   Number         0  stm32f4xx_cryp_des.o ABSOLUTE
    ..\Library\src\stm32f4xx_cryp_tdes.c     0x00000000   Number         0  stm32f4xx_cryp_tdes.o ABSOLUTE
    ..\Library\src\stm32f4xx_dac.c           0x00000000   Number         0  stm32f4xx_dac.o ABSOLUTE
    ..\Library\src\stm32f4xx_dbgmcu.c        0x00000000   Number         0  stm32f4xx_dbgmcu.o ABSOLUTE
    ..\Library\src\stm32f4xx_dcmi.c          0x00000000   Number         0  stm32f4xx_dcmi.o ABSOLUTE
    ..\Library\src\stm32f4xx_dfsdm.c         0x00000000   Number         0  stm32f4xx_dfsdm.o ABSOLUTE
    ..\Library\src\stm32f4xx_dma.c           0x00000000   Number         0  stm32f4xx_dma.o ABSOLUTE
    ..\Library\src\stm32f4xx_dma2d.c         0x00000000   Number         0  stm32f4xx_dma2d.o ABSOLUTE
    ..\Library\src\stm32f4xx_dsi.c           0x00000000   Number         0  stm32f4xx_dsi.o ABSOLUTE
    ..\Library\src\stm32f4xx_exti.c          0x00000000   Number         0  stm32f4xx_exti.o ABSOLUTE
    ..\Library\src\stm32f4xx_flash.c         0x00000000   Number         0  stm32f4xx_flash.o ABSOLUTE
    ..\Library\src\stm32f4xx_flash_ramfunc.c 0x00000000   Number         0  stm32f4xx_flash_ramfunc.o ABSOLUTE
    ..\Library\src\stm32f4xx_fmpi2c.c        0x00000000   Number         0  stm32f4xx_fmpi2c.o ABSOLUTE
    ..\Library\src\stm32f4xx_fsmc.c          0x00000000   Number         0  stm32f4xx_fsmc.o ABSOLUTE
    ..\Library\src\stm32f4xx_gpio.c          0x00000000   Number         0  stm32f4xx_gpio.o ABSOLUTE
    ..\Library\src\stm32f4xx_hash.c          0x00000000   Number         0  stm32f4xx_hash.o ABSOLUTE
    ..\Library\src\stm32f4xx_hash_md5.c      0x00000000   Number         0  stm32f4xx_hash_md5.o ABSOLUTE
    ..\Library\src\stm32f4xx_hash_sha1.c     0x00000000   Number         0  stm32f4xx_hash_sha1.o ABSOLUTE
    ..\Library\src\stm32f4xx_i2c.c           0x00000000   Number         0  stm32f4xx_i2c.o ABSOLUTE
    ..\Library\src\stm32f4xx_iwdg.c          0x00000000   Number         0  stm32f4xx_iwdg.o ABSOLUTE
    ..\Library\src\stm32f4xx_lptim.c         0x00000000   Number         0  stm32f4xx_lptim.o ABSOLUTE
    ..\Library\src\stm32f4xx_ltdc.c          0x00000000   Number         0  stm32f4xx_ltdc.o ABSOLUTE
    ..\Library\src\stm32f4xx_pwr.c           0x00000000   Number         0  stm32f4xx_pwr.o ABSOLUTE
    ..\Library\src\stm32f4xx_qspi.c          0x00000000   Number         0  stm32f4xx_qspi.o ABSOLUTE
    ..\Library\src\stm32f4xx_rcc.c           0x00000000   Number         0  stm32f4xx_rcc.o ABSOLUTE
    ..\Library\src\stm32f4xx_rng.c           0x00000000   Number         0  stm32f4xx_rng.o ABSOLUTE
    ..\Library\src\stm32f4xx_rtc.c           0x00000000   Number         0  stm32f4xx_rtc.o ABSOLUTE
    ..\Library\src\stm32f4xx_sai.c           0x00000000   Number         0  stm32f4xx_sai.o ABSOLUTE
    ..\Library\src\stm32f4xx_sdio.c          0x00000000   Number         0  stm32f4xx_sdio.o ABSOLUTE
    ..\Library\src\stm32f4xx_spdifrx.c       0x00000000   Number         0  stm32f4xx_spdifrx.o ABSOLUTE
    ..\Library\src\stm32f4xx_spi.c           0x00000000   Number         0  stm32f4xx_spi.o ABSOLUTE
    ..\Library\src\stm32f4xx_syscfg.c        0x00000000   Number         0  stm32f4xx_syscfg.o ABSOLUTE
    ..\Library\src\stm32f4xx_tim.c           0x00000000   Number         0  stm32f4xx_tim.o ABSOLUTE
    ..\Library\src\stm32f4xx_usart.c         0x00000000   Number         0  stm32f4xx_usart.o ABSOLUTE
    ..\Library\src\stm32f4xx_wwdg.c          0x00000000   Number         0  stm32f4xx_wwdg.o ABSOLUTE
    ..\User\PathFinding.c                    0x00000000   Number         0  pathfinding.o ABSOLUTE
    ..\User\Script.c                         0x00000000   Number         0  script.o ABSOLUTE
    ..\User\Test.c                           0x00000000   Number         0  test.o ABSOLUTE
    ..\User\main.c                           0x00000000   Number         0  main.o ABSOLUTE
    ..\User\stm32f4xx_it.c                   0x00000000   Number         0  stm32f4xx_it.o ABSOLUTE
    ..\User\system_stm32f4xx.c               0x00000000   Number         0  system_stm32f4xx.o ABSOLUTE
    ..\\BSP\\BSP.c                           0x00000000   Number         0  bsp.o ABSOLUTE
    ..\\BSP\\LCD12864.c                      0x00000000   Number         0  lcd12864.o ABSOLUTE
    ..\\BSP\\LEDMX7219.c                     0x00000000   Number         0  ledmx7219.o ABSOLUTE
    ..\\BSP\\LineTrack.c                     0x00000000   Number         0  linetrack.o ABSOLUTE
    ..\\BSP\\MPU.c                           0x00000000   Number         0  mpu.o ABSOLUTE
    ..\\BSP\\MontorDriver.c                  0x00000000   Number         0  montordriver.o ABSOLUTE
    ..\\BSP\\Others.c                        0x00000000   Number         0  others.o ABSOLUTE
    ..\\BSP\\Server.c                        0x00000000   Number         0  server.o ABSOLUTE
    ..\\BSP\\USART.c                         0x00000000   Number         0  usart.o ABSOLUTE
    ..\\BSP\\Ultrasonic.c                    0x00000000   Number         0  ultrasonic.o ABSOLUTE
    ..\\Control\\Locataor .c                 0x00000000   Number         0  locataor .o ABSOLUTE
    ..\\Control\\MotionAnalysis.c            0x00000000   Number         0  motionanalysis.o ABSOLUTE
    ..\\Control\\SequenceController.c        0x00000000   Number         0  sequencecontroller.o ABSOLUTE
    ..\\Control\\Tracker.c                   0x00000000   Number         0  tracker.o ABSOLUTE
    ..\\Library\\src\\misc.c                 0x00000000   Number         0  misc.o ABSOLUTE
    ..\\Library\\src\\stm32f4xx_adc.c        0x00000000   Number         0  stm32f4xx_adc.o ABSOLUTE
    ..\\Library\\src\\stm32f4xx_can.c        0x00000000   Number         0  stm32f4xx_can.o ABSOLUTE
    ..\\Library\\src\\stm32f4xx_cec.c        0x00000000   Number         0  stm32f4xx_cec.o ABSOLUTE
    ..\\Library\\src\\stm32f4xx_crc.c        0x00000000   Number         0  stm32f4xx_crc.o ABSOLUTE
    ..\\Library\\src\\stm32f4xx_cryp.c       0x00000000   Number         0  stm32f4xx_cryp.o ABSOLUTE
    ..\\Library\\src\\stm32f4xx_cryp_aes.c   0x00000000   Number         0  stm32f4xx_cryp_aes.o ABSOLUTE
    ..\\Library\\src\\stm32f4xx_cryp_des.c   0x00000000   Number         0  stm32f4xx_cryp_des.o ABSOLUTE
    ..\\Library\\src\\stm32f4xx_cryp_tdes.c  0x00000000   Number         0  stm32f4xx_cryp_tdes.o ABSOLUTE
    ..\\Library\\src\\stm32f4xx_dac.c        0x00000000   Number         0  stm32f4xx_dac.o ABSOLUTE
    ..\\Library\\src\\stm32f4xx_dbgmcu.c     0x00000000   Number         0  stm32f4xx_dbgmcu.o ABSOLUTE
    ..\\Library\\src\\stm32f4xx_dcmi.c       0x00000000   Number         0  stm32f4xx_dcmi.o ABSOLUTE
    ..\\Library\\src\\stm32f4xx_dfsdm.c      0x00000000   Number         0  stm32f4xx_dfsdm.o ABSOLUTE
    ..\\Library\\src\\stm32f4xx_dma.c        0x00000000   Number         0  stm32f4xx_dma.o ABSOLUTE
    ..\\Library\\src\\stm32f4xx_dma2d.c      0x00000000   Number         0  stm32f4xx_dma2d.o ABSOLUTE
    ..\\Library\\src\\stm32f4xx_dsi.c        0x00000000   Number         0  stm32f4xx_dsi.o ABSOLUTE
    ..\\Library\\src\\stm32f4xx_exti.c       0x00000000   Number         0  stm32f4xx_exti.o ABSOLUTE
    ..\\Library\\src\\stm32f4xx_flash.c      0x00000000   Number         0  stm32f4xx_flash.o ABSOLUTE
    ..\\Library\\src\\stm32f4xx_flash_ramfunc.c 0x00000000   Number         0  stm32f4xx_flash_ramfunc.o ABSOLUTE
    ..\\Library\\src\\stm32f4xx_fmpi2c.c     0x00000000   Number         0  stm32f4xx_fmpi2c.o ABSOLUTE
    ..\\Library\\src\\stm32f4xx_fsmc.c       0x00000000   Number         0  stm32f4xx_fsmc.o ABSOLUTE
    ..\\Library\\src\\stm32f4xx_gpio.c       0x00000000   Number         0  stm32f4xx_gpio.o ABSOLUTE
    ..\\Library\\src\\stm32f4xx_hash.c       0x00000000   Number         0  stm32f4xx_hash.o ABSOLUTE
    ..\\Library\\src\\stm32f4xx_hash_md5.c   0x00000000   Number         0  stm32f4xx_hash_md5.o ABSOLUTE
    ..\\Library\\src\\stm32f4xx_hash_sha1.c  0x00000000   Number         0  stm32f4xx_hash_sha1.o ABSOLUTE
    ..\\Library\\src\\stm32f4xx_i2c.c        0x00000000   Number         0  stm32f4xx_i2c.o ABSOLUTE
    ..\\Library\\src\\stm32f4xx_iwdg.c       0x00000000   Number         0  stm32f4xx_iwdg.o ABSOLUTE
    ..\\Library\\src\\stm32f4xx_lptim.c      0x00000000   Number         0  stm32f4xx_lptim.o ABSOLUTE
    ..\\Library\\src\\stm32f4xx_ltdc.c       0x00000000   Number         0  stm32f4xx_ltdc.o ABSOLUTE
    ..\\Library\\src\\stm32f4xx_pwr.c        0x00000000   Number         0  stm32f4xx_pwr.o ABSOLUTE
    ..\\Library\\src\\stm32f4xx_qspi.c       0x00000000   Number         0  stm32f4xx_qspi.o ABSOLUTE
    ..\\Library\\src\\stm32f4xx_rcc.c        0x00000000   Number         0  stm32f4xx_rcc.o ABSOLUTE
    ..\\Library\\src\\stm32f4xx_rng.c        0x00000000   Number         0  stm32f4xx_rng.o ABSOLUTE
    ..\\Library\\src\\stm32f4xx_rtc.c        0x00000000   Number         0  stm32f4xx_rtc.o ABSOLUTE
    ..\\Library\\src\\stm32f4xx_sai.c        0x00000000   Number         0  stm32f4xx_sai.o ABSOLUTE
    ..\\Library\\src\\stm32f4xx_sdio.c       0x00000000   Number         0  stm32f4xx_sdio.o ABSOLUTE
    ..\\Library\\src\\stm32f4xx_spdifrx.c    0x00000000   Number         0  stm32f4xx_spdifrx.o ABSOLUTE
    ..\\Library\\src\\stm32f4xx_spi.c        0x00000000   Number         0  stm32f4xx_spi.o ABSOLUTE
    ..\\Library\\src\\stm32f4xx_syscfg.c     0x00000000   Number         0  stm32f4xx_syscfg.o ABSOLUTE
    ..\\Library\\src\\stm32f4xx_tim.c        0x00000000   Number         0  stm32f4xx_tim.o ABSOLUTE
    ..\\Library\\src\\stm32f4xx_usart.c      0x00000000   Number         0  stm32f4xx_usart.o ABSOLUTE
    ..\\Library\\src\\stm32f4xx_wwdg.c       0x00000000   Number         0  stm32f4xx_wwdg.o ABSOLUTE
    ..\\User\\Script.c                       0x00000000   Number         0  script.o ABSOLUTE
    ..\\User\\Test.c                         0x00000000   Number         0  test.o ABSOLUTE
    ..\\User\\main.c                         0x00000000   Number         0  main.o ABSOLUTE
    ..\\User\\stm32f4xx_it.c                 0x00000000   Number         0  stm32f4xx_it.o ABSOLUTE
    ..\\User\\system_stm32f4xx.c             0x00000000   Number         0  system_stm32f4xx.o ABSOLUTE
    dc.s                                     0x00000000   Number         0  dc.o ABSOLUTE
    RESET                                    0x08000000   Section      392  startup_stm32f40_41xxx.o(RESET)
    !!!main                                  0x08000188   Section        8  __main.o(!!!main)
    !!!scatter                               0x08000190   Section       52  __scatter.o(!!!scatter)
    !!handler_copy                           0x080001c4   Section       26  __scatter_copy.o(!!handler_copy)
    !!handler_zi                             0x080001e0   Section       28  __scatter_zi.o(!!handler_zi)
    .ARM.Collect$$libinit$$00000000          0x080001fc   Section        2  libinit.o(.ARM.Collect$$libinit$$00000000)
    .ARM.Collect$$libinit$$00000001          0x080001fe   Section        4  libinit2.o(.ARM.Collect$$libinit$$00000001)
    .ARM.Collect$$libinit$$00000004          0x08000202   Section        0  libinit2.o(.ARM.Collect$$libinit$$00000004)
    .ARM.Collect$$libinit$$0000000A          0x08000202   Section        0  libinit2.o(.ARM.Collect$$libinit$$0000000A)
    .ARM.Collect$$libinit$$0000000C          0x08000202   Section        0  libinit2.o(.ARM.Collect$$libinit$$0000000C)
    .ARM.Collect$$libinit$$0000000E          0x08000202   Section        0  libinit2.o(.ARM.Collect$$libinit$$0000000E)
    .ARM.Collect$$libinit$$00000011          0x08000202   Section        0  libinit2.o(.ARM.Collect$$libinit$$00000011)
    .ARM.Collect$$libinit$$00000013          0x08000202   Section        0  libinit2.o(.ARM.Collect$$libinit$$00000013)
    .ARM.Collect$$libinit$$00000015          0x08000202   Section        0  libinit2.o(.ARM.Collect$$libinit$$00000015)
    .ARM.Collect$$libinit$$00000017          0x08000202   Section        0  libinit2.o(.ARM.Collect$$libinit$$00000017)
    .ARM.Collect$$libinit$$00000019          0x08000202   Section        0  libinit2.o(.ARM.Collect$$libinit$$00000019)
    .ARM.Collect$$libinit$$0000001B          0x08000202   Section        0  libinit2.o(.ARM.Collect$$libinit$$0000001B)
    .ARM.Collect$$libinit$$0000001D          0x08000202   Section        0  libinit2.o(.ARM.Collect$$libinit$$0000001D)
    .ARM.Collect$$libinit$$0000001F          0x08000202   Section        0  libinit2.o(.ARM.Collect$$libinit$$0000001F)
    .ARM.Collect$$libinit$$00000021          0x08000202   Section        0  libinit2.o(.ARM.Collect$$libinit$$00000021)
    .ARM.Collect$$libinit$$00000023          0x08000202   Section        0  libinit2.o(.ARM.Collect$$libinit$$00000023)
    .ARM.Collect$$libinit$$00000025          0x08000202   Section        0  libinit2.o(.ARM.Collect$$libinit$$00000025)
    .ARM.Collect$$libinit$$0000002C          0x08000202   Section        0  libinit2.o(.ARM.Collect$$libinit$$0000002C)
    .ARM.Collect$$libinit$$0000002E          0x08000202   Section        0  libinit2.o(.ARM.Collect$$libinit$$0000002E)
    .ARM.Collect$$libinit$$00000030          0x08000202   Section        0  libinit2.o(.ARM.Collect$$libinit$$00000030)
    .ARM.Collect$$libinit$$00000032          0x08000202   Section        0  libinit2.o(.ARM.Collect$$libinit$$00000032)
    .ARM.Collect$$libinit$$00000033          0x08000202   Section        2  libinit2.o(.ARM.Collect$$libinit$$00000033)
    .ARM.Collect$$libshutdown$$00000000      0x08000204   Section        2  libshutdown.o(.ARM.Collect$$libshutdown$$00000000)
    .ARM.Collect$$libshutdown$$00000002      0x08000206   Section        0  libshutdown2.o(.ARM.Collect$$libshutdown$$00000002)
    .ARM.Collect$$libshutdown$$00000004      0x08000206   Section        0  libshutdown2.o(.ARM.Collect$$libshutdown$$00000004)
    .ARM.Collect$$libshutdown$$00000007      0x08000206   Section        0  libshutdown2.o(.ARM.Collect$$libshutdown$$00000007)
    .ARM.Collect$$libshutdown$$0000000A      0x08000206   Section        0  libshutdown2.o(.ARM.Collect$$libshutdown$$0000000A)
    .ARM.Collect$$libshutdown$$0000000C      0x08000206   Section        0  libshutdown2.o(.ARM.Collect$$libshutdown$$0000000C)
    .ARM.Collect$$libshutdown$$0000000F      0x08000206   Section        0  libshutdown2.o(.ARM.Collect$$libshutdown$$0000000F)
    .ARM.Collect$$libshutdown$$00000010      0x08000206   Section        2  libshutdown2.o(.ARM.Collect$$libshutdown$$00000010)
    .ARM.Collect$$rtentry$$00000000          0x08000208   Section        0  __rtentry.o(.ARM.Collect$$rtentry$$00000000)
    .ARM.Collect$$rtentry$$00000002          0x08000208   Section        0  __rtentry2.o(.ARM.Collect$$rtentry$$00000002)
    .ARM.Collect$$rtentry$$00000004          0x08000208   Section        6  __rtentry4.o(.ARM.Collect$$rtentry$$00000004)
    .ARM.Collect$$rtentry$$00000009          0x0800020e   Section        0  __rtentry2.o(.ARM.Collect$$rtentry$$00000009)
    .ARM.Collect$$rtentry$$0000000A          0x0800020e   Section        4  __rtentry2.o(.ARM.Collect$$rtentry$$0000000A)
    .ARM.Collect$$rtentry$$0000000C          0x08000212   Section        0  __rtentry2.o(.ARM.Collect$$rtentry$$0000000C)
    .ARM.Collect$$rtentry$$0000000D          0x08000212   Section        8  __rtentry2.o(.ARM.Collect$$rtentry$$0000000D)
    .ARM.Collect$$rtexit$$00000000           0x0800021a   Section        2  rtexit.o(.ARM.Collect$$rtexit$$00000000)
    .ARM.Collect$$rtexit$$00000002           0x0800021c   Section        0  rtexit2.o(.ARM.Collect$$rtexit$$00000002)
    .ARM.Collect$$rtexit$$00000003           0x0800021c   Section        4  rtexit2.o(.ARM.Collect$$rtexit$$00000003)
    .ARM.Collect$$rtexit$$00000004           0x08000220   Section        6  rtexit2.o(.ARM.Collect$$rtexit$$00000004)
    .text                                    0x08000228   Section       76  startup_stm32f40_41xxx.o(.text)
    $v0                                      0x08000228   Number         0  startup_stm32f40_41xxx.o(.text)
    .text                                    0x08000274   Section       78  rt_memclr_w.o(.text)
    .text                                    0x080002c2   Section        0  heapauxi.o(.text)
    .text                                    0x080002c8   Section       74  sys_stackheap_outer.o(.text)
    .text                                    0x08000312   Section        0  exit.o(.text)
    .text                                    0x08000324   Section        8  libspace.o(.text)
    .text                                    0x0800032c   Section        0  sys_exit.o(.text)
    .text                                    0x08000338   Section        2  use_no_semi.o(.text)
    .text                                    0x0800033a   Section        0  indicate_semi.o(.text)
    i.ApplyMaskWithFactor                    0x0800033a   Section        0  motionanalysis.o(i.ApplyMaskWithFactor)
    i.BSPConfig                              0x0800038c   Section        0  bsp.o(i.BSPConfig)
    i.BSPTest                                0x080003bc   Section        0  bsp.o(i.BSPTest)
    i.BusFault_Handler                       0x080003c0   Section        0  stm32f4xx_it.o(i.BusFault_Handler)
    i.DebugMon_Handler                       0x080003c4   Section        0  stm32f4xx_it.o(i.DebugMon_Handler)
    i.Delay                                  0x080003c8   Section        0  others.o(i.Delay)
    i.DelayFunctionConfig                    0x08000404   Section        0  others.o(i.DelayFunctionConfig)
    i.DelayS                                 0x0800045c   Section        0  others.o(i.DelayS)
    i.EnableSystemFunctionCycle              0x08000480   Section        0  others.o(i.EnableSystemFunctionCycle)
    i.ErrorMessage                           0x0800048c   Section        0  others.o(i.ErrorMessage)
    i.FinishOnePIDStep                       0x08000498   Section        0  pidcontroller.o(i.FinishOnePIDStep)
    i.GPIO_Init                              0x080004fc   Section        0  stm32f4xx_gpio.o(i.GPIO_Init)
    i.GPIO_PinAFConfig                       0x0800058c   Section        0  stm32f4xx_gpio.o(i.GPIO_PinAFConfig)
    i.GPIO_ResetBits                         0x080005d2   Section        0  stm32f4xx_gpio.o(i.GPIO_ResetBits)
    i.GPIO_SetBits                           0x080005d6   Section        0  stm32f4xx_gpio.o(i.GPIO_SetBits)
    i.GPIO_WriteBit                          0x080005da   Section        0  stm32f4xx_gpio.o(i.GPIO_WriteBit)
    i.GetMontorSpeed                         0x080005e4   Section        0  montordriver.o(i.GetMontorSpeed)
    i.HardFault_Handler                      0x0800061a   Section        0  stm32f4xx_it.o(i.HardFault_Handler)
    i.InitOnePIDInstance                     0x0800061e   Section        0  pidcontroller.o(i.InitOnePIDInstance)
    i.LCD12864Config                         0x0800063c   Section        0  lcd12864.o(i.LCD12864Config)
    i.LCD12864DrawLogo                       0x0800075c   Section        0  lcd12864.o(i.LCD12864DrawLogo)
    i.LCD12864NumDraw                        0x080007f0   Section        0  lcd12864.o(i.LCD12864NumDraw)
    i.LCDWrite                               0x08000900   Section        0  lcd12864.o(i.LCDWrite)
    i.LineTrackConfig                        0x08000968   Section        0  linetrack.o(i.LineTrackConfig)
    i.MemManage_Handler                      0x080009bc   Section        0  stm32f4xx_it.o(i.MemManage_Handler)
    i.MontionAnalysisConfig                  0x080009c0   Section        0  motionanalysis.o(i.MontionAnalysisConfig)
    i.MontorDriverConfig                     0x08000a2c   Section        0  montordriver.o(i.MontorDriverConfig)
    i.MotionAnalysisOnStep                   0x08000cec   Section        0  motionanalysis.o(i.MotionAnalysisOnStep)
    i.MpuConfig                              0x08000e10   Section        0  mpu.o(i.MpuConfig)
    i.NMI_Handler                            0x08000edc   Section        0  stm32f4xx_it.o(i.NMI_Handler)
    i.NVICConfig                             0x08000ede   Section        0  others.o(i.NVICConfig)
    i.NVIC_Init                              0x08000eec   Section        0  misc.o(i.NVIC_Init)
    i.NVIC_PriorityGroupConfig               0x08000f64   Section        0  misc.o(i.NVIC_PriorityGroupConfig)
    i.PendSV_Handler                         0x08000f78   Section        0  stm32f4xx_it.o(i.PendSV_Handler)
    i.RCC_AHB1PeriphClockCmd                 0x08000f7c   Section        0  stm32f4xx_rcc.o(i.RCC_AHB1PeriphClockCmd)
    i.RCC_APB1PeriphClockCmd                 0x08000f9c   Section        0  stm32f4xx_rcc.o(i.RCC_APB1PeriphClockCmd)
    i.RCC_APB2PeriphClockCmd                 0x08000fbc   Section        0  stm32f4xx_rcc.o(i.RCC_APB2PeriphClockCmd)
    i.RCC_GetClocksFreq                      0x08000fdc   Section        0  stm32f4xx_rcc.o(i.RCC_GetClocksFreq)
    i.ResetEncoderNum                        0x080010c4   Section        0  montordriver.o(i.ResetEncoderNum)
    i.SPI_Cmd                                0x080010f8   Section        0  stm32f4xx_spi.o(i.SPI_Cmd)
    i.SPI_I2S_GetFlagStatus                  0x08001110   Section        0  stm32f4xx_spi.o(i.SPI_I2S_GetFlagStatus)
    i.SPI_I2S_SendData                       0x08001122   Section        0  stm32f4xx_spi.o(i.SPI_I2S_SendData)
    i.SPI_Init                               0x08001126   Section        0  stm32f4xx_spi.o(i.SPI_Init)
    i.SVC_Handler                            0x08001162   Section        0  stm32f4xx_it.o(i.SVC_Handler)
    i.ServerConfig                           0x08001164   Section        0  server.o(i.ServerConfig)
    i.SetMontorAbsSpeed                      0x080012b4   Section        0  montordriver.o(i.SetMontorAbsSpeed)
    i.SetMontorRotation                      0x080012c8   Section        0  montordriver.o(i.SetMontorRotation)
    i.SetMontorSpeed                         0x080012ec   Section        0  montordriver.o(i.SetMontorSpeed)
    i.SetSysClock                            0x08001318   Section        0  system_stm32f4xx.o(i.SetSysClock)
    SetSysClock                              0x08001319   Thumb Code   220  system_stm32f4xx.o(i.SetSysClock)
    i.SetSystemFunctionCycle                 0x08001404   Section        0  others.o(i.SetSystemFunctionCycle)
    i.SysTick_Handler                        0x08001418   Section        0  others.o(i.SysTick_Handler)
    i.SystemInit                             0x08001464   Section        0  system_stm32f4xx.o(i.SystemInit)
    i.SystermCallBack                        0x080014cc   Section        0  test.o(i.SystermCallBack)
    i.SystermCallBackTest                    0x080014d4   Section        0  test.o(i.SystermCallBackTest)
    i.SystickConfig                          0x080014f4   Section        0  others.o(i.SystickConfig)
    i.TI1_Config                             0x08001558   Section        0  stm32f4xx_tim.o(i.TI1_Config)
    TI1_Config                               0x08001559   Thumb Code    58  stm32f4xx_tim.o(i.TI1_Config)
    i.TI2_Config                             0x08001592   Section        0  stm32f4xx_tim.o(i.TI2_Config)
    TI2_Config                               0x08001593   Thumb Code    80  stm32f4xx_tim.o(i.TI2_Config)
    i.TI3_Config                             0x080015e2   Section        0  stm32f4xx_tim.o(i.TI3_Config)
    TI3_Config                               0x080015e3   Thumb Code    72  stm32f4xx_tim.o(i.TI3_Config)
    i.TI4_Config                             0x0800162a   Section        0  stm32f4xx_tim.o(i.TI4_Config)
    TI4_Config                               0x0800162b   Thumb Code    80  stm32f4xx_tim.o(i.TI4_Config)
    i.TIM6_DAC_IRQHandler                    0x0800167c   Section        0  others.o(i.TIM6_DAC_IRQHandler)
    i.TIM8_BRK_TIM12_IRQHandler              0x080016a4   Section        0  ultrasonic.o(i.TIM8_BRK_TIM12_IRQHandler)
    i.TIM8_TRG_COM_TIM14_IRQHandler          0x080016a6   Section        0  ultrasonic.o(i.TIM8_TRG_COM_TIM14_IRQHandler)
    i.TIM8_UP_TIM13_IRQHandler               0x080016a8   Section        0  ultrasonic.o(i.TIM8_UP_TIM13_IRQHandler)
    i.TIM_ARRPreloadConfig                   0x08001748   Section        0  stm32f4xx_tim.o(i.TIM_ARRPreloadConfig)
    i.TIM_ClearITPendingBit                  0x08001760   Section        0  stm32f4xx_tim.o(i.TIM_ClearITPendingBit)
    i.TIM_Cmd                                0x08001766   Section        0  stm32f4xx_tim.o(i.TIM_Cmd)
    i.TIM_CtrlPWMOutputs                     0x0800177e   Section        0  stm32f4xx_tim.o(i.TIM_CtrlPWMOutputs)
    i.TIM_EncoderInterfaceConfig             0x0800179c   Section        0  stm32f4xx_tim.o(i.TIM_EncoderInterfaceConfig)
    i.TIM_GetCapture1                        0x080017de   Section        0  stm32f4xx_tim.o(i.TIM_GetCapture1)
    i.TIM_GetCounter                         0x080017e4   Section        0  stm32f4xx_tim.o(i.TIM_GetCounter)
    i.TIM_GetITStatus                        0x080017ea   Section        0  stm32f4xx_tim.o(i.TIM_GetITStatus)
    i.TIM_ICInit                             0x0800180c   Section        0  stm32f4xx_tim.o(i.TIM_ICInit)
    i.TIM_ICStructInit                       0x0800187a   Section        0  stm32f4xx_tim.o(i.TIM_ICStructInit)
    i.TIM_ITConfig                           0x0800188c   Section        0  stm32f4xx_tim.o(i.TIM_ITConfig)
    i.TIM_OC1Init                            0x080018a0   Section        0  stm32f4xx_tim.o(i.TIM_OC1Init)
    i.TIM_OC1PolarityConfig                  0x0800191c   Section        0  stm32f4xx_tim.o(i.TIM_OC1PolarityConfig)
    i.TIM_OC1PreloadConfig                   0x0800192e   Section        0  stm32f4xx_tim.o(i.TIM_OC1PreloadConfig)
    i.TIM_OC2Init                            0x08001940   Section        0  stm32f4xx_tim.o(i.TIM_OC2Init)
    i.TIM_OC2PreloadConfig                   0x080019e4   Section        0  stm32f4xx_tim.o(i.TIM_OC2PreloadConfig)
    i.TIM_OC3Init                            0x08001a00   Section        0  stm32f4xx_tim.o(i.TIM_OC3Init)
    i.TIM_OC3PreloadConfig                   0x08001aa0   Section        0  stm32f4xx_tim.o(i.TIM_OC3PreloadConfig)
    i.TIM_OC4Init                            0x08001ab4   Section        0  stm32f4xx_tim.o(i.TIM_OC4Init)
    i.TIM_OC4PreloadConfig                   0x08001b2c   Section        0  stm32f4xx_tim.o(i.TIM_OC4PreloadConfig)
    i.TIM_SetCompare1                        0x08001b46   Section        0  stm32f4xx_tim.o(i.TIM_SetCompare1)
    i.TIM_SetCompare2                        0x08001b4a   Section        0  stm32f4xx_tim.o(i.TIM_SetCompare2)
    i.TIM_SetCompare3                        0x08001b4e   Section        0  stm32f4xx_tim.o(i.TIM_SetCompare3)
    i.TIM_SetCompare4                        0x08001b52   Section        0  stm32f4xx_tim.o(i.TIM_SetCompare4)
    i.TIM_SetCounter                         0x08001b56   Section        0  stm32f4xx_tim.o(i.TIM_SetCounter)
    i.TIM_SetIC1Prescaler                    0x08001b5a   Section        0  stm32f4xx_tim.o(i.TIM_SetIC1Prescaler)
    i.TIM_SetIC2Prescaler                    0x08001b6c   Section        0  stm32f4xx_tim.o(i.TIM_SetIC2Prescaler)
    i.TIM_SetIC3Prescaler                    0x08001b86   Section        0  stm32f4xx_tim.o(i.TIM_SetIC3Prescaler)
    i.TIM_SetIC4Prescaler                    0x08001b98   Section        0  stm32f4xx_tim.o(i.TIM_SetIC4Prescaler)
    i.TIM_TimeBaseInit                       0x08001bb4   Section        0  stm32f4xx_tim.o(i.TIM_TimeBaseInit)
    i.USART1ClearReceive                     0x08001c38   Section        0  usart.o(i.USART1ClearReceive)
    i.USART1Config                           0x08001c4c   Section        0  usart.o(i.USART1Config)
    i.USART1Send                             0x08001cfc   Section        0  usart.o(i.USART1Send)
    i.USART1_IRQHandler                      0x08001d28   Section        0  usart.o(i.USART1_IRQHandler)
    i.USART_ClearITPendingBit                0x08001dec   Section        0  stm32f4xx_usart.o(i.USART_ClearITPendingBit)
    i.USART_Cmd                              0x08001e0a   Section        0  stm32f4xx_usart.o(i.USART_Cmd)
    i.USART_GetFlagStatus                    0x08001e22   Section        0  stm32f4xx_usart.o(i.USART_GetFlagStatus)
    i.USART_GetITStatus                      0x08001e3c   Section        0  stm32f4xx_usart.o(i.USART_GetITStatus)
    i.USART_ITConfig                         0x08001e90   Section        0  stm32f4xx_usart.o(i.USART_ITConfig)
    i.USART_Init                             0x08001edc   Section        0  stm32f4xx_usart.o(i.USART_Init)
    i.USART_ReceiveData                      0x08001fb0   Section        0  stm32f4xx_usart.o(i.USART_ReceiveData)
    i.USART_SendData                         0x08001fba   Section        0  stm32f4xx_usart.o(i.USART_SendData)
    i.UsageFault_Handler                     0x08001fc2   Section        0  stm32f4xx_it.o(i.UsageFault_Handler)
    i.main                                   0x08001fc8   Section        0  main.o(i.main)
    x$fpl$fpinit                             0x08002004   Section       10  fpinit.o(x$fpl$fpinit)
    $v0                                      0x08002004   Number         0  fpinit.o(x$fpl$fpinit)
    .constdata                               0x08002010   Section       48  montordriver.o(.constdata)
    .constdata                               0x08002040   Section     1536  lcd12864.o(.constdata)
    .conststring                             0x08002640   Section       14  others.o(.conststring)
    .data                                    0x20000000   Section       16  stm32f4xx_rcc.o(.data)
    APBAHBPrescTable                         0x20000000   Data          16  stm32f4xx_rcc.o(.data)
    .data                                    0x20000010   Section       21  others.o(.data)
    .data                                    0x20000028   Section       12  usart.o(.data)
    .data                                    0x20000034   Section       40  ultrasonic.o(.data)
    .data                                    0x2000005c   Section       15  motionanalysis.o(.data)
    .bss                                     0x2000006c   Section      110  usart.o(.bss)
    .bss                                     0x200000dc   Section      144  motionanalysis.o(.bss)
    .bss                                     0x2000016c   Section       96  libspace.o(.bss)
    HEAP                                     0x200001d0   Section      512  startup_stm32f40_41xxx.o(HEAP)
    Heap_Mem                                 0x200001d0   Data         512  startup_stm32f40_41xxx.o(HEAP)
    STACK                                    0x200003d0   Section     1024  startup_stm32f40_41xxx.o(STACK)
    Stack_Mem                                0x200003d0   Data        1024  startup_stm32f40_41xxx.o(STACK)

    Global Symbols

    Symbol Name                              Value     Ov Type        Size  Object(Section)

    BuildAttributes$$THM_ISAv4$E$P$D$K$B$S$7EM$VFPi3$EXTD16$VFPS$VFMA$PE$A:L22UL41UL21$X:L11$S22US41US21$IEEE1$IW$USESV6$~STKCKD$USESV7$~SHL$OSPACE$ROPI$EBA8$UX$STANDARDLIB$REQ8$PRES8$EABIv2 0x00000000   Number         0  anon$$obj.o ABSOLUTE
    __ARM_use_no_argv                        0x00000000   Number         0  main.o ABSOLUTE
    __ARM_exceptions_init                     - Undefined Weak Reference
    __alloca_initialize                       - Undefined Weak Reference
    __arm_preinit_                            - Undefined Weak Reference
    __cpp_initialize__aeabi_                  - Undefined Weak Reference
    __cxa_finalize                            - Undefined Weak Reference
    __rt_locale                               - Undefined Weak Reference
    __sigvec_lookup                           - Undefined Weak Reference
    _atexit_init                              - Undefined Weak Reference
    _call_atexit_fns                          - Undefined Weak Reference
    _clock_init                               - Undefined Weak Reference
    _fp_trap_init                             - Undefined Weak Reference
    _fp_trap_shutdown                         - Undefined Weak Reference
    _get_lc_collate                           - Undefined Weak Reference
    _get_lc_ctype                             - Undefined Weak Reference
    _get_lc_monetary                          - Undefined Weak Reference
    _get_lc_numeric                           - Undefined Weak Reference
    _get_lc_time                              - Undefined Weak Reference
    _getenv_init                              - Undefined Weak Reference
    _handle_redirection                       - Undefined Weak Reference
    _init_alloc                               - Undefined Weak Reference
    _init_user_alloc                          - Undefined Weak Reference
    _initio                                   - Undefined Weak Reference
    _rand_init                                - Undefined Weak Reference
    _signal_finish                            - Undefined Weak Reference
    _signal_init                              - Undefined Weak Reference
    _terminate_alloc                          - Undefined Weak Reference
    _terminate_user_alloc                     - Undefined Weak Reference
    _terminateio                              - Undefined Weak Reference
    __Vectors_Size                           0x00000188   Number         0  startup_stm32f40_41xxx.o ABSOLUTE
    __Vectors                                0x08000000   Data           4  startup_stm32f40_41xxx.o(RESET)
    __Vectors_End                            0x08000188   Data           0  startup_stm32f40_41xxx.o(RESET)
    __main                                   0x08000189   Thumb Code     8  __main.o(!!!main)
    __scatterload                            0x08000191   Thumb Code     0  __scatter.o(!!!scatter)
    __scatterload_rt2                        0x08000191   Thumb Code    44  __scatter.o(!!!scatter)
    __scatterload_rt2_thumb_only             0x08000191   Thumb Code     0  __scatter.o(!!!scatter)
    __scatterload_null                       0x0800019f   Thumb Code     0  __scatter.o(!!!scatter)
    __scatterload_copy                       0x080001c5   Thumb Code    26  __scatter_copy.o(!!handler_copy)
    __scatterload_zeroinit                   0x080001e1   Thumb Code    28  __scatter_zi.o(!!handler_zi)
    __rt_lib_init                            0x080001fd   Thumb Code     0  libinit.o(.ARM.Collect$$libinit$$00000000)
    __rt_lib_init_fp_1                       0x080001ff   Thumb Code     0  libinit2.o(.ARM.Collect$$libinit$$00000001)
    __rt_lib_init_alloca_1                   0x08000203   Thumb Code     0  libinit2.o(.ARM.Collect$$libinit$$0000002E)
    __rt_lib_init_argv_1                     0x08000203   Thumb Code     0  libinit2.o(.ARM.Collect$$libinit$$0000002C)
    __rt_lib_init_atexit_1                   0x08000203   Thumb Code     0  libinit2.o(.ARM.Collect$$libinit$$0000001B)
    __rt_lib_init_clock_1                    0x08000203   Thumb Code     0  libinit2.o(.ARM.Collect$$libinit$$00000021)
    __rt_lib_init_cpp_1                      0x08000203   Thumb Code     0  libinit2.o(.ARM.Collect$$libinit$$00000032)
    __rt_lib_init_exceptions_1               0x08000203   Thumb Code     0  libinit2.o(.ARM.Collect$$libinit$$00000030)
    __rt_lib_init_fp_trap_1                  0x08000203   Thumb Code     0  libinit2.o(.ARM.Collect$$libinit$$0000001F)
    __rt_lib_init_getenv_1                   0x08000203   Thumb Code     0  libinit2.o(.ARM.Collect$$libinit$$00000023)
    __rt_lib_init_heap_1                     0x08000203   Thumb Code     0  libinit2.o(.ARM.Collect$$libinit$$0000000A)
    __rt_lib_init_lc_collate_1               0x08000203   Thumb Code     0  libinit2.o(.ARM.Collect$$libinit$$00000011)
    __rt_lib_init_lc_ctype_1                 0x08000203   Thumb Code     0  libinit2.o(.ARM.Collect$$libinit$$00000013)
    __rt_lib_init_lc_monetary_1              0x08000203   Thumb Code     0  libinit2.o(.ARM.Collect$$libinit$$00000015)
    __rt_lib_init_lc_numeric_1               0x08000203   Thumb Code     0  libinit2.o(.ARM.Collect$$libinit$$00000017)
    __rt_lib_init_lc_time_1                  0x08000203   Thumb Code     0  libinit2.o(.ARM.Collect$$libinit$$00000019)
    __rt_lib_init_preinit_1                  0x08000203   Thumb Code     0  libinit2.o(.ARM.Collect$$libinit$$00000004)
    __rt_lib_init_rand_1                     0x08000203   Thumb Code     0  libinit2.o(.ARM.Collect$$libinit$$0000000E)
    __rt_lib_init_return                     0x08000203   Thumb Code     0  libinit2.o(.ARM.Collect$$libinit$$00000033)
    __rt_lib_init_signal_1                   0x08000203   Thumb Code     0  libinit2.o(.ARM.Collect$$libinit$$0000001D)
    __rt_lib_init_stdio_1                    0x08000203   Thumb Code     0  libinit2.o(.ARM.Collect$$libinit$$00000025)
    __rt_lib_init_user_alloc_1               0x08000203   Thumb Code     0  libinit2.o(.ARM.Collect$$libinit$$0000000C)
    __rt_lib_shutdown                        0x08000205   Thumb Code     0  libshutdown.o(.ARM.Collect$$libshutdown$$00000000)
    __rt_lib_shutdown_cpp_1                  0x08000207   Thumb Code     0  libshutdown2.o(.ARM.Collect$$libshutdown$$00000002)
    __rt_lib_shutdown_fp_trap_1              0x08000207   Thumb Code     0  libshutdown2.o(.ARM.Collect$$libshutdown$$00000007)
    __rt_lib_shutdown_heap_1                 0x08000207   Thumb Code     0  libshutdown2.o(.ARM.Collect$$libshutdown$$0000000F)
    __rt_lib_shutdown_return                 0x08000207   Thumb Code     0  libshutdown2.o(.ARM.Collect$$libshutdown$$00000010)
    __rt_lib_shutdown_signal_1               0x08000207   Thumb Code     0  libshutdown2.o(.ARM.Collect$$libshutdown$$0000000A)
    __rt_lib_shutdown_stdio_1                0x08000207   Thumb Code     0  libshutdown2.o(.ARM.Collect$$libshutdown$$00000004)
    __rt_lib_shutdown_user_alloc_1           0x08000207   Thumb Code     0  libshutdown2.o(.ARM.Collect$$libshutdown$$0000000C)
    __rt_entry                               0x08000209   Thumb Code     0  __rtentry.o(.ARM.Collect$$rtentry$$00000000)
    __rt_entry_presh_1                       0x08000209   Thumb Code     0  __rtentry2.o(.ARM.Collect$$rtentry$$00000002)
    __rt_entry_sh                            0x08000209   Thumb Code     0  __rtentry4.o(.ARM.Collect$$rtentry$$00000004)
    __rt_entry_li                            0x0800020f   Thumb Code     0  __rtentry2.o(.ARM.Collect$$rtentry$$0000000A)
    __rt_entry_postsh_1                      0x0800020f   Thumb Code     0  __rtentry2.o(.ARM.Collect$$rtentry$$00000009)
    __rt_entry_main                          0x08000213   Thumb Code     0  __rtentry2.o(.ARM.Collect$$rtentry$$0000000D)
    __rt_entry_postli_1                      0x08000213   Thumb Code     0  __rtentry2.o(.ARM.Collect$$rtentry$$0000000C)
    __rt_exit                                0x0800021b   Thumb Code     0  rtexit.o(.ARM.Collect$$rtexit$$00000000)
    __rt_exit_ls                             0x0800021d   Thumb Code     0  rtexit2.o(.ARM.Collect$$rtexit$$00000003)
    __rt_exit_prels_1                        0x0800021d   Thumb Code     0  rtexit2.o(.ARM.Collect$$rtexit$$00000002)
    __rt_exit_exit                           0x08000221   Thumb Code     0  rtexit2.o(.ARM.Collect$$rtexit$$00000004)
    Reset_Handler                            0x08000229   Thumb Code    14  startup_stm32f40_41xxx.o(.text)
    ADC_IRQHandler                           0x08000249   Thumb Code     0  startup_stm32f40_41xxx.o(.text)
    CAN1_RX0_IRQHandler                      0x08000249   Thumb Code     0  startup_stm32f40_41xxx.o(.text)
    CAN1_RX1_IRQHandler                      0x08000249   Thumb Code     0  startup_stm32f40_41xxx.o(.text)
    CAN1_SCE_IRQHandler                      0x08000249   Thumb Code     0  startup_stm32f40_41xxx.o(.text)
    CAN1_TX_IRQHandler                       0x08000249   Thumb Code     0  startup_stm32f40_41xxx.o(.text)
    CAN2_RX0_IRQHandler                      0x08000249   Thumb Code     0  startup_stm32f40_41xxx.o(.text)
    CAN2_RX1_IRQHandler                      0x08000249   Thumb Code     0  startup_stm32f40_41xxx.o(.text)
    CAN2_SCE_IRQHandler                      0x08000249   Thumb Code     0  startup_stm32f40_41xxx.o(.text)
    CAN2_TX_IRQHandler                       0x08000249   Thumb Code     0  startup_stm32f40_41xxx.o(.text)
    CRYP_IRQHandler                          0x08000249   Thumb Code     0  startup_stm32f40_41xxx.o(.text)
    DCMI_IRQHandler                          0x08000249   Thumb Code     0  startup_stm32f40_41xxx.o(.text)
    DMA1_Stream0_IRQHandler                  0x08000249   Thumb Code     0  startup_stm32f40_41xxx.o(.text)
    DMA1_Stream1_IRQHandler                  0x08000249   Thumb Code     0  startup_stm32f40_41xxx.o(.text)
    DMA1_Stream2_IRQHandler                  0x08000249   Thumb Code     0  startup_stm32f40_41xxx.o(.text)
    DMA1_Stream3_IRQHandler                  0x08000249   Thumb Code     0  startup_stm32f40_41xxx.o(.text)
    DMA1_Stream4_IRQHandler                  0x08000249   Thumb Code     0  startup_stm32f40_41xxx.o(.text)
    DMA1_Stream5_IRQHandler                  0x08000249   Thumb Code     0  startup_stm32f40_41xxx.o(.text)
    DMA1_Stream6_IRQHandler                  0x08000249   Thumb Code     0  startup_stm32f40_41xxx.o(.text)
    DMA1_Stream7_IRQHandler                  0x08000249   Thumb Code     0  startup_stm32f40_41xxx.o(.text)
    DMA2_Stream0_IRQHandler                  0x08000249   Thumb Code     0  startup_stm32f40_41xxx.o(.text)
    DMA2_Stream1_IRQHandler                  0x08000249   Thumb Code     0  startup_stm32f40_41xxx.o(.text)
    DMA2_Stream2_IRQHandler                  0x08000249   Thumb Code     0  startup_stm32f40_41xxx.o(.text)
    DMA2_Stream3_IRQHandler                  0x08000249   Thumb Code     0  startup_stm32f40_41xxx.o(.text)
    DMA2_Stream4_IRQHandler                  0x08000249   Thumb Code     0  startup_stm32f40_41xxx.o(.text)
    DMA2_Stream5_IRQHandler                  0x08000249   Thumb Code     0  startup_stm32f40_41xxx.o(.text)
    DMA2_Stream6_IRQHandler                  0x08000249   Thumb Code     0  startup_stm32f40_41xxx.o(.text)
    DMA2_Stream7_IRQHandler                  0x08000249   Thumb Code     0  startup_stm32f40_41xxx.o(.text)
    ETH_IRQHandler                           0x08000249   Thumb Code     0  startup_stm32f40_41xxx.o(.text)
    ETH_WKUP_IRQHandler                      0x08000249   Thumb Code     0  startup_stm32f40_41xxx.o(.text)
    EXTI0_IRQHandler                         0x08000249   Thumb Code     0  startup_stm32f40_41xxx.o(.text)
    EXTI15_10_IRQHandler                     0x08000249   Thumb Code     0  startup_stm32f40_41xxx.o(.text)
    EXTI1_IRQHandler                         0x08000249   Thumb Code     0  startup_stm32f40_41xxx.o(.text)
    EXTI2_IRQHandler                         0x08000249   Thumb Code     0  startup_stm32f40_41xxx.o(.text)
    EXTI3_IRQHandler                         0x08000249   Thumb Code     0  startup_stm32f40_41xxx.o(.text)
    EXTI4_IRQHandler                         0x08000249   Thumb Code     0  startup_stm32f40_41xxx.o(.text)
    EXTI9_5_IRQHandler                       0x08000249   Thumb Code     0  startup_stm32f40_41xxx.o(.text)
    FLASH_IRQHandler                         0x08000249   Thumb Code     0  startup_stm32f40_41xxx.o(.text)
    FPU_IRQHandler                           0x08000249   Thumb Code     0  startup_stm32f40_41xxx.o(.text)
    FSMC_IRQHandler                          0x08000249   Thumb Code     0  startup_stm32f40_41xxx.o(.text)
    HASH_RNG_IRQHandler                      0x08000249   Thumb Code     0  startup_stm32f40_41xxx.o(.text)
    I2C1_ER_IRQHandler                       0x08000249   Thumb Code     0  startup_stm32f40_41xxx.o(.text)
    I2C1_EV_IRQHandler                       0x08000249   Thumb Code     0  startup_stm32f40_41xxx.o(.text)
    I2C2_ER_IRQHandler                       0x08000249   Thumb Code     0  startup_stm32f40_41xxx.o(.text)
    I2C2_EV_IRQHandler                       0x08000249   Thumb Code     0  startup_stm32f40_41xxx.o(.text)
    I2C3_ER_IRQHandler                       0x08000249   Thumb Code     0  startup_stm32f40_41xxx.o(.text)
    I2C3_EV_IRQHandler                       0x08000249   Thumb Code     0  startup_stm32f40_41xxx.o(.text)
    OTG_FS_IRQHandler                        0x08000249   Thumb Code     0  startup_stm32f40_41xxx.o(.text)
    OTG_FS_WKUP_IRQHandler                   0x08000249   Thumb Code     0  startup_stm32f40_41xxx.o(.text)
    OTG_HS_EP1_IN_IRQHandler                 0x08000249   Thumb Code     0  startup_stm32f40_41xxx.o(.text)
    OTG_HS_EP1_OUT_IRQHandler                0x08000249   Thumb Code     0  startup_stm32f40_41xxx.o(.text)
    OTG_HS_IRQHandler                        0x08000249   Thumb Code     0  startup_stm32f40_41xxx.o(.text)
    OTG_HS_WKUP_IRQHandler                   0x08000249   Thumb Code     0  startup_stm32f40_41xxx.o(.text)
    PVD_IRQHandler                           0x08000249   Thumb Code     0  startup_stm32f40_41xxx.o(.text)
    RCC_IRQHandler                           0x08000249   Thumb Code     0  startup_stm32f40_41xxx.o(.text)
    RTC_Alarm_IRQHandler                     0x08000249   Thumb Code     0  startup_stm32f40_41xxx.o(.text)
    RTC_WKUP_IRQHandler                      0x08000249   Thumb Code     0  startup_stm32f40_41xxx.o(.text)
    SDIO_IRQHandler                          0x08000249   Thumb Code     0  startup_stm32f40_41xxx.o(.text)
    SPI1_IRQHandler                          0x08000249   Thumb Code     0  startup_stm32f40_41xxx.o(.text)
    SPI2_IRQHandler                          0x08000249   Thumb Code     0  startup_stm32f40_41xxx.o(.text)
    SPI3_IRQHandler                          0x08000249   Thumb Code     0  startup_stm32f40_41xxx.o(.text)
    TAMP_STAMP_IRQHandler                    0x08000249   Thumb Code     0  startup_stm32f40_41xxx.o(.text)
    TIM1_BRK_TIM9_IRQHandler                 0x08000249   Thumb Code     0  startup_stm32f40_41xxx.o(.text)
    TIM1_CC_IRQHandler                       0x08000249   Thumb Code     0  startup_stm32f40_41xxx.o(.text)
    TIM1_TRG_COM_TIM11_IRQHandler            0x08000249   Thumb Code     0  startup_stm32f40_41xxx.o(.text)
    TIM1_UP_TIM10_IRQHandler                 0x08000249   Thumb Code     0  startup_stm32f40_41xxx.o(.text)
    TIM2_IRQHandler                          0x08000249   Thumb Code     0  startup_stm32f40_41xxx.o(.text)
    TIM3_IRQHandler                          0x08000249   Thumb Code     0  startup_stm32f40_41xxx.o(.text)
    TIM4_IRQHandler                          0x08000249   Thumb Code     0  startup_stm32f40_41xxx.o(.text)
    TIM5_IRQHandler                          0x08000249   Thumb Code     0  startup_stm32f40_41xxx.o(.text)
    TIM7_IRQHandler                          0x08000249   Thumb Code     0  startup_stm32f40_41xxx.o(.text)
    TIM8_CC_IRQHandler                       0x08000249   Thumb Code     0  startup_stm32f40_41xxx.o(.text)
    UART4_IRQHandler                         0x08000249   Thumb Code     0  startup_stm32f40_41xxx.o(.text)
    UART5_IRQHandler                         0x08000249   Thumb Code     0  startup_stm32f40_41xxx.o(.text)
    USART2_IRQHandler                        0x08000249   Thumb Code     0  startup_stm32f40_41xxx.o(.text)
    USART3_IRQHandler                        0x08000249   Thumb Code     0  startup_stm32f40_41xxx.o(.text)
    USART6_IRQHandler                        0x08000249   Thumb Code     0  startup_stm32f40_41xxx.o(.text)
    WWDG_IRQHandler                          0x08000249   Thumb Code     0  startup_stm32f40_41xxx.o(.text)
    __user_initial_stackheap                 0x0800024d   Thumb Code     0  startup_stm32f40_41xxx.o(.text)
    __aeabi_memclr4                          0x08000275   Thumb Code     0  rt_memclr_w.o(.text)
    __aeabi_memclr8                          0x08000275   Thumb Code     0  rt_memclr_w.o(.text)
    __rt_memclr_w                            0x08000275   Thumb Code    78  rt_memclr_w.o(.text)
    _memset_w                                0x08000279   Thumb Code     0  rt_memclr_w.o(.text)
    __use_two_region_memory                  0x080002c3   Thumb Code     2  heapauxi.o(.text)
    __rt_heap_escrow$2region                 0x080002c5   Thumb Code     2  heapauxi.o(.text)
    __rt_heap_expand$2region                 0x080002c7   Thumb Code     2  heapauxi.o(.text)
    __user_setup_stackheap                   0x080002c9   Thumb Code    74  sys_stackheap_outer.o(.text)
    exit                                     0x08000313   Thumb Code    18  exit.o(.text)
    __user_libspace                          0x08000325   Thumb Code     8  libspace.o(.text)
    __user_perproc_libspace                  0x08000325   Thumb Code     0  libspace.o(.text)
    __user_perthread_libspace                0x08000325   Thumb Code     0  libspace.o(.text)
    _sys_exit                                0x0800032d   Thumb Code     8  sys_exit.o(.text)
    __I$use$semihosting                      0x08000339   Thumb Code     0  use_no_semi.o(.text)
    __use_no_semihosting_swi                 0x08000339   Thumb Code     2  use_no_semi.o(.text)
    ApplyMaskWithFactor                      0x0800033b   Thumb Code    82  motionanalysis.o(i.ApplyMaskWithFactor)
    __semihosting_library_function           0x0800033b   Thumb Code     0  indicate_semi.o(.text)
    BSPConfig                                0x0800038d   Thumb Code    48  bsp.o(i.BSPConfig)
    BSPTest                                  0x080003bd   Thumb Code     4  bsp.o(i.BSPTest)
    BusFault_Handler                         0x080003c1   Thumb Code     4  stm32f4xx_it.o(i.BusFault_Handler)
    DebugMon_Handler                         0x080003c5   Thumb Code     2  stm32f4xx_it.o(i.DebugMon_Handler)
    Delay                                    0x080003c9   Thumb Code    50  others.o(i.Delay)
    DelayFunctionConfig                      0x08000405   Thumb Code    82  others.o(i.DelayFunctionConfig)
    DelayS                                   0x0800045d   Thumb Code    34  others.o(i.DelayS)
    EnableSystemFunctionCycle                0x08000481   Thumb Code     6  others.o(i.EnableSystemFunctionCycle)
    ErrorMessage                             0x0800048d   Thumb Code    12  others.o(i.ErrorMessage)
    FinishOnePIDStep                         0x08000499   Thumb Code   100  pidcontroller.o(i.FinishOnePIDStep)
    GPIO_Init                                0x080004fd   Thumb Code   144  stm32f4xx_gpio.o(i.GPIO_Init)
    GPIO_PinAFConfig                         0x0800058d   Thumb Code    70  stm32f4xx_gpio.o(i.GPIO_PinAFConfig)
    GPIO_ResetBits                           0x080005d3   Thumb Code     4  stm32f4xx_gpio.o(i.GPIO_ResetBits)
    GPIO_SetBits                             0x080005d7   Thumb Code     4  stm32f4xx_gpio.o(i.GPIO_SetBits)
    GPIO_WriteBit                            0x080005db   Thumb Code    10  stm32f4xx_gpio.o(i.GPIO_WriteBit)
    GetMontorSpeed                           0x080005e5   Thumb Code    54  montordriver.o(i.GetMontorSpeed)
    HardFault_Handler                        0x0800061b   Thumb Code     4  stm32f4xx_it.o(i.HardFault_Handler)
    InitOnePIDInstance                       0x0800061f   Thumb Code    28  pidcontroller.o(i.InitOnePIDInstance)
    LCD12864Config                           0x0800063d   Thumb Code   278  lcd12864.o(i.LCD12864Config)
    LCD12864DrawLogo                         0x0800075d   Thumb Code   144  lcd12864.o(i.LCD12864DrawLogo)
    LCD12864NumDraw                          0x080007f1   Thumb Code   268  lcd12864.o(i.LCD12864NumDraw)
    LCDWrite                                 0x08000901   Thumb Code    96  lcd12864.o(i.LCDWrite)
    LineTrackConfig                          0x08000969   Thumb Code    74  linetrack.o(i.LineTrackConfig)
    MemManage_Handler                        0x080009bd   Thumb Code     4  stm32f4xx_it.o(i.MemManage_Handler)
    MontionAnalysisConfig                    0x080009c1   Thumb Code    90  motionanalysis.o(i.MontionAnalysisConfig)
    MontorDriverConfig                       0x08000a2d   Thumb Code   670  montordriver.o(i.MontorDriverConfig)
    MotionAnalysisOnStep                     0x08000ced   Thumb Code   244  motionanalysis.o(i.MotionAnalysisOnStep)
    MpuConfig                                0x08000e11   Thumb Code   194  mpu.o(i.MpuConfig)
    NMI_Handler                              0x08000edd   Thumb Code     2  stm32f4xx_it.o(i.NMI_Handler)
    NVICConfig                               0x08000edf   Thumb Code    12  others.o(i.NVICConfig)
    NVIC_Init                                0x08000eed   Thumb Code   106  misc.o(i.NVIC_Init)
    NVIC_PriorityGroupConfig                 0x08000f65   Thumb Code    10  misc.o(i.NVIC_PriorityGroupConfig)
    PendSV_Handler                           0x08000f79   Thumb Code     2  stm32f4xx_it.o(i.PendSV_Handler)
    RCC_AHB1PeriphClockCmd                   0x08000f7d   Thumb Code    26  stm32f4xx_rcc.o(i.RCC_AHB1PeriphClockCmd)
    RCC_APB1PeriphClockCmd                   0x08000f9d   Thumb Code    26  stm32f4xx_rcc.o(i.RCC_APB1PeriphClockCmd)
    RCC_APB2PeriphClockCmd                   0x08000fbd   Thumb Code    26  stm32f4xx_rcc.o(i.RCC_APB2PeriphClockCmd)
    RCC_GetClocksFreq                        0x08000fdd   Thumb Code   214  stm32f4xx_rcc.o(i.RCC_GetClocksFreq)
    ResetEncoderNum                          0x080010c5   Thumb Code    38  montordriver.o(i.ResetEncoderNum)
    SPI_Cmd                                  0x080010f9   Thumb Code    24  stm32f4xx_spi.o(i.SPI_Cmd)
    SPI_I2S_GetFlagStatus                    0x08001111   Thumb Code    18  stm32f4xx_spi.o(i.SPI_I2S_GetFlagStatus)
    SPI_I2S_SendData                         0x08001123   Thumb Code     4  stm32f4xx_spi.o(i.SPI_I2S_SendData)
    SPI_Init                                 0x08001127   Thumb Code    60  stm32f4xx_spi.o(i.SPI_Init)
    SVC_Handler                              0x08001163   Thumb Code     2  stm32f4xx_it.o(i.SVC_Handler)
    ServerConfig                             0x08001165   Thumb Code   314  server.o(i.ServerConfig)
    SetMontorAbsSpeed                        0x080012b5   Thumb Code    16  montordriver.o(i.SetMontorAbsSpeed)
    SetMontorRotation                        0x080012c9   Thumb Code    30  montordriver.o(i.SetMontorRotation)
    SetMontorSpeed                           0x080012ed   Thumb Code    44  montordriver.o(i.SetMontorSpeed)
    SetSystemFunctionCycle                   0x08001405   Thumb Code    10  others.o(i.SetSystemFunctionCycle)
    SysTick_Handler                          0x08001419   Thumb Code    56  others.o(i.SysTick_Handler)
    SystemInit                               0x08001465   Thumb Code    88  system_stm32f4xx.o(i.SystemInit)
    SystermCallBack                          0x080014cd   Thumb Code     8  test.o(i.SystermCallBack)
    SystermCallBackTest                      0x080014d5   Thumb Code    24  test.o(i.SystermCallBackTest)
    SystickConfig                            0x080014f5   Thumb Code    82  others.o(i.SystickConfig)
    TIM6_DAC_IRQHandler                      0x0800167d   Thumb Code    30  others.o(i.TIM6_DAC_IRQHandler)
    TIM8_BRK_TIM12_IRQHandler                0x080016a5   Thumb Code     2  ultrasonic.o(i.TIM8_BRK_TIM12_IRQHandler)
    TIM8_TRG_COM_TIM14_IRQHandler            0x080016a7   Thumb Code     2  ultrasonic.o(i.TIM8_TRG_COM_TIM14_IRQHandler)
    TIM8_UP_TIM13_IRQHandler                 0x080016a9   Thumb Code   144  ultrasonic.o(i.TIM8_UP_TIM13_IRQHandler)
    TIM_ARRPreloadConfig                     0x08001749   Thumb Code    24  stm32f4xx_tim.o(i.TIM_ARRPreloadConfig)
    TIM_ClearITPendingBit                    0x08001761   Thumb Code     6  stm32f4xx_tim.o(i.TIM_ClearITPendingBit)
    TIM_Cmd                                  0x08001767   Thumb Code    24  stm32f4xx_tim.o(i.TIM_Cmd)
    TIM_CtrlPWMOutputs                       0x0800177f   Thumb Code    30  stm32f4xx_tim.o(i.TIM_CtrlPWMOutputs)
    TIM_EncoderInterfaceConfig               0x0800179d   Thumb Code    66  stm32f4xx_tim.o(i.TIM_EncoderInterfaceConfig)
    TIM_GetCapture1                          0x080017df   Thumb Code     6  stm32f4xx_tim.o(i.TIM_GetCapture1)
    TIM_GetCounter                           0x080017e5   Thumb Code     6  stm32f4xx_tim.o(i.TIM_GetCounter)
    TIM_GetITStatus                          0x080017eb   Thumb Code    34  stm32f4xx_tim.o(i.TIM_GetITStatus)
    TIM_ICInit                               0x0800180d   Thumb Code   110  stm32f4xx_tim.o(i.TIM_ICInit)
    TIM_ICStructInit                         0x0800187b   Thumb Code    18  stm32f4xx_tim.o(i.TIM_ICStructInit)
    TIM_ITConfig                             0x0800188d   Thumb Code    18  stm32f4xx_tim.o(i.TIM_ITConfig)
    TIM_OC1Init                              0x080018a1   Thumb Code   114  stm32f4xx_tim.o(i.TIM_OC1Init)
    TIM_OC1PolarityConfig                    0x0800191d   Thumb Code    18  stm32f4xx_tim.o(i.TIM_OC1PolarityConfig)
    TIM_OC1PreloadConfig                     0x0800192f   Thumb Code    18  stm32f4xx_tim.o(i.TIM_OC1PreloadConfig)
    TIM_OC2Init                              0x08001941   Thumb Code   154  stm32f4xx_tim.o(i.TIM_OC2Init)
    TIM_OC2PreloadConfig                     0x080019e5   Thumb Code    26  stm32f4xx_tim.o(i.TIM_OC2PreloadConfig)
    TIM_OC3Init                              0x08001a01   Thumb Code   150  stm32f4xx_tim.o(i.TIM_OC3Init)
    TIM_OC3PreloadConfig                     0x08001aa1   Thumb Code    18  stm32f4xx_tim.o(i.TIM_OC3PreloadConfig)
    TIM_OC4Init                              0x08001ab5   Thumb Code   112  stm32f4xx_tim.o(i.TIM_OC4Init)
    TIM_OC4PreloadConfig                     0x08001b2d   Thumb Code    26  stm32f4xx_tim.o(i.TIM_OC4PreloadConfig)
    TIM_SetCompare1                          0x08001b47   Thumb Code     4  stm32f4xx_tim.o(i.TIM_SetCompare1)
    TIM_SetCompare2                          0x08001b4b   Thumb Code     4  stm32f4xx_tim.o(i.TIM_SetCompare2)
    TIM_SetCompare3                          0x08001b4f   Thumb Code     4  stm32f4xx_tim.o(i.TIM_SetCompare3)
    TIM_SetCompare4                          0x08001b53   Thumb Code     4  stm32f4xx_tim.o(i.TIM_SetCompare4)
    TIM_SetCounter                           0x08001b57   Thumb Code     4  stm32f4xx_tim.o(i.TIM_SetCounter)
    TIM_SetIC1Prescaler                      0x08001b5b   Thumb Code    18  stm32f4xx_tim.o(i.TIM_SetIC1Prescaler)
    TIM_SetIC2Prescaler                      0x08001b6d   Thumb Code    26  stm32f4xx_tim.o(i.TIM_SetIC2Prescaler)
    TIM_SetIC3Prescaler                      0x08001b87   Thumb Code    18  stm32f4xx_tim.o(i.TIM_SetIC3Prescaler)
    TIM_SetIC4Prescaler                      0x08001b99   Thumb Code    26  stm32f4xx_tim.o(i.TIM_SetIC4Prescaler)
    TIM_TimeBaseInit                         0x08001bb5   Thumb Code   104  stm32f4xx_tim.o(i.TIM_TimeBaseInit)
    USART1ClearReceive                       0x08001c39   Thumb Code    12  usart.o(i.USART1ClearReceive)
    USART1Config                             0x08001c4d   Thumb Code   168  usart.o(i.USART1Config)
    USART1Send                               0x08001cfd   Thumb Code    40  usart.o(i.USART1Send)
    USART1_IRQHandler                        0x08001d29   Thumb Code   178  usart.o(i.USART1_IRQHandler)
    USART_ClearITPendingBit                  0x08001ded   Thumb Code    30  stm32f4xx_usart.o(i.USART_ClearITPendingBit)
    USART_Cmd                                0x08001e0b   Thumb Code    24  stm32f4xx_usart.o(i.USART_Cmd)
    USART_GetFlagStatus                      0x08001e23   Thumb Code    26  stm32f4xx_usart.o(i.USART_GetFlagStatus)
    USART_GetITStatus                        0x08001e3d   Thumb Code    84  stm32f4xx_usart.o(i.USART_GetITStatus)
    USART_ITConfig                           0x08001e91   Thumb Code    74  stm32f4xx_usart.o(i.USART_ITConfig)
    USART_Init                               0x08001edd   Thumb Code   204  stm32f4xx_usart.o(i.USART_Init)
    USART_ReceiveData                        0x08001fb1   Thumb Code    10  stm32f4xx_usart.o(i.USART_ReceiveData)
    USART_SendData                           0x08001fbb   Thumb Code     8  stm32f4xx_usart.o(i.USART_SendData)
    UsageFault_Handler                       0x08001fc3   Thumb Code     4  stm32f4xx_it.o(i.UsageFault_Handler)
    main                                     0x08001fc9   Thumb Code    48  main.o(i.main)
    _fp_init                                 0x08002005   Thumb Code    10  fpinit.o(x$fpl$fpinit)
    __fplib_config_fpu_vfp                   0x0800200d   Thumb Code     0  fpinit.o(x$fpl$fpinit)
    __fplib_config_pureend_doubles           0x0800200d   Thumb Code     0  fpinit.o(x$fpl$fpinit)
    MONTOR_FRONT_LEFT                        0x08002010   Data          12  montordriver.o(.constdata)
    MONTOR_FRONT_RIGHT                       0x0800201c   Data          12  montordriver.o(.constdata)
    MONTOR_BACK_LEFT                         0x08002028   Data          12  montordriver.o(.constdata)
    MONTOR_BACK_RIGHT                        0x08002034   Data          12  montordriver.o(.constdata)
    num0                                     0x08002040   Data         512  lcd12864.o(.constdata)
    logo                                     0x08002240   Data        1024  lcd12864.o(.constdata)
    Region$$Table$$Base                      0x08002650   Number         0  anon$$obj.o(Region$$Table)
    Region$$Table$$Limit                     0x08002670   Number         0  anon$$obj.o(Region$$Table)
    systemFunction                           0x20000010   Data           4  others.o(.data)
    enableSystemFunctionCycle                0x20000014   Data           1  others.o(.data)
    maxCycleNum                              0x20000018   Data           4  others.o(.data)
    cycleNumCount                            0x2000001c   Data           4  others.o(.data)
    SystickCount                             0x20000020   Data           4  others.o(.data)
    ClockDelayOpen                           0x20000024   Data           1  others.o(.data)
    startIndex                               0x20000028   Data           4  usart.o(.data)
    endIndex                                 0x2000002c   Data           4  usart.o(.data)
    orderInnerIndex                          0x20000030   Data           4  usart.o(.data)
    stateMachineLable                        0x20000034   Data           1  ultrasonic.o(.data)
    allDetectedFinish                        0x20000035   Data           1  ultrasonic.o(.data)
    isFinish                                 0x20000036   Data           1  ultrasonic.o(.data)
    isStart                                  0x20000037   Data           1  ultrasonic.o(.data)
    echoLength                               0x20000038   Data           2  ultrasonic.o(.data)
    ULT1                                     0x2000003c   Data           8  ultrasonic.o(.data)
    ULT2                                     0x20000044   Data           8  ultrasonic.o(.data)
    ULT3                                     0x2000004c   Data           8  ultrasonic.o(.data)
    ULT4                                     0x20000054   Data           8  ultrasonic.o(.data)
    MoveSpeedFactor                          0x2000005c   Data           4  motionanalysis.o(.data)
    RotateSpeedFactor                        0x20000060   Data           4  motionanalysis.o(.data)
    TranslateSpeedFactor                     0x20000064   Data           4  motionanalysis.o(.data)
    MoveMask                                 0x20000068   Data           1  motionanalysis.o(.data)
    TranslateMask                            0x20000069   Data           1  motionanalysis.o(.data)
    RotateMask                               0x2000006a   Data           1  motionanalysis.o(.data)
    orders                                   0x2000006c   Data         110  usart.o(.bss)
    WheelPIDInstance                         0x200000dc   Data         144  motionanalysis.o(.bss)
    __libspace_start                         0x2000016c   Data          96  libspace.o(.bss)
    __temporary_stack_top$libspace           0x200001cc   Data           0  libspace.o(.bss)



==============================================================================

Memory Map of the image

  Image Entry point : 0x08000229

  Load Region LR_1 (Base: 0x08000000, Size: 0x000026dc, Max: 0xffffffff, ABSOLUTE)

    Execution Region ER_RO (Exec base: 0x08000000, Load base: 0x08000000, Size: 0x00002670, Max: 0xffffffff, ABSOLUTE)

    Exec Addr    Load Addr    Size         Type   Attr      Idx    E Section Name        Object

    0x08000000   0x08000000   0x00000188   Data   RO            3    RESET               startup_stm32f40_41xxx.o
    0x08000188   0x08000188   0x00000008   Code   RO         6330  * !!!main             c_w.l(__main.o)
    0x08000190   0x08000190   0x00000034   Code   RO         6487    !!!scatter          c_w.l(__scatter.o)
    0x080001c4   0x080001c4   0x0000001a   Code   RO         6489    !!handler_copy      c_w.l(__scatter_copy.o)
    0x080001de   0x080001de   0x00000002   PAD
    0x080001e0   0x080001e0   0x0000001c   Code   RO         6491    !!handler_zi        c_w.l(__scatter_zi.o)
    0x080001fc   0x080001fc   0x00000002   Code   RO         6357    .ARM.Collect$$libinit$$00000000  c_w.l(libinit.o)
    0x080001fe   0x080001fe   0x00000004   Code   RO         6363    .ARM.Collect$$libinit$$00000001  c_w.l(libinit2.o)
    0x08000202   0x08000202   0x00000000   Code   RO         6366    .ARM.Collect$$libinit$$00000004  c_w.l(libinit2.o)
    0x08000202   0x08000202   0x00000000   Code   RO         6369    .ARM.Collect$$libinit$$0000000A  c_w.l(libinit2.o)
    0x08000202   0x08000202   0x00000000   Code   RO         6371    .ARM.Collect$$libinit$$0000000C  c_w.l(libinit2.o)
    0x08000202   0x08000202   0x00000000   Code   RO         6373    .ARM.Collect$$libinit$$0000000E  c_w.l(libinit2.o)
    0x08000202   0x08000202   0x00000000   Code   RO         6376    .ARM.Collect$$libinit$$00000011  c_w.l(libinit2.o)
    0x08000202   0x08000202   0x00000000   Code   RO         6378    .ARM.Collect$$libinit$$00000013  c_w.l(libinit2.o)
    0x08000202   0x08000202   0x00000000   Code   RO         6380    .ARM.Collect$$libinit$$00000015  c_w.l(libinit2.o)
    0x08000202   0x08000202   0x00000000   Code   RO         6382    .ARM.Collect$$libinit$$00000017  c_w.l(libinit2.o)
    0x08000202   0x08000202   0x00000000   Code   RO         6384    .ARM.Collect$$libinit$$00000019  c_w.l(libinit2.o)
    0x08000202   0x08000202   0x00000000   Code   RO         6386    .ARM.Collect$$libinit$$0000001B  c_w.l(libinit2.o)
    0x08000202   0x08000202   0x00000000   Code   RO         6388    .ARM.Collect$$libinit$$0000001D  c_w.l(libinit2.o)
    0x08000202   0x08000202   0x00000000   Code   RO         6390    .ARM.Collect$$libinit$$0000001F  c_w.l(libinit2.o)
    0x08000202   0x08000202   0x00000000   Code   RO         6392    .ARM.Collect$$libinit$$00000021  c_w.l(libinit2.o)
    0x08000202   0x08000202   0x00000000   Code   RO         6394    .ARM.Collect$$libinit$$00000023  c_w.l(libinit2.o)
    0x08000202   0x08000202   0x00000000   Code   RO         6396    .ARM.Collect$$libinit$$00000025  c_w.l(libinit2.o)
    0x08000202   0x08000202   0x00000000   Code   RO         6400    .ARM.Collect$$libinit$$0000002C  c_w.l(libinit2.o)
    0x08000202   0x08000202   0x00000000   Code   RO         6402    .ARM.Collect$$libinit$$0000002E  c_w.l(libinit2.o)
    0x08000202   0x08000202   0x00000000   Code   RO         6404    .ARM.Collect$$libinit$$00000030  c_w.l(libinit2.o)
    0x08000202   0x08000202   0x00000000   Code   RO         6406    .ARM.Collect$$libinit$$00000032  c_w.l(libinit2.o)
    0x08000202   0x08000202   0x00000002   Code   RO         6407    .ARM.Collect$$libinit$$00000033  c_w.l(libinit2.o)
    0x08000204   0x08000204   0x00000002   Code   RO         6427    .ARM.Collect$$libshutdown$$00000000  c_w.l(libshutdown.o)
    0x08000206   0x08000206   0x00000000   Code   RO         6440    .ARM.Collect$$libshutdown$$00000002  c_w.l(libshutdown2.o)
    0x08000206   0x08000206   0x00000000   Code   RO         6442    .ARM.Collect$$libshutdown$$00000004  c_w.l(libshutdown2.o)
    0x08000206   0x08000206   0x00000000   Code   RO         6445    .ARM.Collect$$libshutdown$$00000007  c_w.l(libshutdown2.o)
    0x08000206   0x08000206   0x00000000   Code   RO         6448    .ARM.Collect$$libshutdown$$0000000A  c_w.l(libshutdown2.o)
    0x08000206   0x08000206   0x00000000   Code   RO         6450    .ARM.Collect$$libshutdown$$0000000C  c_w.l(libshutdown2.o)
    0x08000206   0x08000206   0x00000000   Code   RO         6453    .ARM.Collect$$libshutdown$$0000000F  c_w.l(libshutdown2.o)
    0x08000206   0x08000206   0x00000002   Code   RO         6454    .ARM.Collect$$libshutdown$$00000010  c_w.l(libshutdown2.o)
    0x08000208   0x08000208   0x00000000   Code   RO         6332    .ARM.Collect$$rtentry$$00000000  c_w.l(__rtentry.o)
    0x08000208   0x08000208   0x00000000   Code   RO         6334    .ARM.Collect$$rtentry$$00000002  c_w.l(__rtentry2.o)
    0x08000208   0x08000208   0x00000006   Code   RO         6346    .ARM.Collect$$rtentry$$00000004  c_w.l(__rtentry4.o)
    0x0800020e   0x0800020e   0x00000000   Code   RO         6336    .ARM.Collect$$rtentry$$00000009  c_w.l(__rtentry2.o)
    0x0800020e   0x0800020e   0x00000004   Code   RO         6337    .ARM.Collect$$rtentry$$0000000A  c_w.l(__rtentry2.o)
    0x08000212   0x08000212   0x00000000   Code   RO         6339    .ARM.Collect$$rtentry$$0000000C  c_w.l(__rtentry2.o)
    0x08000212   0x08000212   0x00000008   Code   RO         6340    .ARM.Collect$$rtentry$$0000000D  c_w.l(__rtentry2.o)
    0x0800021a   0x0800021a   0x00000002   Code   RO         6361    .ARM.Collect$$rtexit$$00000000  c_w.l(rtexit.o)
    0x0800021c   0x0800021c   0x00000000   Code   RO         6409    .ARM.Collect$$rtexit$$00000002  c_w.l(rtexit2.o)
    0x0800021c   0x0800021c   0x00000004   Code   RO         6410    .ARM.Collect$$rtexit$$00000003  c_w.l(rtexit2.o)
    0x08000220   0x08000220   0x00000006   Code   RO         6411    .ARM.Collect$$rtexit$$00000004  c_w.l(rtexit2.o)
    0x08000226   0x08000226   0x00000002   PAD
    0x08000228   0x08000228   0x0000004c   Code   RO            4  * .text               startup_stm32f40_41xxx.o
    0x08000274   0x08000274   0x0000004e   Code   RO         6326    .text               c_w.l(rt_memclr_w.o)
    0x080002c2   0x080002c2   0x00000006   Code   RO         6328    .text               c_w.l(heapauxi.o)
    0x080002c8   0x080002c8   0x0000004a   Code   RO         6348    .text               c_w.l(sys_stackheap_outer.o)
    0x08000312   0x08000312   0x00000012   Code   RO         6350    .text               c_w.l(exit.o)
    0x08000324   0x08000324   0x00000008   Code   RO         6358    .text               c_w.l(libspace.o)
    0x0800032c   0x0800032c   0x0000000c   Code   RO         6419    .text               c_w.l(sys_exit.o)
    0x08000338   0x08000338   0x00000002   Code   RO         6430    .text               c_w.l(use_no_semi.o)
    0x0800033a   0x0800033a   0x00000000   Code   RO         6432    .text               c_w.l(indicate_semi.o)
    0x0800033a   0x0800033a   0x00000052   Code   RO         6237    i.ApplyMaskWithFactor  motionanalysis.o
    0x0800038c   0x0800038c   0x00000030   Code   RO         5513    i.BSPConfig         bsp.o
    0x080003bc   0x080003bc   0x00000004   Code   RO         5514    i.BSPTest           bsp.o
    0x080003c0   0x080003c0   0x00000004   Code   RO         5215    i.BusFault_Handler  stm32f4xx_it.o
    0x080003c4   0x080003c4   0x00000002   Code   RO         5216    i.DebugMon_Handler  stm32f4xx_it.o
    0x080003c6   0x080003c6   0x00000002   PAD
    0x080003c8   0x080003c8   0x0000003c   Code   RO         5543    i.Delay             others.o
    0x08000404   0x08000404   0x00000058   Code   RO         5544    i.DelayFunctionConfig  others.o
    0x0800045c   0x0800045c   0x00000022   Code   RO         5546    i.DelayS            others.o
    0x0800047e   0x0800047e   0x00000002   PAD
    0x08000480   0x08000480   0x0000000c   Code   RO         5547    i.EnableSystemFunctionCycle  others.o
    0x0800048c   0x0800048c   0x0000000c   Code   RO         5548    i.ErrorMessage      others.o
    0x08000498   0x08000498   0x00000064   Code   RO         6113    i.FinishOnePIDStep  pidcontroller.o
    0x080004fc   0x080004fc   0x00000090   Code   RO         1993    i.GPIO_Init         stm32f4xx_gpio.o
    0x0800058c   0x0800058c   0x00000046   Code   RO         1994    i.GPIO_PinAFConfig  stm32f4xx_gpio.o
    0x080005d2   0x080005d2   0x00000004   Code   RO         2000    i.GPIO_ResetBits    stm32f4xx_gpio.o
    0x080005d6   0x080005d6   0x00000004   Code   RO         2001    i.GPIO_SetBits      stm32f4xx_gpio.o
    0x080005da   0x080005da   0x0000000a   Code   RO         2005    i.GPIO_WriteBit     stm32f4xx_gpio.o
    0x080005e4   0x080005e4   0x00000036   Code   RO         5808    i.GetMontorSpeed    montordriver.o
    0x0800061a   0x0800061a   0x00000004   Code   RO         5217    i.HardFault_Handler  stm32f4xx_it.o
    0x0800061e   0x0800061e   0x0000001c   Code   RO         6114    i.InitOnePIDInstance  pidcontroller.o
    0x0800063a   0x0800063a   0x00000002   PAD
    0x0800063c   0x0800063c   0x00000120   Code   RO         6026    i.LCD12864Config    lcd12864.o
    0x0800075c   0x0800075c   0x00000094   Code   RO         6027    i.LCD12864DrawLogo  lcd12864.o
    0x080007f0   0x080007f0   0x00000110   Code   RO         6028    i.LCD12864NumDraw   lcd12864.o
    0x08000900   0x08000900   0x00000068   Code   RO         6030    i.LCDWrite          lcd12864.o
    0x08000968   0x08000968   0x00000054   Code   RO         5738    i.LineTrackConfig   linetrack.o
    0x080009bc   0x080009bc   0x00000004   Code   RO         5218    i.MemManage_Handler  stm32f4xx_it.o
    0x080009c0   0x080009c0   0x0000006c   Code   RO         6238    i.MontionAnalysisConfig  motionanalysis.o
    0x08000a2c   0x08000a2c   0x000002c0   Code   RO         5809    i.MontorDriverConfig  montordriver.o
    0x08000cec   0x08000cec   0x00000124   Code   RO         6240    i.MotionAnalysisOnStep  motionanalysis.o
    0x08000e10   0x08000e10   0x000000cc   Code   RO         5914    i.MpuConfig         mpu.o
    0x08000edc   0x08000edc   0x00000002   Code   RO         5219    i.NMI_Handler       stm32f4xx_it.o
    0x08000ede   0x08000ede   0x0000000c   Code   RO         5613    i.NVICConfig        others.o
    0x08000eea   0x08000eea   0x00000002   PAD
    0x08000eec   0x08000eec   0x00000078   Code   RO           13    i.NVIC_Init         misc.o
    0x08000f64   0x08000f64   0x00000014   Code   RO           14    i.NVIC_PriorityGroupConfig  misc.o
    0x08000f78   0x08000f78   0x00000002   Code   RO         5220    i.PendSV_Handler    stm32f4xx_it.o
    0x08000f7a   0x08000f7a   0x00000002   PAD
    0x08000f7c   0x08000f7c   0x00000020   Code   RO         2919    i.RCC_AHB1PeriphClockCmd  stm32f4xx_rcc.o
    0x08000f9c   0x08000f9c   0x00000020   Code   RO         2928    i.RCC_APB1PeriphClockCmd  stm32f4xx_rcc.o
    0x08000fbc   0x08000fbc   0x00000020   Code   RO         2931    i.RCC_APB2PeriphClockCmd  stm32f4xx_rcc.o
    0x08000fdc   0x08000fdc   0x000000e8   Code   RO         2940    i.RCC_GetClocksFreq  stm32f4xx_rcc.o
    0x080010c4   0x080010c4   0x00000034   Code   RO         5810    i.ResetEncoderNum   montordriver.o
    0x080010f8   0x080010f8   0x00000018   Code   RO         4077    i.SPI_Cmd           stm32f4xx_spi.o
    0x08001110   0x08001110   0x00000012   Code   RO         4085    i.SPI_I2S_GetFlagStatus  stm32f4xx_spi.o
    0x08001122   0x08001122   0x00000004   Code   RO         4089    i.SPI_I2S_SendData  stm32f4xx_spi.o
    0x08001126   0x08001126   0x0000003c   Code   RO         4090    i.SPI_Init          stm32f4xx_spi.o
    0x08001162   0x08001162   0x00000002   Code   RO         5221    i.SVC_Handler       stm32f4xx_it.o
    0x08001164   0x08001164   0x00000150   Code   RO         5875    i.ServerConfig      server.o
    0x080012b4   0x080012b4   0x00000014   Code   RO         5858    i.SetMontorAbsSpeed  montordriver.o
    0x080012c8   0x080012c8   0x00000024   Code   RO         5811    i.SetMontorRotation  montordriver.o
    0x080012ec   0x080012ec   0x0000002c   Code   RO         5812    i.SetMontorSpeed    montordriver.o
    0x08001318   0x08001318   0x000000ec   Code   RO         5284    i.SetSysClock       system_stm32f4xx.o
    0x08001404   0x08001404   0x00000014   Code   RO         5549    i.SetSystemFunctionCycle  others.o
    0x08001418   0x08001418   0x0000004c   Code   RO         5550    i.SysTick_Handler   others.o
    0x08001464   0x08001464   0x00000068   Code   RO         5286    i.SystemInit        system_stm32f4xx.o
    0x080014cc   0x080014cc   0x00000008   Code   RO         5421    i.SystermCallBack   test.o
    0x080014d4   0x080014d4   0x00000020   Code   RO         5422    i.SystermCallBackTest  test.o
    0x080014f4   0x080014f4   0x00000064   Code   RO         5619    i.SystickConfig     others.o
    0x08001558   0x08001558   0x0000003a   Code   RO         4299    i.TI1_Config        stm32f4xx_tim.o
    0x08001592   0x08001592   0x00000050   Code   RO         4300    i.TI2_Config        stm32f4xx_tim.o
    0x080015e2   0x080015e2   0x00000048   Code   RO         4301    i.TI3_Config        stm32f4xx_tim.o
    0x0800162a   0x0800162a   0x00000050   Code   RO         4302    i.TI4_Config        stm32f4xx_tim.o
    0x0800167a   0x0800167a   0x00000002   PAD
    0x0800167c   0x0800167c   0x00000028   Code   RO         5551    i.TIM6_DAC_IRQHandler  others.o
    0x080016a4   0x080016a4   0x00000002   Code   RO         5956    i.TIM8_BRK_TIM12_IRQHandler  ultrasonic.o
    0x080016a6   0x080016a6   0x00000002   Code   RO         5957    i.TIM8_TRG_COM_TIM14_IRQHandler  ultrasonic.o
    0x080016a8   0x080016a8   0x000000a0   Code   RO         5958    i.TIM8_UP_TIM13_IRQHandler  ultrasonic.o
    0x08001748   0x08001748   0x00000018   Code   RO         4303    i.TIM_ARRPreloadConfig  stm32f4xx_tim.o
    0x08001760   0x08001760   0x00000006   Code   RO         4310    i.TIM_ClearITPendingBit  stm32f4xx_tim.o
    0x08001766   0x08001766   0x00000018   Code   RO         4315    i.TIM_Cmd           stm32f4xx_tim.o
    0x0800177e   0x0800177e   0x0000001e   Code   RO         4317    i.TIM_CtrlPWMOutputs  stm32f4xx_tim.o
    0x0800179c   0x0800179c   0x00000042   Code   RO         4324    i.TIM_EncoderInterfaceConfig  stm32f4xx_tim.o
    0x080017de   0x080017de   0x00000006   Code   RO         4330    i.TIM_GetCapture1   stm32f4xx_tim.o
    0x080017e4   0x080017e4   0x00000006   Code   RO         4334    i.TIM_GetCounter    stm32f4xx_tim.o
    0x080017ea   0x080017ea   0x00000022   Code   RO         4336    i.TIM_GetITStatus   stm32f4xx_tim.o
    0x0800180c   0x0800180c   0x0000006e   Code   RO         4338    i.TIM_ICInit        stm32f4xx_tim.o
    0x0800187a   0x0800187a   0x00000012   Code   RO         4339    i.TIM_ICStructInit  stm32f4xx_tim.o
    0x0800188c   0x0800188c   0x00000012   Code   RO         4340    i.TIM_ITConfig      stm32f4xx_tim.o
    0x0800189e   0x0800189e   0x00000002   PAD
    0x080018a0   0x080018a0   0x0000007c   Code   RO         4344    i.TIM_OC1Init       stm32f4xx_tim.o
    0x0800191c   0x0800191c   0x00000012   Code   RO         4346    i.TIM_OC1PolarityConfig  stm32f4xx_tim.o
    0x0800192e   0x0800192e   0x00000012   Code   RO         4347    i.TIM_OC1PreloadConfig  stm32f4xx_tim.o
    0x08001940   0x08001940   0x000000a4   Code   RO         4349    i.TIM_OC2Init       stm32f4xx_tim.o
    0x080019e4   0x080019e4   0x0000001a   Code   RO         4352    i.TIM_OC2PreloadConfig  stm32f4xx_tim.o
    0x080019fe   0x080019fe   0x00000002   PAD
    0x08001a00   0x08001a00   0x000000a0   Code   RO         4354    i.TIM_OC3Init       stm32f4xx_tim.o
    0x08001aa0   0x08001aa0   0x00000012   Code   RO         4357    i.TIM_OC3PreloadConfig  stm32f4xx_tim.o
    0x08001ab2   0x08001ab2   0x00000002   PAD
    0x08001ab4   0x08001ab4   0x00000078   Code   RO         4359    i.TIM_OC4Init       stm32f4xx_tim.o
    0x08001b2c   0x08001b2c   0x0000001a   Code   RO         4361    i.TIM_OC4PreloadConfig  stm32f4xx_tim.o
    0x08001b46   0x08001b46   0x00000004   Code   RO         4377    i.TIM_SetCompare1   stm32f4xx_tim.o
    0x08001b4a   0x08001b4a   0x00000004   Code   RO         4378    i.TIM_SetCompare2   stm32f4xx_tim.o
    0x08001b4e   0x08001b4e   0x00000004   Code   RO         4379    i.TIM_SetCompare3   stm32f4xx_tim.o
    0x08001b52   0x08001b52   0x00000004   Code   RO         4380    i.TIM_SetCompare4   stm32f4xx_tim.o
    0x08001b56   0x08001b56   0x00000004   Code   RO         4381    i.TIM_SetCounter    stm32f4xx_tim.o
    0x08001b5a   0x08001b5a   0x00000012   Code   RO         4382    i.TIM_SetIC1Prescaler  stm32f4xx_tim.o
    0x08001b6c   0x08001b6c   0x0000001a   Code   RO         4383    i.TIM_SetIC2Prescaler  stm32f4xx_tim.o
    0x08001b86   0x08001b86   0x00000012   Code   RO         4384    i.TIM_SetIC3Prescaler  stm32f4xx_tim.o
    0x08001b98   0x08001b98   0x0000001a   Code   RO         4385    i.TIM_SetIC4Prescaler  stm32f4xx_tim.o
    0x08001bb2   0x08001bb2   0x00000002   PAD
    0x08001bb4   0x08001bb4   0x00000084   Code   RO         4387    i.TIM_TimeBaseInit  stm32f4xx_tim.o
    0x08001c38   0x08001c38   0x00000014   Code   RO         5659    i.USART1ClearReceive  usart.o
    0x08001c4c   0x08001c4c   0x000000b0   Code   RO         5660    i.USART1Config      usart.o
    0x08001cfc   0x08001cfc   0x0000002c   Code   RO         5662    i.USART1Send        usart.o
    0x08001d28   0x08001d28   0x000000c4   Code   RO         5666    i.USART1_IRQHandler  usart.o
    0x08001dec   0x08001dec   0x0000001e   Code   RO         4866    i.USART_ClearITPendingBit  stm32f4xx_usart.o
    0x08001e0a   0x08001e0a   0x00000018   Code   RO         4869    i.USART_Cmd         stm32f4xx_usart.o
    0x08001e22   0x08001e22   0x0000001a   Code   RO         4872    i.USART_GetFlagStatus  stm32f4xx_usart.o
    0x08001e3c   0x08001e3c   0x00000054   Code   RO         4873    i.USART_GetITStatus  stm32f4xx_usart.o
    0x08001e90   0x08001e90   0x0000004a   Code   RO         4875    i.USART_ITConfig    stm32f4xx_usart.o
    0x08001eda   0x08001eda   0x00000002   PAD
    0x08001edc   0x08001edc   0x000000d4   Code   RO         4876    i.USART_Init        stm32f4xx_usart.o
    0x08001fb0   0x08001fb0   0x0000000a   Code   RO         4883    i.USART_ReceiveData  stm32f4xx_usart.o
    0x08001fba   0x08001fba   0x00000008   Code   RO         4886    i.USART_SendData    stm32f4xx_usart.o
    0x08001fc2   0x08001fc2   0x00000004   Code   RO         5222    i.UsageFault_Handler  stm32f4xx_it.o
    0x08001fc6   0x08001fc6   0x00000002   PAD
    0x08001fc8   0x08001fc8   0x0000003c   Code   RO         5124    i.main              main.o
    0x08002004   0x08002004   0x0000000a   Code   RO         6417    x$fpl$fpinit        fz_wm.l(fpinit.o)
    0x0800200e   0x0800200e   0x00000002   PAD
    0x08002010   0x08002010   0x00000030   Data   RO         5813    .constdata          montordriver.o
    0x08002040   0x08002040   0x00000600   Data   RO         6031    .constdata          lcd12864.o
    0x08002640   0x08002640   0x0000000e   Data   RO         5552    .conststring        others.o
    0x0800264e   0x0800264e   0x00000002   PAD
    0x08002650   0x08002650   0x00000020   Data   RO         6485    Region$$Table       anon$$obj.o


    Execution Region ER_RW (Exec base: 0x20000000, Load base: 0x08002670, Size: 0x0000006c, Max: 0xffffffff, ABSOLUTE)

    Exec Addr    Load Addr    Size         Type   Attr      Idx    E Section Name        Object

    0x20000000   0x08002670   0x00000010   Data   RW         2972    .data               stm32f4xx_rcc.o
    0x20000010   0x08002680   0x00000015   Data   RW         5553    .data               others.o
    0x20000025   0x08002695   0x00000003   PAD
    0x20000028   0x08002698   0x0000000c   Data   RW         5668    .data               usart.o
    0x20000034   0x080026a4   0x00000028   Data   RW         5961    .data               ultrasonic.o
    0x2000005c   0x080026cc   0x0000000f   Data   RW         6242    .data               motionanalysis.o


    Execution Region ER_ZI (Exec base: 0x2000006c, Load base: 0x080026dc, Size: 0x00000764, Max: 0xffffffff, ABSOLUTE)

    Exec Addr    Load Addr    Size         Type   Attr      Idx    E Section Name        Object

    0x2000006c        -       0x0000006e   Zero   RW         5667    .bss                usart.o
    0x200000da   0x080026dc   0x00000002   PAD
    0x200000dc        -       0x00000090   Zero   RW         6241    .bss                motionanalysis.o
    0x2000016c        -       0x00000060   Zero   RW         6359    .bss                c_w.l(libspace.o)
    0x200001cc   0x080026dc   0x00000004   PAD
    0x200001d0        -       0x00000200   Zero   RW            2    HEAP                startup_stm32f40_41xxx.o
    0x200003d0        -       0x00000400   Zero   RW            1    STACK               startup_stm32f40_41xxx.o


==============================================================================

Image component sizes


      Code (inc. data)   RO Data    RW Data    ZI Data      Debug   Object Name

        52          0          0          0          0        894   bsp.o
       812         26       1536          0          0       3733   lcd12864.o
        84         10          0          0          0        530   linetrack.o
        60         12          0          0          0        903   main.o
       140         24          0          0          0     300595   misc.o
       910         58         48          0          0       5283   montordriver.o
       482         66          0         15        144       2733   motionanalysis.o
       204         10          0          0          0        628   mpu.o
       454         80         14         21          0      32180   others.o
       128          0          0          0          0       1760   pidcontroller.o
       336         22          0          0          0        731   server.o
        76         32        392          0       1536        864   startup_stm32f40_41xxx.o
       232          0          0          0          0       3431   stm32f4xx_gpio.o
        24          0          0          0          0       3484   stm32f4xx_it.o
       328         36          0         16          0       4607   stm32f4xx_rcc.o
       106          0          0          0          0       2908   stm32f4xx_spi.o
      1546         66          0          0          0      21083   stm32f4xx_tim.o
       468          8          0          0          0       5995   stm32f4xx_usart.o
       340         32          0          0          0       1561   system_stm32f4xx.o
        40          8          0          0          0        908   test.o
       164         16          0         40          0       2381   ultrasonic.o
       436         38          0         12        110       2994   usart.o

    ----------------------------------------------------------------------
      7446        544       2024        108       1792     400186   Object Totals
         0          0         32          0          0          0   (incl. Generated)
        24          0          2          4          2          0   (incl. Padding)

    ----------------------------------------------------------------------

      Code (inc. data)   RO Data    RW Data    ZI Data      Debug   Library Member Name

         8          0          0          0          0         68   __main.o
         0          0          0          0          0          0   __rtentry.o
        12          0          0          0          0          0   __rtentry2.o
         6          0          0          0          0          0   __rtentry4.o
        52          8          0          0          0          0   __scatter.o
        26          0          0          0          0          0   __scatter_copy.o
        28          0          0          0          0          0   __scatter_zi.o
        18          0          0          0          0         80   exit.o
         6          0          0          0          0        152   heapauxi.o
         0          0          0          0          0          0   indicate_semi.o
         2          0          0          0          0          0   libinit.o
         6          0          0          0          0          0   libinit2.o
         2          0          0          0          0          0   libshutdown.o
         2          0          0          0          0          0   libshutdown2.o
         8          4          0          0         96         68   libspace.o
        78          0          0          0          0         80   rt_memclr_w.o
         2          0          0          0          0          0   rtexit.o
        10          0          0          0          0          0   rtexit2.o
        12          4          0          0          0         68   sys_exit.o
        74          0          0          0          0         80   sys_stackheap_outer.o
         2          0          0          0          0         68   use_no_semi.o
        10          0          0          0          0        116   fpinit.o

    ----------------------------------------------------------------------
       370         16          0          0        100        780   Library Totals
         6          0          0          0          4          0   (incl. Padding)

    ----------------------------------------------------------------------

      Code (inc. data)   RO Data    RW Data    ZI Data      Debug   Library Name

       354         16          0          0         96        664   c_w.l
        10          0          0          0          0        116   fz_wm.l

    ----------------------------------------------------------------------
       370         16          0          0        100        780   Library Totals

    ----------------------------------------------------------------------

==============================================================================


      Code (inc. data)   RO Data    RW Data    ZI Data      Debug   

      7816        560       2024        108       1892     390858   Grand Totals
      7816        560       2024        108       1892     390858   ELF Image Totals
      7816        560       2024        108          0          0   ROM Totals

==============================================================================

    Total RO  Size (Code + RO Data)                 9840 (   9.61kB)
    Total RW  Size (RW Data + ZI Data)              2000 (   1.95kB)
    Total ROM Size (Code + RO Data + RW Data)       9948 (   9.71kB)

==============================================================================

